guest@bity:~$ dmesg
[    0.000000] Booting Linux on physical CPU 0x0000000000 [0x610f0000]
[    0.000000] Linux version 6.12.74+deb13+1-cloud-arm64 (debian-kernel@lists.debian.org) (aarch64-linux-gnu-gcc-14 (Debian 14.2.0-19) 14.2.0, GNU ld (GNU Binutils for Debian) 2.44) #1 SMP Debian 6.12.74-2 (2026-03-08)
[    0.000000] KASLR enabled
[    0.000000] efi: EFI v2.7 by EDK II
[    0.000000] efi: SMBIOS 3.0=0x13fed0000 MEMATTR=0x13e86e018 ACPI 2.0=0x13cb43018 MOKvar=0x13c680000 INITRD=0x13cb40298 RNG=0x13cb43198 MEMRESERVE=0x13cb40198 
[    0.000000] random: crng init done
[    0.000000] secureboot: Secure boot disabled
[    0.000000] ACPI: Early table checksum verification disabled
[    0.000000] ACPI: RSDP 0x000000013CB43018 000024 (v02 BOCHS )
[    0.000000] ACPI: XSDT 0x000000013CB43F18 000064 (v01 BOCHS  BXPC     00000001      01000013)
[    0.000000] ACPI: FACP 0x000000013CB43B18 000114 (v06 BOCHS  BXPC     00000001 BXPC 00000001)
[    0.000000] ACPI: DSDT 0x000000013CB41018 001584 (v02 BOCHS  BXPC     00000001 BXPC 00000001)
[    0.000000] ACPI: APIC 0x000000013CB43C98 00019C (v04 BOCHS  BXPC     00000001 BXPC 00000001)
[    0.000000] ACPI: PPTT 0x000000013CB43098 00009C (v02 BOCHS  BXPC     00000001 BXPC 00000001)
[    0.000000] ACPI: GTDT 0x000000013CB43818 000068 (v03 BOCHS  BXPC     00000001 BXPC 00000001)
[    0.000000] ACPI: MCFG 0x000000013CB43A98 00003C (v01 BOCHS  BXPC     00000001 BXPC 00000001)
[    0.000000] ACPI: SPCR 0x000000013CB43918 000050 (v02 BOCHS  BXPC     00000001 BXPC 00000001)
[    0.000000] ACPI: DBG2 0x000000013CB43998 000057 (v00 BOCHS  BXPC     00000001 BXPC 00000001)
[    0.000000] ACPI: IORT 0x000000013CB43A18 000054 (v05 BOCHS  BXPC     00000001 BXPC 00000001)
[    0.000000] ACPI: SPCR: console: pl011,mmio32,0x9000000,9600
[    0.000000] ACPI: Use ACPI SPCR as default console: Yes
[    0.000000] NUMA: Faking a node at [mem 0x0000000040000000-0x000000013fffffff]
[    0.000000] NODE_DATA(0) allocated [mem 0x13f6538c0-0x13f656fff]
[    0.000000] Zone ranges:
[    0.000000]   DMA      [mem 0x0000000040000000-0x00000000ffffffff]
[    0.000000]   DMA32    empty
[    0.000000]   Normal   [mem 0x0000000100000000-0x000000013fffffff]
[    0.000000]   Device   empty
[    0.000000] Movable zone start for each node
[    0.000000] Early memory node ranges
[    0.000000]   node   0: [mem 0x0000000040000000-0x000000013c67ffff]
[    0.000000]   node   0: [mem 0x000000013c680000-0x000000013c68ffff]
[    0.000000]   node   0: [mem 0x000000013c690000-0x000000013c76ffff]
[    0.000000]   node   0: [mem 0x000000013c770000-0x000000013cb3ffff]
[    0.000000]   node   0: [mem 0x000000013cb40000-0x000000013fe1ffff]
[    0.000000]   node   0: [mem 0x000000013fe20000-0x000000013feaffff]
[    0.000000]   node   0: [mem 0x000000013feb0000-0x000000013febffff]
[    0.000000]   node   0: [mem 0x000000013fec0000-0x000000013ffdffff]
[    0.000000]   node   0: [mem 0x000000013ffe0000-0x000000013fffffff]
[    0.000000] Initmem setup node 0 [mem 0x0000000040000000-0x000000013fffffff]
[    0.000000] cma: Reserved 64 MiB at 0x00000000fc000000 on node -1
[    0.000000] psci: probing for conduit method from ACPI.
[    0.000000] psci: PSCIv1.1 detected in firmware.
[    0.000000] psci: Using standard PSCI v0.2 function IDs
[    0.000000] psci: Trusted OS migration not required
[    0.000000] psci: SMC Calling Convention v1.0
[    0.000000] percpu: Embedded 34 pages/cpu s99800 r8192 d31272 u139264
[    0.000000] pcpu-alloc: s99800 r8192 d31272 u139264 alloc=34*4096
[    0.000000] pcpu-alloc: [0] 0 [0] 1 [0] 2 [0] 3 
[    0.000000] Detected PIPT I-cache on CPU0
[    0.000000] CPU features: detected: Address authentication (IMP DEF algorithm)
[    0.000000] CPU features: detected: Spectre-v4
[    0.000000] CPU features: detected: Spectre-BHB
[    0.000000] alternatives: applying boot alternatives
[    0.000000] Kernel command line: BOOT_IMAGE=/boot/vmlinuz-6.12.74+deb13+1-cloud-arm64 root=PARTUUID=1c0ffee5-dead-4bee-8faf-0000deadbeef ro
[    0.000000] Dentry cache hash table entries: 524288 (order: 10, 4194304 bytes, linear)
[    0.000000] Inode-cache hash table entries: 262144 (order: 9, 2097152 bytes, linear)
[    0.000000] Fallback order for Node 0: 0 
[    0.000000] Built 1 zonelists, mobility grouping on.  Total pages: 1048576
[    0.000000] Policy zone: Normal
[    0.000000] mem auto-init: stack:all(zero), heap alloc:on, heap free:off
[    0.000000] software IO TLB: area num 4.
[    0.000000] software IO TLB: mapped [mem 0x00000000f8000000-0x00000000fc000000] (64MB)
[    0.000000] SLUB: HWalign=64, Order=0-3, MinObjects=0, CPUs=4, Nodes=1
[    0.000000] ftrace: allocating 44185 entries in 173 pages
[    0.000000] ftrace: allocated 173 pages with 5 groups
[    0.000000] rcu: Hierarchical RCU implementation.
[    0.000000] rcu: 	RCU restricting CPUs from NR_CPUS=512 to nr_cpu_ids=4.
[    0.000000] 	Rude variant of Tasks RCU enabled.
[    0.000000] 	Tracing variant of Tasks RCU enabled.
[    0.000000] rcu: RCU calculated value of scheduler-enlistment delay is 25 jiffies.
[    0.000000] rcu: Adjusting geometry for rcu_fanout_leaf=16, nr_cpu_ids=4
[    0.000000] RCU Tasks Rude: Setting shift to 2 and lim to 1 rcu_task_cb_adjust=1 rcu_task_cpu_ids=4.
[    0.000000] RCU Tasks Trace: Setting shift to 2 and lim to 1 rcu_task_cb_adjust=1 rcu_task_cpu_ids=4.
[    0.000000] NR_IRQS: 64, nr_irqs: 64, preallocated irqs: 0
[    0.000000] Root IRQ handler: gic_handle_irq
[    0.000000] GICv2m: ACPI overriding V2M MSI_TYPER (base:80, num:64)
[    0.000000] GICv2m: range[mem 0x08020000-0x08020fff], SPI[80:143]
[    0.000000] rcu: srcu_init: Setting srcu_struct sizes based on contention.
[    0.000000] arch_timer: cp15 timer(s) running at 24.00MHz (virt).
[    0.000000] clocksource: arch_sys_counter: mask: 0xffffffffffffff max_cycles: 0x588fe9dc0, max_idle_ns: 440795202592 ns
[    0.000000] sched_clock: 56 bits at 24MHz, resolution 41ns, wraps every 4398046511097ns
[    0.000030] Console: colour dummy device 80x25
[    0.000039] ACPI: Core revision 20240827
[    0.000050] Calibrating delay loop (skipped), value calculated using timer frequency.. 48.00 BogoMIPS (lpj=96000)
[    0.000051] pid_max: default: 32768 minimum: 301
[    0.000063] LSM: initializing lsm=lockdown,capability,landlock,yama,apparmor,tomoyo,bpf,ipe,ima,evm
[    0.000096] landlock: Up and running.
[    0.000096] Yama: disabled by default; enable with sysctl kernel.yama.*
[    0.000139] AppArmor: AppArmor initialized
[    0.000155] TOMOYO Linux initialized
[    0.000281] LSM support for eBPF active
[    0.000311] Mount-cache hash table entries: 8192 (order: 4, 65536 bytes, linear)
[    0.000312] Mountpoint-cache hash table entries: 8192 (order: 4, 65536 bytes, linear)
[    0.000506] rcu: Hierarchical SRCU implementation.
[    0.000506] rcu: 	Max phase no-delay instances is 1000.
[    0.000521] Timer migration: 1 hierarchy levels; 8 children per group; 1 crossnode level
[    0.000588] Remapping and enabling EFI services.
[    0.000634] smp: Bringing up secondary CPUs ...
[    0.000766] Detected PIPT I-cache on CPU1
[    0.000829] CPU1: Booted secondary processor 0x0000000001 [0x610f0000]
[    0.001032] Detected PIPT I-cache on CPU2
[    0.001097] CPU2: Booted secondary processor 0x0000000002 [0x610f0000]
[    0.001271] Detected PIPT I-cache on CPU3
[    0.001345] CPU3: Booted secondary processor 0x0000000003 [0x610f0000]
[    0.001413] smp: Brought up 1 node, 4 CPUs
[    0.001414] SMP: Total of 4 processors activated.
[    0.001414] CPU: All CPU(s) started at EL1
[    0.001416] CPU features: detected: Branch Target Identification
[    0.001417] CPU features: detected: ARMv8.4 Translation Table Level
[    0.001417] CPU features: detected: Data cache clean to the PoU not required for I/D coherence
[    0.001418] CPU features: detected: Common not Private translations
[    0.001418] CPU features: detected: CRC32 instructions
[    0.001418] CPU features: detected: Data cache clean to Point of Deep Persistence
[    0.001418] CPU features: detected: Data cache clean to Point of Persistence
[    0.001418] CPU features: detected: Data independent timing control (DIT)
[    0.001419] CPU features: detected: E0PD
[    0.001419] CPU features: detected: Enhanced Privileged Access Never
[    0.001420] CPU features: detected: Generic authentication (IMP DEF algorithm)
[    0.001420] CPU features: detected: RCpc load-acquire (LDAPR)
[    0.001420] CPU features: detected: LSE atomic instructions
[    0.001420] CPU features: detected: Privileged Access Never
[    0.001421] CPU features: detected: RAS Extension Support
[    0.001421] CPU features: detected: Speculation barrier (SB)
[    0.001421] CPU features: detected: TLB range maintenance instructions
[    0.001488] alternatives: applying system-wide alternatives
[    0.002291] node 0 deferred pages initialised in 0ms
[    0.002382] Memory: 3922824K/4194304K available (14208K kernel code, 2774K rwdata, 10740K rodata, 2112K init, 908K bss, 201300K reserved, 65536K cma-reserved)
[    0.002586] devtmpfs: initialized
[    0.002784] setend instruction emulation is not supported on this system
[    0.002833] clocksource: jiffies: mask: 0xffffffff max_cycles: 0xffffffff, max_idle_ns: 7645041785100000 ns
[    0.002835] futex hash table entries: 1024 (order: 4, 65536 bytes, linear)
[    0.002899] 2G module region forced by RANDOMIZE_MODULE_REGION_FULL
[    0.002899] 0 pages in range for non-PLT usage
[    0.002899] 516544 pages in range for PLT usage
[    0.002916] pinctrl core: initialized pinctrl subsystem
[    0.002946] SMBIOS 3.0.0 present.
[    0.002947] DMI: QEMU QEMU Virtual Machine, BIOS edk2-stable202408-prebuilt.qemu.org 08/13/2024
[    0.002949] DMI: Memory slots populated: 1/1
[    0.003718] NET: Registered PF_NETLINK/PF_ROUTE protocol family
[    0.004123] DMA: preallocated 512 KiB GFP_KERNEL pool for atomic allocations
[    0.004142] DMA: preallocated 512 KiB GFP_KERNEL|GFP_DMA pool for atomic allocations
[    0.004166] DMA: preallocated 512 KiB GFP_KERNEL|GFP_DMA32 pool for atomic allocations
[    0.004170] audit: initializing netlink subsys (disabled)
[    0.004263] audit: type=2000 audit(0.004:1): state=initialized audit_enabled=0 res=1
[    0.004292] thermal_sys: Registered thermal governor 'fair_share'
[    0.004293] thermal_sys: Registered thermal governor 'bang_bang'
[    0.004293] thermal_sys: Registered thermal governor 'step_wise'
[    0.004293] thermal_sys: Registered thermal governor 'user_space'
[    0.004297] cpuidle: using governor ladder
[    0.004298] cpuidle: using governor menu
[    0.004307] hw-breakpoint: found 6 breakpoint and 4 watchpoint registers.
[    0.004419] ASID allocator initialised with 65536 entries
[    0.004432] acpiphp: ACPI Hot Plug PCI Controller Driver version: 0.5
[    0.004437] Serial: AMBA PL011 UART driver
[    0.004809] HugeTLB: registered 1.00 GiB page size, pre-allocated 0 pages
[    0.004809] HugeTLB: 0 KiB vmemmap can be freed for a 1.00 GiB page
[    0.004810] HugeTLB: registered 32.0 MiB page size, pre-allocated 0 pages
[    0.004811] HugeTLB: 0 KiB vmemmap can be freed for a 32.0 MiB page
[    0.004811] HugeTLB: registered 2.00 MiB page size, pre-allocated 0 pages
[    0.004811] HugeTLB: 0 KiB vmemmap can be freed for a 2.00 MiB page
[    0.004811] HugeTLB: registered 64.0 KiB page size, pre-allocated 0 pages
[    0.004812] HugeTLB: 0 KiB vmemmap can be freed for a 64.0 KiB page
[    0.005315] ACPI: Added _OSI(Module Device)
[    0.005315] ACPI: Added _OSI(Processor Device)
[    0.005316] ACPI: Added _OSI(Processor Aggregator Device)
[    0.005470] ACPI: 1 ACPI AML tables successfully acquired and loaded
[    0.005632] ACPI: Interpreter enabled
[    0.005632] ACPI: Using GIC for interrupt routing
[    0.005636] ACPI: MCFG table detected, 1 entries
[    0.006049] ACPI: CPU0 has been hot-added
[    0.006055] ACPI: CPU1 has been hot-added
[    0.006059] ACPI: CPU2 has been hot-added
[    0.006066] ACPI: CPU3 has been hot-added
[    0.006101] ARMH0011:00: ttyAMA0 at MMIO 0x9000000 (irq = 12, base_baud = 0) is a SBSA
[    0.006104] printk: legacy console [ttyAMA0] enabled
[    0.043449] ACPI: PCI: Interrupt link L000 configured for IRQ 35
[    0.043653] ACPI: PCI: Interrupt link L001 configured for IRQ 36
[    0.043877] ACPI: PCI: Interrupt link L002 configured for IRQ 37
[    0.044077] ACPI: PCI: Interrupt link L003 configured for IRQ 38
[    0.044278] ACPI: PCI Root Bridge [PCI0] (domain 0000 [bus 00-ff])
[    0.044541] acpi PNP0A08:00: _OSC: OS supports [ExtendedConfig ASPM ClockPM Segments MSI HPX-Type3]
[    0.044853] acpi PNP0A08:00: _OSC: platform does not support [LTR]
[    0.045086] acpi PNP0A08:00: _OSC: OS now controls [PCIeHotplug PME AER PCIeCapability]
[    0.045425] acpi PNP0A08:00: ECAM area [mem 0x4010000000-0x401fffffff] reserved by PNP0C02:00
[    0.045728] acpi PNP0A08:00: ECAM at [mem 0x4010000000-0x401fffffff] for [bus 00-ff]
[    0.045992] ACPI: Remapped I/O 0x000000003eff0000 to [io  0x0000-0xffff window]
[    0.046318] PCI host bridge to bus 0000:00
[    0.046456] pci_bus 0000:00: root bus resource [mem 0x10000000-0x3efeffff window]
[    0.046700] pci_bus 0000:00: root bus resource [io  0x0000-0xffff window]
[    0.046920] pci_bus 0000:00: root bus resource [mem 0x8000000000-0xffffffffff window]
[    0.047174] pci_bus 0000:00: root bus resource [bus 00-ff]
[    0.047360] pci 0000:00:00.0: [1b36:0008] type 00 class 0x060000 conventional PCI endpoint
[    0.047702] pci 0000:00:01.0: [1af4:1004] type 00 class 0x010000 conventional PCI endpoint
[    0.048106] pci 0000:00:01.0: BAR 0 [io  0x00c0-0x00ff]
[    0.048485] pci 0000:00:01.0: BAR 1 [mem 0x10044000-0x10044fff]
[    0.048973] pci 0000:00:01.0: BAR 4 [mem 0x8000000000-0x8000003fff 64bit pref]
[    0.049481] pci 0000:00:02.0: [1af4:1000] type 00 class 0x020000 conventional PCI endpoint
[    0.049868] pci 0000:00:02.0: BAR 0 [io  0x0120-0x013f]
[    0.050130] pci 0000:00:02.0: BAR 1 [mem 0x10043000-0x10043fff]
[    0.050622] pci 0000:00:02.0: BAR 4 [mem 0x8000004000-0x8000007fff 64bit pref]
[    0.051028] pci 0000:00:02.0: ROM [mem 0xfffc0000-0xffffffff pref]
[    0.051331] pci 0000:00:03.0: [1af4:1005] type 00 class 0x00ff00 conventional PCI endpoint
[    0.051709] pci 0000:00:03.0: BAR 0 [io  0x0100-0x011f]
[    0.051970] pci 0000:00:03.0: BAR 1 [mem 0x10042000-0x10042fff]
[    0.052514] pci 0000:00:03.0: BAR 4 [mem 0x8000008000-0x800000bfff 64bit pref]
[    0.052917] pci 0000:00:04.0: [1b36:0002] type 00 class 0x070002 conventional PCI endpoint
[    0.053331] pci 0000:00:04.0: BAR 0 [io  0x0140-0x0147]
[    0.053653] pci 0000:00:05.0: [1af4:1003] type 00 class 0x078000 conventional PCI endpoint
[    0.054044] pci 0000:00:05.0: BAR 0 [io  0x0080-0x00bf]
[    0.054324] pci 0000:00:05.0: BAR 1 [mem 0x10041000-0x10041fff]
[    0.054849] pci 0000:00:05.0: BAR 4 [mem 0x800000c000-0x800000ffff 64bit pref]
[    0.055254] pci 0000:00:06.0: [1af4:1001] type 00 class 0x010000 conventional PCI endpoint
[    0.055615] pci 0000:00:06.0: BAR 0 [io  0x0000-0x007f]
[    0.055872] pci 0000:00:06.0: BAR 1 [mem 0x10040000-0x10040fff]
[    0.056326] pci 0000:00:06.0: BAR 4 [mem 0x8000010000-0x8000013fff 64bit pref]
[    0.056734] pci 0000:00:02.0: ROM [mem 0x10000000-0x1003ffff pref]: assigned
[    0.056966] pci 0000:00:01.0: BAR 4 [mem 0x8000000000-0x8000003fff 64bit pref]: assigned
[    0.057276] pci 0000:00:02.0: BAR 4 [mem 0x8000004000-0x8000007fff 64bit pref]: assigned
[    0.057545] pci 0000:00:03.0: BAR 4 [mem 0x8000008000-0x800000bfff 64bit pref]: assigned
[    0.057848] pci 0000:00:05.0: BAR 4 [mem 0x800000c000-0x800000ffff 64bit pref]: assigned
[    0.058121] pci 0000:00:06.0: BAR 4 [mem 0x8000010000-0x8000013fff 64bit pref]: assigned
[    0.058485] pci 0000:00:01.0: BAR 1 [mem 0x10040000-0x10040fff]: assigned
[    0.058710] pci 0000:00:02.0: BAR 1 [mem 0x10041000-0x10041fff]: assigned
[    0.058955] pci 0000:00:03.0: BAR 1 [mem 0x10042000-0x10042fff]: assigned
[    0.059179] pci 0000:00:05.0: BAR 1 [mem 0x10043000-0x10043fff]: assigned
[    0.059406] pci 0000:00:06.0: BAR 1 [mem 0x10044000-0x10044fff]: assigned
[    0.059947] pci 0000:00:06.0: BAR 0 [io  0x1000-0x107f]: assigned
[    0.060237] pci 0000:00:01.0: BAR 0 [io  0x1080-0x10bf]: assigned
[    0.060518] pci 0000:00:05.0: BAR 0 [io  0x10c0-0x10ff]: assigned
[    0.060799] pci 0000:00:02.0: BAR 0 [io  0x1100-0x111f]: assigned
[    0.061090] pci 0000:00:03.0: BAR 0 [io  0x1120-0x113f]: assigned
[    0.061374] pci 0000:00:04.0: BAR 0 [io  0x1140-0x1147]: assigned
[    0.061576] pci_bus 0000:00: resource 4 [mem 0x10000000-0x3efeffff window]
[    0.061800] pci_bus 0000:00: resource 5 [io  0x0000-0xffff window]
[    0.062024] pci_bus 0000:00: resource 6 [mem 0x8000000000-0xffffffffff window]
[    0.062571] iommu: Default domain type: Translated
[    0.062764] iommu: DMA domain TLB invalidation policy: strict mode
[    0.063126] pps_core: LinuxPPS API ver. 1 registered
[    0.063290] pps_core: Software ver. 5.3.6 - Copyright 2005-2007 Rodolfo Giometti <giometti@linux.it>
[    0.063598] PTP clock support registered
[    0.063731] scmi_core: SCMI protocol bus registered
[    0.063934] efivars: Registered efivars operations
[    0.064166] NetLabel: Initializing
[    0.064278] NetLabel:  domain hash size = 128
[    0.064419] NetLabel:  protocols = UNLABELED CIPSOv4 CALIPSO
[    0.064607] NetLabel:  unlabeled traffic allowed by default
[    0.064914] vgaarb: loaded
[    0.065147] clocksource: Switched to clocksource arch_sys_counter
[    0.065620] VFS: Disk quotas dquot_6.6.0
[    0.065759] VFS: Dquot-cache hash table entries: 512 (order 0, 4096 bytes)
[    0.066252] AppArmor: AppArmor Filesystem Enabled
[    0.066419] pnp: PnP ACPI init
[    0.066544] system 00:00: [mem 0x4010000000-0x401fffffff window] could not be reserved
[    0.066809] pnp: PnP ACPI: found 1 devices
[    0.070158] NET: Registered PF_INET protocol family
[    0.070346] IP idents hash table entries: 65536 (order: 7, 524288 bytes, linear)
[    0.075335] tcp_listen_portaddr_hash hash table entries: 2048 (order: 3, 32768 bytes, linear)
[    0.075722] Table-perturb hash table entries: 65536 (order: 6, 262144 bytes, linear)
[    0.076005] TCP established hash table entries: 32768 (order: 6, 262144 bytes, linear)
[    0.076318] TCP bind hash table entries: 32768 (order: 8, 1048576 bytes, linear)
[    0.076581] TCP: Hash tables configured (established 32768 bind 32768)
[    0.076814] MPTCP token hash table entries: 4096 (order: 5, 98304 bytes, linear)
[    0.077062] UDP hash table entries: 2048 (order: 4, 65536 bytes, linear)
[    0.077306] UDP-Lite hash table entries: 2048 (order: 4, 65536 bytes, linear)
[    0.077552] NET: Registered PF_UNIX/PF_LOCAL protocol family
[    0.077756] NET: Registered PF_XDP protocol family
[    0.077923] PCI: CLS 0 bytes, default 64
[    0.078273] Trying to unpack rootfs image as initramfs...
[    0.081207] kvm [1]: HYP mode not available
[    0.081594] Initialise system trusted keyrings
[    0.081755] Key type blacklist registered
[    0.082008] workingset: timestamp_bits=42 max_order=20 bucket_order=0
[    0.082361] fuse: init (API version 7.41)
[    0.082685] integrity: Platform Keyring initialized
[    0.082859] integrity: Machine keyring initialized
[    0.091701] Key type asymmetric registered
[    0.091864] Asymmetric key parser 'x509' registered
[    0.111088] Freeing initrd memory: 17808K
[    0.113376] Block layer SCSI generic (bsg) driver version 0.4 loaded (major 246)
[    0.115207] input: Power Button as /devices/LNXSYSTM:00/LNXSYBUS:00/PNP0C0C:00/input/input0
[    0.115511] ACPI: button: Power Button [PWRB]
[    0.115951] ACPI: \_SB_.L001: Enabled at IRQ 36
[    0.116121] virtio-pci 0000:00:01.0: enabling device (0005 -> 0007)
[    0.116631] ACPI: \_SB_.L002: Enabled at IRQ 37
[    0.116784] virtio-pci 0000:00:02.0: enabling device (0005 -> 0007)
[    0.117234] ACPI: \_SB_.L003: Enabled at IRQ 38
[    0.117452] virtio-pci 0000:00:03.0: enabling device (0005 -> 0007)
[    0.117893] virtio-pci 0000:00:05.0: enabling device (0005 -> 0007)
[    0.118342] virtio-pci 0000:00:06.0: enabling device (0005 -> 0007)
[    0.118821] Serial: 8250/16550 driver, 4 ports, IRQ sharing enabled
[    0.119318] ACPI: \_SB_.L000: Enabled at IRQ 35
[    0.119493] serial 0000:00:04.0: enabling device (0000 -> 0001)
[    0.140740] 0000:00:04.0: ttyS0 at I/O 0x1140 (irq = 45, base_baud = 115200) is a 16550A
[    0.141138] Serial: AMBA driver
[    0.141299] msm_serial: driver initialized
[    0.142451] Key type psk registered
[    0.143122] rtc-efi rtc-efi.0: registered as rtc0
[    0.143316] rtc-efi rtc-efi.0: setting system clock to 2026-07-05T05:14:11 UTC (1783228451)
[    0.143727] NET: Registered PF_INET6 protocol family
[    0.145786] Segment Routing with IPv6
[    0.145920] In-situ OAM (IOAM) with IPv6
[    0.146102] mip6: Mobile IPv6
[    0.146203] NET: Registered PF_PACKET protocol family
[    0.146939] registered taskstats version 1
[    0.147135] Loading compiled-in X.509 certificates
[    0.152974] Loaded X.509 cert 'Build time autogenerated kernel key: e55a87260ba26203efd80902bf36670cb67bf3a6'
[    0.153998] Demotion targets for Node 0: null
[    0.154246] Key type .fscrypt registered
[    0.154388] Key type fscrypt-provisioning registered
[    0.160468] Key type encrypted registered
[    0.160613] AppArmor: AppArmor sha256 policy hashing enabled
[    0.160965] ima: secureboot mode disabled
[    0.161105] ima: No TPM chip found, activating TPM-bypass!
[    0.161305] ima: Allocated hash algorithm: sha256
[    0.161463] ima: No architecture policies found
[    0.161624] evm: Initialising EVM extended attributes:
[    0.161820] evm: security.selinux
[    0.161937] evm: security.SMACK64 (disabled)
[    0.162255] evm: security.SMACK64EXEC (disabled)
[    0.162417] evm: security.SMACK64TRANSMUTE (disabled)
[    0.162579] evm: security.SMACK64MMAP (disabled)
[    0.162751] evm: security.apparmor
[    0.162860] evm: security.ima
[    0.162955] evm: security.capability
[    0.163070] evm: HMAC attrs: 0x1
[    0.173500] clk: Disabling unused clocks
[    0.173660] PM: genpd: Disabling unused power domains
[    0.174332] Freeing unused kernel memory: 2112K
[    0.177602] Checked W+X mappings: passed, no W+X pages found
[    0.178132] Run /init as init process
[    0.178256]   with arguments:
[    0.178257]     /init
[    0.178258]   with environment:
[    0.178258]     HOME=/
[    0.178258]     TERM=linux
[    0.236609] virtio_blk virtio4: 4/0/0 default/read/poll queues
[    0.237198] virtio_blk virtio4: [vda] 209715200 512-byte logical blocks (107 GB/100 GiB)
[    0.239477]  vda: vda1 vda15
[    0.239653] SCSI subsystem initialized
[    0.242689] virtio_net virtio1 enp0s2: renamed from eth0
[    0.242711] virtio_scsi virtio0: 4/0/0 default/read/poll queues
[    0.246182] scsi host0: Virtio SCSI HBA
[    0.246863] scsi 0:0:0:0: CD-ROM            QEMU     QEMU CD-ROM      2.5+ PQ: 0 ANSI: 5
[    0.265557] sr 0:0:0:0: Power-on or device reset occurred
[    0.265891] sr 0:0:0:0: [sr0] scsi3-mmc drive: 16x/50x cd/rw xa/form2 cdda tray
[    0.266178] cdrom: Uniform CD-ROM driver Revision: 3.20
[    0.266724] sr 0:0:0:0: Attached scsi CD-ROM sr0
[    0.379425] EXT4-fs (vda1): orphan cleanup on readonly fs
[    0.379765] EXT4-fs (vda1): mounted filesystem 1c0ffee5-dead-4bee-8faf-0000deadbeef ro with ordered data mode. Quota mode: none.
[    0.401294] Not activating Mandatory Access Control as /sbin/tomoyo-init does not exist.
[    0.434233] systemd[1]: Inserted module 'autofs4'
[    0.456580] systemd[1]: systemd 257.9-1~deb13u1 running in system mode (+PAM +AUDIT +SELINUX +APPARMOR +IMA +IPE +SMACK +SECCOMP +GCRYPT -GNUTLS +OPENSSL +ACL +BLKID +CURL +ELFUTILS +FIDO2 +IDN2 -IDN +IPTC +KMOD +LIBCRYPTSETUP +LIBCRYPTSETUP_PLUGINS +LIBFDISK +PCRE2 +PWQUALITY +P11KIT +QRENCODE +TPM2 +BZIP2 +LZ4 +XZ +ZLIB +ZSTD +BPF_FRAMEWORK +BTF -XKBCOMMON -UTMP +SYSVINIT +LIBARCHIVE)
[    0.458085] systemd[1]: Detected virtualization qemu.
[    0.458281] systemd[1]: Detected architecture arm64.
[    0.460099] systemd[1]: Hostname set to <bity>.
[    0.573703] systemd[1]: bpf-restrict-fs: LSM BPF program attached
[    0.691674] NET: Registered PF_VSOCK protocol family
[    0.742298] systemd[1]: Queued start job for default target graphical.target.
[    0.771282] systemd[1]: Created slice system-getty.slice - Slice /system/getty.
[    0.772089] systemd[1]: Created slice system-modprobe.slice - Slice /system/modprobe.
[    0.772844] systemd[1]: Created slice system-serial\x2dgetty.slice - Slice /system/serial-getty.
[    0.773711] systemd[1]: Created slice system-systemd\x2dfsck.slice - Slice /system/systemd-fsck.
[    0.774505] systemd[1]: Created slice user.slice - User and Session Slice.
[    0.775161] systemd[1]: Started systemd-ask-password-console.path - Dispatch Password Requests to Console Directory Watch.
[    0.775986] systemd[1]: Started systemd-ask-password-wall.path - Forward Password Requests to Wall Directory Watch.
[    0.777006] systemd[1]: Set up automount proc-sys-fs-binfmt_misc.automount - Arbitrary Executable File Formats File System Automount Point.
[    0.778178] systemd[1]: Expecting device dev-disk-by\x2dpartuuid-61c63606\x2d03a2\x2d4056\x2d864b\x2d648d9f493707.device - /dev/disk/by-partuuid/1c0ffee5-dead-4bee-8faf-0000deadbeef...
[    0.779141] systemd[1]: Expecting device dev-hvc0.device - /dev/hvc0...
[    0.779640] systemd[1]: Expecting device dev-ttyAMA0.device - /dev/ttyAMA0...
[    0.780197] systemd[1]: Reached target paths.target - Path Units.
[    0.780700] systemd[1]: Reached target remote-fs.target - Remote File Systems.
[    0.781303] systemd[1]: Reached target slices.target - Slice Units.
[    0.781839] systemd[1]: Reached target swap.target - Swaps.
[    0.782748] systemd[1]: Listening on systemd-creds.socket - Credential Encryption/Decryption.
[    0.783451] systemd[1]: Listening on systemd-initctl.socket - initctl Compatibility Named Pipe.
[    0.784152] systemd[1]: Listening on systemd-journald-dev-log.socket - Journal Socket (/dev/log).
[    0.784853] systemd[1]: Listening on systemd-journald.socket - Journal Sockets.
[    0.785512] systemd[1]: Listening on systemd-networkd.socket - Network Service Netlink Socket.
[    0.786182] systemd[1]: systemd-pcrextend.socket - TPM PCR Measurements was skipped because of an unmet condition check (ConditionSecurity=measured-uki).
[    0.786802] systemd[1]: systemd-pcrlock.socket - Make TPM PCR Policy was skipped because of an unmet condition check (ConditionSecurity=measured-uki).
[    0.787341] systemd[1]: Listening on systemd-udevd-control.socket - udev Control Socket.
[    0.787989] systemd[1]: Listening on systemd-udevd-kernel.socket - udev Kernel Socket.
[    0.789101] systemd[1]: Mounting dev-hugepages.mount - Huge Pages File System...
[    0.790140] systemd[1]: Mounting dev-mqueue.mount - POSIX Message Queue File System...
[    0.791112] systemd[1]: Mounting run-lock.mount - Legacy Locks Directory /run/lock...
[    0.792094] systemd[1]: Mounting sys-kernel-debug.mount - Kernel Debug File System...
[    0.794876] systemd[1]: Mounting sys-kernel-tracing.mount - Kernel Trace File System...
[    0.795809] systemd[1]: Mounting tmp.mount - Temporary Directory /tmp...
[    0.796603] systemd[1]: Starting kmod-static-nodes.service - Create List of Static Device Nodes...
[    0.797651] systemd[1]: Starting modprobe@configfs.service - Load Kernel Module configfs...
[    0.798598] systemd[1]: Starting modprobe@drm.service - Load Kernel Module drm...
[    0.799624] systemd[1]: Starting modprobe@efi_pstore.service - Load Kernel Module efi_pstore...
[    0.800916] systemd[1]: Starting modprobe@fuse.service - Load Kernel Module fuse...
[    0.802646] systemd[1]: netplan-ovs-cleanup.service - OpenVSwitch configuration for cleanup was skipped because of an unmet condition check (ConditionFileIsExecutable=/usr/bin/ovs-vsctl).
[    0.803290] systemd[1]: systemd-fsck-root.service - File System Check on Root Device was skipped because of an unmet condition check (ConditionPathExists=!/run/initramfs/fsck-root).
[    0.804133] systemd[1]: systemd-hibernate-clear.service - Clear Stale Hibernate Storage Info was skipped because of an unmet condition check (ConditionPathExists=/sys/firmware/efi/efivars/HibernateLocation-1c0ffee5-dead-4bee-8faf-0000deadbeef).
[    0.805491] pstore: Using crash dump compression: deflate
[    0.806559] systemd[1]: Starting systemd-journald.service - Journal Service...
[    0.808803] pstore: Registered efi_pstore as persistent store backend
[    0.809218] systemd[1]: Starting systemd-modules-load.service - Load Kernel Modules...
[    0.810565] systemd[1]: Starting systemd-network-generator.service - Generate network units from Kernel command line...
[    0.811745] systemd[1]: systemd-pcrmachine.service - TPM PCR Machine ID Measurement was skipped because of an unmet condition check (ConditionSecurity=measured-uki).
[    0.812880] systemd[1]: Starting systemd-remount-fs.service - Remount Root and Kernel File Systems...
[    0.814668] systemd[1]: systemd-tpm2-setup-early.service - Early TPM SRK Setup was skipped because of an unmet condition check (ConditionSecurity=measured-uki).
[    0.816275] systemd[1]: Starting systemd-udev-load-credentials.service - Load udev Rules from Credentials...
[    0.817846] systemd[1]: Starting systemd-udev-trigger.service - Coldplug All udev Devices...
[    0.819140] systemd-journald[308]: Collecting audit messages is disabled.
[    0.820670] systemd[1]: Mounted dev-hugepages.mount - Huge Pages File System.
[    0.821847] systemd[1]: Mounted dev-mqueue.mount - POSIX Message Queue File System.
[    0.822647] systemd[1]: Mounted run-lock.mount - Legacy Locks Directory /run/lock.
[    0.823264] systemd[1]: Mounted sys-kernel-debug.mount - Kernel Debug File System.
[    0.823889] systemd[1]: Mounted sys-kernel-tracing.mount - Kernel Trace File System.
[    0.824460] systemd[1]: Mounted tmp.mount - Temporary Directory /tmp.
[    0.825048] systemd[1]: Finished kmod-static-nodes.service - Create List of Static Device Nodes.
[    0.826035] EXT4-fs (vda1): re-mounted 1c0ffee5-dead-4bee-8faf-0000deadbeef r/w.
[    0.826928] systemd[1]: Started systemd-journald.service - Journal Service.
[    0.863646] EXT4-fs (vda1): resizing filesystem from 26181627 to 26181627 blocks
[    0.864693] systemd-journald[308]: Received client request to flush runtime journal.
[    0.929732] virtio_net virtio1 eth0: renamed from enp0s2
[    0.937033] sr 0:0:0:0: Attached scsi generic sg0 type 5
[    1.180258] ISO 9660 Extensions: IEEE_P1282
[    1.941803] audit: type=1400 audit(1783228453.296:2): apparmor="STATUS" operation="profile_load" profile="unconfined" name="1password" pid=477 comm="apparmor_parser"
[    1.943734] audit: type=1400 audit(1783228453.296:3): apparmor="STATUS" operation="profile_load" profile="unconfined" name="Discord" pid=478 comm="apparmor_parser"
[    1.946516] audit: type=1400 audit(1783228453.296:4): apparmor="STATUS" operation="profile_load" profile="unconfined" name=4D6F6E676F444220436F6D70617373 pid=479 comm="apparmor_parser"
[    1.948134] audit: type=1400 audit(1783228453.296:5): apparmor="STATUS" operation="profile_load" profile="unconfined" name="QtWebEngineProcess" pid=480 comm="apparmor_parser"
[    1.950235] audit: type=1400 audit(1783228453.296:6): apparmor="STATUS" operation="profile_load" profile="unconfined" name="brave" pid=486 comm="apparmor_parser"
[    1.951720] audit: type=1400 audit(1783228453.296:7): apparmor="STATUS" operation="profile_load" profile="unconfined" name="balena-etcher" pid=485 comm="apparmor_parser"
[    1.953321] audit: type=1400 audit(1783228453.296:8): apparmor="STATUS" operation="profile_load" profile="unconfined" name="buildah" pid=487 comm="apparmor_parser"
[    1.954417] audit: type=1400 audit(1783228453.296:9): apparmor="STATUS" operation="profile_load" profile="unconfined" name="busybox" pid=488 comm="apparmor_parser"
[    1.955371] audit: type=1400 audit(1783228453.296:10): apparmor="STATUS" operation="profile_load" profile="unconfined" name="cam" pid=489 comm="apparmor_parser"
[    2.928684] ISO 9660 Extensions: IEEE_P1282
[    2.941967] tun: Universal TUN/TAP device driver, 1.6
[    2.959932] bridge: filtering via arp/ip/ip6tables is no longer available by default. Update your scripts to load br_netfilter if you need this.
[    5.344627] overlayfs: failed to set xattr on upper
[    5.345004] overlayfs: ...falling back to redirect_dir=nofollow.
[    5.345390] overlayfs: ...falling back to uuid=null.
[    5.345908] overlayfs: try mounting with 'userxattr' option
[    5.407828] buildkit0: port 1(vetha23c2aff) entered blocking state
[    5.408242] buildkit0: port 1(vetha23c2aff) entered disabled state
[    5.408481] vetha23c2aff: entered allmulticast mode
[    5.408690] vetha23c2aff: entered promiscuous mode
[    5.416765] buildkit0: port 1(vetha23c2aff) entered blocking state
[    5.417040] buildkit0: port 1(vetha23c2aff) entered forwarding state
[   13.166689] systemd-journald[308]: Time jumped backwards, rotating.
guest@bity:~$ dmesg -T
[Sat Jul  4 22:14:09 2026] Booting Linux on physical CPU 0x0000000000 [0x610f0000]
[Sat Jul  4 22:14:09 2026] Linux version 6.12.74+deb13+1-cloud-arm64 (debian-kernel@lists.debian.org) (aarch64-linux-gnu-gcc-14 (Debian 14.2.0-19) 14.2.0, GNU ld (GNU Binutils for Debian) 2.44) #1 SMP Debian 6.12.74-2 (2026-03-08)
[Sat Jul  4 22:14:09 2026] KASLR enabled
[Sat Jul  4 22:14:09 2026] efi: EFI v2.7 by EDK II
[Sat Jul  4 22:14:09 2026] efi: SMBIOS 3.0=0x13fed0000 MEMATTR=0x13e86e018 ACPI 2.0=0x13cb43018 MOKvar=0x13c680000 INITRD=0x13cb40298 RNG=0x13cb43198 MEMRESERVE=0x13cb40198 
[Sat Jul  4 22:14:09 2026] random: crng init done
[Sat Jul  4 22:14:09 2026] secureboot: Secure boot disabled
[Sat Jul  4 22:14:09 2026] ACPI: Early table checksum verification disabled
[Sat Jul  4 22:14:09 2026] ACPI: RSDP 0x000000013CB43018 000024 (v02 BOCHS )
[Sat Jul  4 22:14:09 2026] ACPI: XSDT 0x000000013CB43F18 000064 (v01 BOCHS  BXPC     00000001      01000013)
[Sat Jul  4 22:14:09 2026] ACPI: FACP 0x000000013CB43B18 000114 (v06 BOCHS  BXPC     00000001 BXPC 00000001)
[Sat Jul  4 22:14:09 2026] ACPI: DSDT 0x000000013CB41018 001584 (v02 BOCHS  BXPC     00000001 BXPC 00000001)
[Sat Jul  4 22:14:09 2026] ACPI: APIC 0x000000013CB43C98 00019C (v04 BOCHS  BXPC     00000001 BXPC 00000001)
[Sat Jul  4 22:14:09 2026] ACPI: PPTT 0x000000013CB43098 00009C (v02 BOCHS  BXPC     00000001 BXPC 00000001)
[Sat Jul  4 22:14:09 2026] ACPI: GTDT 0x000000013CB43818 000068 (v03 BOCHS  BXPC     00000001 BXPC 00000001)
[Sat Jul  4 22:14:09 2026] ACPI: MCFG 0x000000013CB43A98 00003C (v01 BOCHS  BXPC     00000001 BXPC 00000001)
[Sat Jul  4 22:14:09 2026] ACPI: SPCR 0x000000013CB43918 000050 (v02 BOCHS  BXPC     00000001 BXPC 00000001)
[Sat Jul  4 22:14:09 2026] ACPI: DBG2 0x000000013CB43998 000057 (v00 BOCHS  BXPC     00000001 BXPC 00000001)
[Sat Jul  4 22:14:09 2026] ACPI: IORT 0x000000013CB43A18 000054 (v05 BOCHS  BXPC     00000001 BXPC 00000001)
[Sat Jul  4 22:14:09 2026] ACPI: SPCR: console: pl011,mmio32,0x9000000,9600
[Sat Jul  4 22:14:09 2026] ACPI: Use ACPI SPCR as default console: Yes
[Sat Jul  4 22:14:09 2026] NUMA: Faking a node at [mem 0x0000000040000000-0x000000013fffffff]
[Sat Jul  4 22:14:09 2026] NODE_DATA(0) allocated [mem 0x13f6538c0-0x13f656fff]
[Sat Jul  4 22:14:09 2026] Zone ranges:
[Sat Jul  4 22:14:09 2026]   DMA      [mem 0x0000000040000000-0x00000000ffffffff]
[Sat Jul  4 22:14:09 2026]   DMA32    empty
[Sat Jul  4 22:14:09 2026]   Normal   [mem 0x0000000100000000-0x000000013fffffff]
[Sat Jul  4 22:14:09 2026]   Device   empty
[Sat Jul  4 22:14:09 2026] Movable zone start for each node
[Sat Jul  4 22:14:09 2026] Early memory node ranges
[Sat Jul  4 22:14:09 2026]   node   0: [mem 0x0000000040000000-0x000000013c67ffff]
[Sat Jul  4 22:14:09 2026]   node   0: [mem 0x000000013c680000-0x000000013c68ffff]
[Sat Jul  4 22:14:09 2026]   node   0: [mem 0x000000013c690000-0x000000013c76ffff]
[Sat Jul  4 22:14:09 2026]   node   0: [mem 0x000000013c770000-0x000000013cb3ffff]
[Sat Jul  4 22:14:09 2026]   node   0: [mem 0x000000013cb40000-0x000000013fe1ffff]
[Sat Jul  4 22:14:09 2026]   node   0: [mem 0x000000013fe20000-0x000000013feaffff]
[Sat Jul  4 22:14:09 2026]   node   0: [mem 0x000000013feb0000-0x000000013febffff]
[Sat Jul  4 22:14:09 2026]   node   0: [mem 0x000000013fec0000-0x000000013ffdffff]
[Sat Jul  4 22:14:09 2026]   node   0: [mem 0x000000013ffe0000-0x000000013fffffff]
[Sat Jul  4 22:14:09 2026] Initmem setup node 0 [mem 0x0000000040000000-0x000000013fffffff]
[Sat Jul  4 22:14:09 2026] cma: Reserved 64 MiB at 0x00000000fc000000 on node -1
[Sat Jul  4 22:14:09 2026] psci: probing for conduit method from ACPI.
[Sat Jul  4 22:14:09 2026] psci: PSCIv1.1 detected in firmware.
[Sat Jul  4 22:14:09 2026] psci: Using standard PSCI v0.2 function IDs
[Sat Jul  4 22:14:09 2026] psci: Trusted OS migration not required
[Sat Jul  4 22:14:09 2026] psci: SMC Calling Convention v1.0
[Sat Jul  4 22:14:09 2026] percpu: Embedded 34 pages/cpu s99800 r8192 d31272 u139264
[Sat Jul  4 22:14:09 2026] pcpu-alloc: s99800 r8192 d31272 u139264 alloc=34*4096
[Sat Jul  4 22:14:09 2026] pcpu-alloc: [0] 0 [0] 1 [0] 2 [0] 3 
[Sat Jul  4 22:14:09 2026] Detected PIPT I-cache on CPU0
[Sat Jul  4 22:14:09 2026] CPU features: detected: Address authentication (IMP DEF algorithm)
[Sat Jul  4 22:14:09 2026] CPU features: detected: Spectre-v4
[Sat Jul  4 22:14:09 2026] CPU features: detected: Spectre-BHB
[Sat Jul  4 22:14:09 2026] alternatives: applying boot alternatives
[Sat Jul  4 22:14:09 2026] Kernel command line: BOOT_IMAGE=/boot/vmlinuz-6.12.74+deb13+1-cloud-arm64 root=PARTUUID=1c0ffee5-dead-4bee-8faf-0000deadbeef ro
[Sat Jul  4 22:14:09 2026] Dentry cache hash table entries: 524288 (order: 10, 4194304 bytes, linear)
[Sat Jul  4 22:14:09 2026] Inode-cache hash table entries: 262144 (order: 9, 2097152 bytes, linear)
[Sat Jul  4 22:14:09 2026] Fallback order for Node 0: 0 
[Sat Jul  4 22:14:09 2026] Built 1 zonelists, mobility grouping on.  Total pages: 1048576
[Sat Jul  4 22:14:09 2026] Policy zone: Normal
[Sat Jul  4 22:14:09 2026] mem auto-init: stack:all(zero), heap alloc:on, heap free:off
[Sat Jul  4 22:14:09 2026] software IO TLB: area num 4.
[Sat Jul  4 22:14:09 2026] software IO TLB: mapped [mem 0x00000000f8000000-0x00000000fc000000] (64MB)
[Sat Jul  4 22:14:09 2026] SLUB: HWalign=64, Order=0-3, MinObjects=0, CPUs=4, Nodes=1
[Sat Jul  4 22:14:09 2026] ftrace: allocating 44185 entries in 173 pages
[Sat Jul  4 22:14:09 2026] ftrace: allocated 173 pages with 5 groups
[Sat Jul  4 22:14:09 2026] rcu: Hierarchical RCU implementation.
[Sat Jul  4 22:14:09 2026] rcu: 	RCU restricting CPUs from NR_CPUS=512 to nr_cpu_ids=4.
[Sat Jul  4 22:14:09 2026] 	Rude variant of Tasks RCU enabled.
[Sat Jul  4 22:14:09 2026] 	Tracing variant of Tasks RCU enabled.
[Sat Jul  4 22:14:09 2026] rcu: RCU calculated value of scheduler-enlistment delay is 25 jiffies.
[Sat Jul  4 22:14:09 2026] rcu: Adjusting geometry for rcu_fanout_leaf=16, nr_cpu_ids=4
[Sat Jul  4 22:14:09 2026] RCU Tasks Rude: Setting shift to 2 and lim to 1 rcu_task_cb_adjust=1 rcu_task_cpu_ids=4.
[Sat Jul  4 22:14:09 2026] RCU Tasks Trace: Setting shift to 2 and lim to 1 rcu_task_cb_adjust=1 rcu_task_cpu_ids=4.
[Sat Jul  4 22:14:09 2026] NR_IRQS: 64, nr_irqs: 64, preallocated irqs: 0
[Sat Jul  4 22:14:09 2026] Root IRQ handler: gic_handle_irq
[Sat Jul  4 22:14:09 2026] GICv2m: ACPI overriding V2M MSI_TYPER (base:80, num:64)
[Sat Jul  4 22:14:09 2026] GICv2m: range[mem 0x08020000-0x08020fff], SPI[80:143]
[Sat Jul  4 22:14:09 2026] rcu: srcu_init: Setting srcu_struct sizes based on contention.
[Sat Jul  4 22:14:09 2026] arch_timer: cp15 timer(s) running at 24.00MHz (virt).
[Sat Jul  4 22:14:09 2026] clocksource: arch_sys_counter: mask: 0xffffffffffffff max_cycles: 0x588fe9dc0, max_idle_ns: 440795202592 ns
[Sat Jul  4 22:14:09 2026] sched_clock: 56 bits at 24MHz, resolution 41ns, wraps every 4398046511097ns
[Sat Jul  4 22:14:09 2026] Console: colour dummy device 80x25
[Sat Jul  4 22:14:09 2026] ACPI: Core revision 20240827
[Sat Jul  4 22:14:09 2026] Calibrating delay loop (skipped), value calculated using timer frequency.. 48.00 BogoMIPS (lpj=96000)
[Sat Jul  4 22:14:09 2026] pid_max: default: 32768 minimum: 301
[Sat Jul  4 22:14:09 2026] LSM: initializing lsm=lockdown,capability,landlock,yama,apparmor,tomoyo,bpf,ipe,ima,evm
[Sat Jul  4 22:14:09 2026] landlock: Up and running.
[Sat Jul  4 22:14:09 2026] Yama: disabled by default; enable with sysctl kernel.yama.*
[Sat Jul  4 22:14:09 2026] AppArmor: AppArmor initialized
[Sat Jul  4 22:14:09 2026] TOMOYO Linux initialized
[Sat Jul  4 22:14:09 2026] LSM support for eBPF active
[Sat Jul  4 22:14:09 2026] Mount-cache hash table entries: 8192 (order: 4, 65536 bytes, linear)
[Sat Jul  4 22:14:09 2026] Mountpoint-cache hash table entries: 8192 (order: 4, 65536 bytes, linear)
[Sat Jul  4 22:14:09 2026] rcu: Hierarchical SRCU implementation.
[Sat Jul  4 22:14:09 2026] rcu: 	Max phase no-delay instances is 1000.
[Sat Jul  4 22:14:09 2026] Timer migration: 1 hierarchy levels; 8 children per group; 1 crossnode level
[Sat Jul  4 22:14:09 2026] Remapping and enabling EFI services.
[Sat Jul  4 22:14:09 2026] smp: Bringing up secondary CPUs ...
[Sat Jul  4 22:14:09 2026] Detected PIPT I-cache on CPU1
[Sat Jul  4 22:14:09 2026] CPU1: Booted secondary processor 0x0000000001 [0x610f0000]
[Sat Jul  4 22:14:09 2026] Detected PIPT I-cache on CPU2
[Sat Jul  4 22:14:09 2026] CPU2: Booted secondary processor 0x0000000002 [0x610f0000]
[Sat Jul  4 22:14:09 2026] Detected PIPT I-cache on CPU3
[Sat Jul  4 22:14:09 2026] CPU3: Booted secondary processor 0x0000000003 [0x610f0000]
[Sat Jul  4 22:14:09 2026] smp: Brought up 1 node, 4 CPUs
[Sat Jul  4 22:14:09 2026] SMP: Total of 4 processors activated.
[Sat Jul  4 22:14:09 2026] CPU: All CPU(s) started at EL1
[Sat Jul  4 22:14:09 2026] CPU features: detected: Branch Target Identification
[Sat Jul  4 22:14:09 2026] CPU features: detected: ARMv8.4 Translation Table Level
[Sat Jul  4 22:14:09 2026] CPU features: detected: Data cache clean to the PoU not required for I/D coherence
[Sat Jul  4 22:14:09 2026] CPU features: detected: Common not Private translations
[Sat Jul  4 22:14:09 2026] CPU features: detected: CRC32 instructions
[Sat Jul  4 22:14:09 2026] CPU features: detected: Data cache clean to Point of Deep Persistence
[Sat Jul  4 22:14:09 2026] CPU features: detected: Data cache clean to Point of Persistence
[Sat Jul  4 22:14:09 2026] CPU features: detected: Data independent timing control (DIT)
[Sat Jul  4 22:14:09 2026] CPU features: detected: E0PD
[Sat Jul  4 22:14:09 2026] CPU features: detected: Enhanced Privileged Access Never
[Sat Jul  4 22:14:09 2026] CPU features: detected: Generic authentication (IMP DEF algorithm)
[Sat Jul  4 22:14:09 2026] CPU features: detected: RCpc load-acquire (LDAPR)
[Sat Jul  4 22:14:09 2026] CPU features: detected: LSE atomic instructions
[Sat Jul  4 22:14:09 2026] CPU features: detected: Privileged Access Never
[Sat Jul  4 22:14:09 2026] CPU features: detected: RAS Extension Support
[Sat Jul  4 22:14:09 2026] CPU features: detected: Speculation barrier (SB)
[Sat Jul  4 22:14:09 2026] CPU features: detected: TLB range maintenance instructions
[Sat Jul  4 22:14:09 2026] alternatives: applying system-wide alternatives
[Sat Jul  4 22:14:09 2026] node 0 deferred pages initialised in 0ms
[Sat Jul  4 22:14:09 2026] Memory: 3922824K/4194304K available (14208K kernel code, 2774K rwdata, 10740K rodata, 2112K init, 908K bss, 201300K reserved, 65536K cma-reserved)
[Sat Jul  4 22:14:09 2026] devtmpfs: initialized
[Sat Jul  4 22:14:09 2026] setend instruction emulation is not supported on this system
[Sat Jul  4 22:14:09 2026] clocksource: jiffies: mask: 0xffffffff max_cycles: 0xffffffff, max_idle_ns: 7645041785100000 ns
[Sat Jul  4 22:14:09 2026] futex hash table entries: 1024 (order: 4, 65536 bytes, linear)
[Sat Jul  4 22:14:09 2026] 2G module region forced by RANDOMIZE_MODULE_REGION_FULL
[Sat Jul  4 22:14:09 2026] 0 pages in range for non-PLT usage
[Sat Jul  4 22:14:09 2026] 516544 pages in range for PLT usage
[Sat Jul  4 22:14:09 2026] pinctrl core: initialized pinctrl subsystem
[Sat Jul  4 22:14:09 2026] SMBIOS 3.0.0 present.
[Sat Jul  4 22:14:09 2026] DMI: QEMU QEMU Virtual Machine, BIOS edk2-stable202408-prebuilt.qemu.org 08/13/2024
[Sat Jul  4 22:14:09 2026] DMI: Memory slots populated: 1/1
[Sat Jul  4 22:14:09 2026] NET: Registered PF_NETLINK/PF_ROUTE protocol family
[Sat Jul  4 22:14:09 2026] DMA: preallocated 512 KiB GFP_KERNEL pool for atomic allocations
[Sat Jul  4 22:14:09 2026] DMA: preallocated 512 KiB GFP_KERNEL|GFP_DMA pool for atomic allocations
[Sat Jul  4 22:14:09 2026] DMA: preallocated 512 KiB GFP_KERNEL|GFP_DMA32 pool for atomic allocations
[Sat Jul  4 22:14:09 2026] audit: initializing netlink subsys (disabled)
[Sat Jul  4 22:14:09 2026] audit: type=2000 audit(0.004:1): state=initialized audit_enabled=0 res=1
[Sat Jul  4 22:14:09 2026] thermal_sys: Registered thermal governor 'fair_share'
[Sat Jul  4 22:14:09 2026] thermal_sys: Registered thermal governor 'bang_bang'
[Sat Jul  4 22:14:09 2026] thermal_sys: Registered thermal governor 'step_wise'
[Sat Jul  4 22:14:09 2026] thermal_sys: Registered thermal governor 'user_space'
[Sat Jul  4 22:14:09 2026] cpuidle: using governor ladder
[Sat Jul  4 22:14:09 2026] cpuidle: using governor menu
[Sat Jul  4 22:14:09 2026] hw-breakpoint: found 6 breakpoint and 4 watchpoint registers.
[Sat Jul  4 22:14:09 2026] ASID allocator initialised with 65536 entries
[Sat Jul  4 22:14:09 2026] acpiphp: ACPI Hot Plug PCI Controller Driver version: 0.5
[Sat Jul  4 22:14:09 2026] Serial: AMBA PL011 UART driver
[Sat Jul  4 22:14:09 2026] HugeTLB: registered 1.00 GiB page size, pre-allocated 0 pages
[Sat Jul  4 22:14:09 2026] HugeTLB: 0 KiB vmemmap can be freed for a 1.00 GiB page
[Sat Jul  4 22:14:09 2026] HugeTLB: registered 32.0 MiB page size, pre-allocated 0 pages
[Sat Jul  4 22:14:09 2026] HugeTLB: 0 KiB vmemmap can be freed for a 32.0 MiB page
[Sat Jul  4 22:14:09 2026] HugeTLB: registered 2.00 MiB page size, pre-allocated 0 pages
[Sat Jul  4 22:14:09 2026] HugeTLB: 0 KiB vmemmap can be freed for a 2.00 MiB page
[Sat Jul  4 22:14:09 2026] HugeTLB: registered 64.0 KiB page size, pre-allocated 0 pages
[Sat Jul  4 22:14:09 2026] HugeTLB: 0 KiB vmemmap can be freed for a 64.0 KiB page
[Sat Jul  4 22:14:09 2026] ACPI: Added _OSI(Module Device)
[Sat Jul  4 22:14:09 2026] ACPI: Added _OSI(Processor Device)
[Sat Jul  4 22:14:09 2026] ACPI: Added _OSI(Processor Aggregator Device)
[Sat Jul  4 22:14:09 2026] ACPI: 1 ACPI AML tables successfully acquired and loaded
[Sat Jul  4 22:14:09 2026] ACPI: Interpreter enabled
[Sat Jul  4 22:14:09 2026] ACPI: Using GIC for interrupt routing
[Sat Jul  4 22:14:09 2026] ACPI: MCFG table detected, 1 entries
[Sat Jul  4 22:14:09 2026] ACPI: CPU0 has been hot-added
[Sat Jul  4 22:14:09 2026] ACPI: CPU1 has been hot-added
[Sat Jul  4 22:14:09 2026] ACPI: CPU2 has been hot-added
[Sat Jul  4 22:14:09 2026] ACPI: CPU3 has been hot-added
[Sat Jul  4 22:14:09 2026] ARMH0011:00: ttyAMA0 at MMIO 0x9000000 (irq = 12, base_baud = 0) is a SBSA
[Sat Jul  4 22:14:09 2026] printk: legacy console [ttyAMA0] enabled
[Sat Jul  4 22:14:09 2026] ACPI: PCI: Interrupt link L000 configured for IRQ 35
[Sat Jul  4 22:14:09 2026] ACPI: PCI: Interrupt link L001 configured for IRQ 36
[Sat Jul  4 22:14:09 2026] ACPI: PCI: Interrupt link L002 configured for IRQ 37
[Sat Jul  4 22:14:09 2026] ACPI: PCI: Interrupt link L003 configured for IRQ 38
[Sat Jul  4 22:14:09 2026] ACPI: PCI Root Bridge [PCI0] (domain 0000 [bus 00-ff])
[Sat Jul  4 22:14:09 2026] acpi PNP0A08:00: _OSC: OS supports [ExtendedConfig ASPM ClockPM Segments MSI HPX-Type3]
[Sat Jul  4 22:14:09 2026] acpi PNP0A08:00: _OSC: platform does not support [LTR]
[Sat Jul  4 22:14:09 2026] acpi PNP0A08:00: _OSC: OS now controls [PCIeHotplug PME AER PCIeCapability]
[Sat Jul  4 22:14:09 2026] acpi PNP0A08:00: ECAM area [mem 0x4010000000-0x401fffffff] reserved by PNP0C02:00
[Sat Jul  4 22:14:09 2026] acpi PNP0A08:00: ECAM at [mem 0x4010000000-0x401fffffff] for [bus 00-ff]
[Sat Jul  4 22:14:09 2026] ACPI: Remapped I/O 0x000000003eff0000 to [io  0x0000-0xffff window]
[Sat Jul  4 22:14:09 2026] PCI host bridge to bus 0000:00
[Sat Jul  4 22:14:09 2026] pci_bus 0000:00: root bus resource [mem 0x10000000-0x3efeffff window]
[Sat Jul  4 22:14:09 2026] pci_bus 0000:00: root bus resource [io  0x0000-0xffff window]
[Sat Jul  4 22:14:09 2026] pci_bus 0000:00: root bus resource [mem 0x8000000000-0xffffffffff window]
[Sat Jul  4 22:14:09 2026] pci_bus 0000:00: root bus resource [bus 00-ff]
[Sat Jul  4 22:14:09 2026] pci 0000:00:00.0: [1b36:0008] type 00 class 0x060000 conventional PCI endpoint
[Sat Jul  4 22:14:09 2026] pci 0000:00:01.0: [1af4:1004] type 00 class 0x010000 conventional PCI endpoint
[Sat Jul  4 22:14:09 2026] pci 0000:00:01.0: BAR 0 [io  0x00c0-0x00ff]
[Sat Jul  4 22:14:09 2026] pci 0000:00:01.0: BAR 1 [mem 0x10044000-0x10044fff]
[Sat Jul  4 22:14:09 2026] pci 0000:00:01.0: BAR 4 [mem 0x8000000000-0x8000003fff 64bit pref]
[Sat Jul  4 22:14:09 2026] pci 0000:00:02.0: [1af4:1000] type 00 class 0x020000 conventional PCI endpoint
[Sat Jul  4 22:14:09 2026] pci 0000:00:02.0: BAR 0 [io  0x0120-0x013f]
[Sat Jul  4 22:14:09 2026] pci 0000:00:02.0: BAR 1 [mem 0x10043000-0x10043fff]
[Sat Jul  4 22:14:09 2026] pci 0000:00:02.0: BAR 4 [mem 0x8000004000-0x8000007fff 64bit pref]
[Sat Jul  4 22:14:09 2026] pci 0000:00:02.0: ROM [mem 0xfffc0000-0xffffffff pref]
[Sat Jul  4 22:14:09 2026] pci 0000:00:03.0: [1af4:1005] type 00 class 0x00ff00 conventional PCI endpoint
[Sat Jul  4 22:14:09 2026] pci 0000:00:03.0: BAR 0 [io  0x0100-0x011f]
[Sat Jul  4 22:14:09 2026] pci 0000:00:03.0: BAR 1 [mem 0x10042000-0x10042fff]
[Sat Jul  4 22:14:09 2026] pci 0000:00:03.0: BAR 4 [mem 0x8000008000-0x800000bfff 64bit pref]
[Sat Jul  4 22:14:09 2026] pci 0000:00:04.0: [1b36:0002] type 00 class 0x070002 conventional PCI endpoint
[Sat Jul  4 22:14:09 2026] pci 0000:00:04.0: BAR 0 [io  0x0140-0x0147]
[Sat Jul  4 22:14:09 2026] pci 0000:00:05.0: [1af4:1003] type 00 class 0x078000 conventional PCI endpoint
[Sat Jul  4 22:14:09 2026] pci 0000:00:05.0: BAR 0 [io  0x0080-0x00bf]
[Sat Jul  4 22:14:09 2026] pci 0000:00:05.0: BAR 1 [mem 0x10041000-0x10041fff]
[Sat Jul  4 22:14:09 2026] pci 0000:00:05.0: BAR 4 [mem 0x800000c000-0x800000ffff 64bit pref]
[Sat Jul  4 22:14:09 2026] pci 0000:00:06.0: [1af4:1001] type 00 class 0x010000 conventional PCI endpoint
[Sat Jul  4 22:14:09 2026] pci 0000:00:06.0: BAR 0 [io  0x0000-0x007f]
[Sat Jul  4 22:14:09 2026] pci 0000:00:06.0: BAR 1 [mem 0x10040000-0x10040fff]
[Sat Jul  4 22:14:09 2026] pci 0000:00:06.0: BAR 4 [mem 0x8000010000-0x8000013fff 64bit pref]
[Sat Jul  4 22:14:09 2026] pci 0000:00:02.0: ROM [mem 0x10000000-0x1003ffff pref]: assigned
[Sat Jul  4 22:14:09 2026] pci 0000:00:01.0: BAR 4 [mem 0x8000000000-0x8000003fff 64bit pref]: assigned
[Sat Jul  4 22:14:09 2026] pci 0000:00:02.0: BAR 4 [mem 0x8000004000-0x8000007fff 64bit pref]: assigned
[Sat Jul  4 22:14:09 2026] pci 0000:00:03.0: BAR 4 [mem 0x8000008000-0x800000bfff 64bit pref]: assigned
[Sat Jul  4 22:14:09 2026] pci 0000:00:05.0: BAR 4 [mem 0x800000c000-0x800000ffff 64bit pref]: assigned
[Sat Jul  4 22:14:09 2026] pci 0000:00:06.0: BAR 4 [mem 0x8000010000-0x8000013fff 64bit pref]: assigned
[Sat Jul  4 22:14:09 2026] pci 0000:00:01.0: BAR 1 [mem 0x10040000-0x10040fff]: assigned
[Sat Jul  4 22:14:09 2026] pci 0000:00:02.0: BAR 1 [mem 0x10041000-0x10041fff]: assigned
[Sat Jul  4 22:14:09 2026] pci 0000:00:03.0: BAR 1 [mem 0x10042000-0x10042fff]: assigned
[Sat Jul  4 22:14:09 2026] pci 0000:00:05.0: BAR 1 [mem 0x10043000-0x10043fff]: assigned
[Sat Jul  4 22:14:09 2026] pci 0000:00:06.0: BAR 1 [mem 0x10044000-0x10044fff]: assigned
[Sat Jul  4 22:14:09 2026] pci 0000:00:06.0: BAR 0 [io  0x1000-0x107f]: assigned
[Sat Jul  4 22:14:09 2026] pci 0000:00:01.0: BAR 0 [io  0x1080-0x10bf]: assigned
[Sat Jul  4 22:14:09 2026] pci 0000:00:05.0: BAR 0 [io  0x10c0-0x10ff]: assigned
[Sat Jul  4 22:14:09 2026] pci 0000:00:02.0: BAR 0 [io  0x1100-0x111f]: assigned
[Sat Jul  4 22:14:09 2026] pci 0000:00:03.0: BAR 0 [io  0x1120-0x113f]: assigned
[Sat Jul  4 22:14:09 2026] pci 0000:00:04.0: BAR 0 [io  0x1140-0x1147]: assigned
[Sat Jul  4 22:14:09 2026] pci_bus 0000:00: resource 4 [mem 0x10000000-0x3efeffff window]
[Sat Jul  4 22:14:09 2026] pci_bus 0000:00: resource 5 [io  0x0000-0xffff window]
[Sat Jul  4 22:14:09 2026] pci_bus 0000:00: resource 6 [mem 0x8000000000-0xffffffffff window]
[Sat Jul  4 22:14:09 2026] iommu: Default domain type: Translated
[Sat Jul  4 22:14:09 2026] iommu: DMA domain TLB invalidation policy: strict mode
[Sat Jul  4 22:14:09 2026] pps_core: LinuxPPS API ver. 1 registered
[Sat Jul  4 22:14:09 2026] pps_core: Software ver. 5.3.6 - Copyright 2005-2007 Rodolfo Giometti <giometti@linux.it>
[Sat Jul  4 22:14:09 2026] PTP clock support registered
[Sat Jul  4 22:14:09 2026] scmi_core: SCMI protocol bus registered
[Sat Jul  4 22:14:09 2026] efivars: Registered efivars operations
[Sat Jul  4 22:14:09 2026] NetLabel: Initializing
[Sat Jul  4 22:14:09 2026] NetLabel:  domain hash size = 128
[Sat Jul  4 22:14:09 2026] NetLabel:  protocols = UNLABELED CIPSOv4 CALIPSO
[Sat Jul  4 22:14:09 2026] NetLabel:  unlabeled traffic allowed by default
[Sat Jul  4 22:14:09 2026] vgaarb: loaded
[Sat Jul  4 22:14:09 2026] clocksource: Switched to clocksource arch_sys_counter
[Sat Jul  4 22:14:09 2026] VFS: Disk quotas dquot_6.6.0
[Sat Jul  4 22:14:09 2026] VFS: Dquot-cache hash table entries: 512 (order 0, 4096 bytes)
[Sat Jul  4 22:14:09 2026] AppArmor: AppArmor Filesystem Enabled
[Sat Jul  4 22:14:09 2026] pnp: PnP ACPI init
[Sat Jul  4 22:14:09 2026] system 00:00: [mem 0x4010000000-0x401fffffff window] could not be reserved
[Sat Jul  4 22:14:09 2026] pnp: PnP ACPI: found 1 devices
[Sat Jul  4 22:14:10 2026] NET: Registered PF_INET protocol family
[Sat Jul  4 22:14:10 2026] IP idents hash table entries: 65536 (order: 7, 524288 bytes, linear)
[Sat Jul  4 22:14:10 2026] tcp_listen_portaddr_hash hash table entries: 2048 (order: 3, 32768 bytes, linear)
[Sat Jul  4 22:14:10 2026] Table-perturb hash table entries: 65536 (order: 6, 262144 bytes, linear)
[Sat Jul  4 22:14:10 2026] TCP established hash table entries: 32768 (order: 6, 262144 bytes, linear)
[Sat Jul  4 22:14:10 2026] TCP bind hash table entries: 32768 (order: 8, 1048576 bytes, linear)
[Sat Jul  4 22:14:10 2026] TCP: Hash tables configured (established 32768 bind 32768)
[Sat Jul  4 22:14:10 2026] MPTCP token hash table entries: 4096 (order: 5, 98304 bytes, linear)
[Sat Jul  4 22:14:10 2026] UDP hash table entries: 2048 (order: 4, 65536 bytes, linear)
[Sat Jul  4 22:14:10 2026] UDP-Lite hash table entries: 2048 (order: 4, 65536 bytes, linear)
[Sat Jul  4 22:14:10 2026] NET: Registered PF_UNIX/PF_LOCAL protocol family
[Sat Jul  4 22:14:10 2026] NET: Registered PF_XDP protocol family
[Sat Jul  4 22:14:10 2026] PCI: CLS 0 bytes, default 64
[Sat Jul  4 22:14:10 2026] Trying to unpack rootfs image as initramfs...
[Sat Jul  4 22:14:10 2026] kvm [1]: HYP mode not available
[Sat Jul  4 22:14:10 2026] Initialise system trusted keyrings
[Sat Jul  4 22:14:10 2026] Key type blacklist registered
[Sat Jul  4 22:14:10 2026] workingset: timestamp_bits=42 max_order=20 bucket_order=0
[Sat Jul  4 22:14:10 2026] fuse: init (API version 7.41)
[Sat Jul  4 22:14:10 2026] integrity: Platform Keyring initialized
[Sat Jul  4 22:14:10 2026] integrity: Machine keyring initialized
[Sat Jul  4 22:14:10 2026] Key type asymmetric registered
[Sat Jul  4 22:14:10 2026] Asymmetric key parser 'x509' registered
[Sat Jul  4 22:14:10 2026] Freeing initrd memory: 17808K
[Sat Jul  4 22:14:10 2026] Block layer SCSI generic (bsg) driver version 0.4 loaded (major 246)
[Sat Jul  4 22:14:10 2026] input: Power Button as /devices/LNXSYSTM:00/LNXSYBUS:00/PNP0C0C:00/input/input0
[Sat Jul  4 22:14:10 2026] ACPI: button: Power Button [PWRB]
[Sat Jul  4 22:14:10 2026] ACPI: \_SB_.L001: Enabled at IRQ 36
[Sat Jul  4 22:14:10 2026] virtio-pci 0000:00:01.0: enabling device (0005 -> 0007)
[Sat Jul  4 22:14:10 2026] ACPI: \_SB_.L002: Enabled at IRQ 37
[Sat Jul  4 22:14:10 2026] virtio-pci 0000:00:02.0: enabling device (0005 -> 0007)
[Sat Jul  4 22:14:10 2026] ACPI: \_SB_.L003: Enabled at IRQ 38
[Sat Jul  4 22:14:10 2026] virtio-pci 0000:00:03.0: enabling device (0005 -> 0007)
[Sat Jul  4 22:14:10 2026] virtio-pci 0000:00:05.0: enabling device (0005 -> 0007)
[Sat Jul  4 22:14:10 2026] virtio-pci 0000:00:06.0: enabling device (0005 -> 0007)
[Sat Jul  4 22:14:10 2026] Serial: 8250/16550 driver, 4 ports, IRQ sharing enabled
[Sat Jul  4 22:14:10 2026] ACPI: \_SB_.L000: Enabled at IRQ 35
[Sat Jul  4 22:14:10 2026] serial 0000:00:04.0: enabling device (0000 -> 0001)
[Sat Jul  4 22:14:10 2026] 0000:00:04.0: ttyS0 at I/O 0x1140 (irq = 45, base_baud = 115200) is a 16550A
[Sat Jul  4 22:14:10 2026] Serial: AMBA driver
[Sat Jul  4 22:14:10 2026] msm_serial: driver initialized
[Sat Jul  4 22:14:10 2026] Key type psk registered
[Sat Jul  4 22:14:10 2026] rtc-efi rtc-efi.0: registered as rtc0
[Sat Jul  4 22:14:10 2026] rtc-efi rtc-efi.0: setting system clock to 2026-07-05T05:14:11 UTC (1783228451)
[Sat Jul  4 22:14:10 2026] NET: Registered PF_INET6 protocol family
[Sat Jul  4 22:14:10 2026] Segment Routing with IPv6
[Sat Jul  4 22:14:10 2026] In-situ OAM (IOAM) with IPv6
[Sat Jul  4 22:14:10 2026] mip6: Mobile IPv6
[Sat Jul  4 22:14:10 2026] NET: Registered PF_PACKET protocol family
[Sat Jul  4 22:14:10 2026] registered taskstats version 1
[Sat Jul  4 22:14:10 2026] Loading compiled-in X.509 certificates
[Sat Jul  4 22:14:10 2026] Loaded X.509 cert 'Build time autogenerated kernel key: e55a87260ba26203efd80902bf36670cb67bf3a6'
[Sat Jul  4 22:14:10 2026] Demotion targets for Node 0: null
[Sat Jul  4 22:14:10 2026] Key type .fscrypt registered
[Sat Jul  4 22:14:10 2026] Key type fscrypt-provisioning registered
[Sat Jul  4 22:14:10 2026] Key type encrypted registered
[Sat Jul  4 22:14:10 2026] AppArmor: AppArmor sha256 policy hashing enabled
[Sat Jul  4 22:14:10 2026] ima: secureboot mode disabled
[Sat Jul  4 22:14:10 2026] ima: No TPM chip found, activating TPM-bypass!
[Sat Jul  4 22:14:10 2026] ima: Allocated hash algorithm: sha256
[Sat Jul  4 22:14:10 2026] ima: No architecture policies found
[Sat Jul  4 22:14:10 2026] evm: Initialising EVM extended attributes:
[Sat Jul  4 22:14:10 2026] evm: security.selinux
[Sat Jul  4 22:14:10 2026] evm: security.SMACK64 (disabled)
[Sat Jul  4 22:14:10 2026] evm: security.SMACK64EXEC (disabled)
[Sat Jul  4 22:14:10 2026] evm: security.SMACK64TRANSMUTE (disabled)
[Sat Jul  4 22:14:10 2026] evm: security.SMACK64MMAP (disabled)
[Sat Jul  4 22:14:10 2026] evm: security.apparmor
[Sat Jul  4 22:14:10 2026] evm: security.ima
[Sat Jul  4 22:14:10 2026] evm: security.capability
[Sat Jul  4 22:14:10 2026] evm: HMAC attrs: 0x1
[Sat Jul  4 22:14:10 2026] clk: Disabling unused clocks
[Sat Jul  4 22:14:10 2026] PM: genpd: Disabling unused power domains
[Sat Jul  4 22:14:10 2026] Freeing unused kernel memory: 2112K
[Sat Jul  4 22:14:10 2026] Checked W+X mappings: passed, no W+X pages found
[Sat Jul  4 22:14:10 2026] Run /init as init process
[Sat Jul  4 22:14:10 2026]   with arguments:
[Sat Jul  4 22:14:10 2026]     /init
[Sat Jul  4 22:14:10 2026]   with environment:
[Sat Jul  4 22:14:10 2026]     HOME=/
[Sat Jul  4 22:14:10 2026]     TERM=linux
[Sat Jul  4 22:14:10 2026] virtio_blk virtio4: 4/0/0 default/read/poll queues
[Sat Jul  4 22:14:10 2026] virtio_blk virtio4: [vda] 209715200 512-byte logical blocks (107 GB/100 GiB)
[Sat Jul  4 22:14:10 2026]  vda: vda1 vda15
[Sat Jul  4 22:14:10 2026] SCSI subsystem initialized
[Sat Jul  4 22:14:10 2026] virtio_net virtio1 enp0s2: renamed from eth0
[Sat Jul  4 22:14:10 2026] virtio_scsi virtio0: 4/0/0 default/read/poll queues
[Sat Jul  4 22:14:10 2026] scsi host0: Virtio SCSI HBA
[Sat Jul  4 22:14:10 2026] scsi 0:0:0:0: CD-ROM            QEMU     QEMU CD-ROM      2.5+ PQ: 0 ANSI: 5
[Sat Jul  4 22:14:10 2026] sr 0:0:0:0: Power-on or device reset occurred
[Sat Jul  4 22:14:10 2026] sr 0:0:0:0: [sr0] scsi3-mmc drive: 16x/50x cd/rw xa/form2 cdda tray
[Sat Jul  4 22:14:10 2026] cdrom: Uniform CD-ROM driver Revision: 3.20
[Sat Jul  4 22:14:10 2026] sr 0:0:0:0: Attached scsi CD-ROM sr0
[Sat Jul  4 22:14:10 2026] EXT4-fs (vda1): orphan cleanup on readonly fs
[Sat Jul  4 22:14:10 2026] EXT4-fs (vda1): mounted filesystem 1c0ffee5-dead-4bee-8faf-0000deadbeef ro with ordered data mode. Quota mode: none.
[Sat Jul  4 22:14:10 2026] Not activating Mandatory Access Control as /sbin/tomoyo-init does not exist.
[Sat Jul  4 22:14:10 2026] systemd[1]: Inserted module 'autofs4'
[Sat Jul  4 22:14:10 2026] systemd[1]: systemd 257.9-1~deb13u1 running in system mode (+PAM +AUDIT +SELINUX +APPARMOR +IMA +IPE +SMACK +SECCOMP +GCRYPT -GNUTLS +OPENSSL +ACL +BLKID +CURL +ELFUTILS +FIDO2 +IDN2 -IDN +IPTC +KMOD +LIBCRYPTSETUP +LIBCRYPTSETUP_PLUGINS +LIBFDISK +PCRE2 +PWQUALITY +P11KIT +QRENCODE +TPM2 +BZIP2 +LZ4 +XZ +ZLIB +ZSTD +BPF_FRAMEWORK +BTF -XKBCOMMON -UTMP +SYSVINIT +LIBARCHIVE)
[Sat Jul  4 22:14:10 2026] systemd[1]: Detected virtualization qemu.
[Sat Jul  4 22:14:10 2026] systemd[1]: Detected architecture arm64.
[Sat Jul  4 22:14:10 2026] systemd[1]: Hostname set to <bity>.
[Sat Jul  4 22:14:10 2026] systemd[1]: bpf-restrict-fs: LSM BPF program attached
[Sat Jul  4 22:14:10 2026] NET: Registered PF_VSOCK protocol family
[Sat Jul  4 22:14:10 2026] systemd[1]: Queued start job for default target graphical.target.
[Sat Jul  4 22:14:10 2026] systemd[1]: Created slice system-getty.slice - Slice /system/getty.
[Sat Jul  4 22:14:10 2026] systemd[1]: Created slice system-modprobe.slice - Slice /system/modprobe.
[Sat Jul  4 22:14:10 2026] systemd[1]: Created slice system-serial\x2dgetty.slice - Slice /system/serial-getty.
[Sat Jul  4 22:14:10 2026] systemd[1]: Created slice system-systemd\x2dfsck.slice - Slice /system/systemd-fsck.
[Sat Jul  4 22:14:10 2026] systemd[1]: Created slice user.slice - User and Session Slice.
[Sat Jul  4 22:14:10 2026] systemd[1]: Started systemd-ask-password-console.path - Dispatch Password Requests to Console Directory Watch.
[Sat Jul  4 22:14:10 2026] systemd[1]: Started systemd-ask-password-wall.path - Forward Password Requests to Wall Directory Watch.
[Sat Jul  4 22:14:10 2026] systemd[1]: Set up automount proc-sys-fs-binfmt_misc.automount - Arbitrary Executable File Formats File System Automount Point.
[Sat Jul  4 22:14:10 2026] systemd[1]: Expecting device dev-disk-by\x2dpartuuid-61c63606\x2d03a2\x2d4056\x2d864b\x2d648d9f493707.device - /dev/disk/by-partuuid/1c0ffee5-dead-4bee-8faf-0000deadbeef...
[Sat Jul  4 22:14:10 2026] systemd[1]: Expecting device dev-hvc0.device - /dev/hvc0...
[Sat Jul  4 22:14:10 2026] systemd[1]: Expecting device dev-ttyAMA0.device - /dev/ttyAMA0...
[Sat Jul  4 22:14:10 2026] systemd[1]: Reached target paths.target - Path Units.
[Sat Jul  4 22:14:10 2026] systemd[1]: Reached target remote-fs.target - Remote File Systems.
[Sat Jul  4 22:14:10 2026] systemd[1]: Reached target slices.target - Slice Units.
[Sat Jul  4 22:14:10 2026] systemd[1]: Reached target swap.target - Swaps.
[Sat Jul  4 22:14:10 2026] systemd[1]: Listening on systemd-creds.socket - Credential Encryption/Decryption.
[Sat Jul  4 22:14:10 2026] systemd[1]: Listening on systemd-initctl.socket - initctl Compatibility Named Pipe.
[Sat Jul  4 22:14:10 2026] systemd[1]: Listening on systemd-journald-dev-log.socket - Journal Socket (/dev/log).
[Sat Jul  4 22:14:10 2026] systemd[1]: Listening on systemd-journald.socket - Journal Sockets.
[Sat Jul  4 22:14:10 2026] systemd[1]: Listening on systemd-networkd.socket - Network Service Netlink Socket.
[Sat Jul  4 22:14:10 2026] systemd[1]: systemd-pcrextend.socket - TPM PCR Measurements was skipped because of an unmet condition check (ConditionSecurity=measured-uki).
[Sat Jul  4 22:14:10 2026] systemd[1]: systemd-pcrlock.socket - Make TPM PCR Policy was skipped because of an unmet condition check (ConditionSecurity=measured-uki).
[Sat Jul  4 22:14:10 2026] systemd[1]: Listening on systemd-udevd-control.socket - udev Control Socket.
[Sat Jul  4 22:14:10 2026] systemd[1]: Listening on systemd-udevd-kernel.socket - udev Kernel Socket.
[Sat Jul  4 22:14:10 2026] systemd[1]: Mounting dev-hugepages.mount - Huge Pages File System...
[Sat Jul  4 22:14:10 2026] systemd[1]: Mounting dev-mqueue.mount - POSIX Message Queue File System...
[Sat Jul  4 22:14:10 2026] systemd[1]: Mounting run-lock.mount - Legacy Locks Directory /run/lock...
[Sat Jul  4 22:14:10 2026] systemd[1]: Mounting sys-kernel-debug.mount - Kernel Debug File System...
[Sat Jul  4 22:14:10 2026] systemd[1]: Mounting sys-kernel-tracing.mount - Kernel Trace File System...
[Sat Jul  4 22:14:10 2026] systemd[1]: Mounting tmp.mount - Temporary Directory /tmp...
[Sat Jul  4 22:14:10 2026] systemd[1]: Starting kmod-static-nodes.service - Create List of Static Device Nodes...
[Sat Jul  4 22:14:10 2026] systemd[1]: Starting modprobe@configfs.service - Load Kernel Module configfs...
[Sat Jul  4 22:14:10 2026] systemd[1]: Starting modprobe@drm.service - Load Kernel Module drm...
[Sat Jul  4 22:14:10 2026] systemd[1]: Starting modprobe@efi_pstore.service - Load Kernel Module efi_pstore...
[Sat Jul  4 22:14:10 2026] systemd[1]: Starting modprobe@fuse.service - Load Kernel Module fuse...
[Sat Jul  4 22:14:10 2026] systemd[1]: netplan-ovs-cleanup.service - OpenVSwitch configuration for cleanup was skipped because of an unmet condition check (ConditionFileIsExecutable=/usr/bin/ovs-vsctl).
[Sat Jul  4 22:14:10 2026] systemd[1]: systemd-fsck-root.service - File System Check on Root Device was skipped because of an unmet condition check (ConditionPathExists=!/run/initramfs/fsck-root).
[Sat Jul  4 22:14:10 2026] systemd[1]: systemd-hibernate-clear.service - Clear Stale Hibernate Storage Info was skipped because of an unmet condition check (ConditionPathExists=/sys/firmware/efi/efivars/HibernateLocation-1c0ffee5-dead-4bee-8faf-0000deadbeef).
[Sat Jul  4 22:14:10 2026] pstore: Using crash dump compression: deflate
[Sat Jul  4 22:14:10 2026] systemd[1]: Starting systemd-journald.service - Journal Service...
[Sat Jul  4 22:14:10 2026] pstore: Registered efi_pstore as persistent store backend
[Sat Jul  4 22:14:10 2026] systemd[1]: Starting systemd-modules-load.service - Load Kernel Modules...
[Sat Jul  4 22:14:10 2026] systemd[1]: Starting systemd-network-generator.service - Generate network units from Kernel command line...
[Sat Jul  4 22:14:10 2026] systemd[1]: systemd-pcrmachine.service - TPM PCR Machine ID Measurement was skipped because of an unmet condition check (ConditionSecurity=measured-uki).
[Sat Jul  4 22:14:10 2026] systemd[1]: Starting systemd-remount-fs.service - Remount Root and Kernel File Systems...
[Sat Jul  4 22:14:10 2026] systemd[1]: systemd-tpm2-setup-early.service - Early TPM SRK Setup was skipped because of an unmet condition check (ConditionSecurity=measured-uki).
[Sat Jul  4 22:14:10 2026] systemd[1]: Starting systemd-udev-load-credentials.service - Load udev Rules from Credentials...
[Sat Jul  4 22:14:10 2026] systemd[1]: Starting systemd-udev-trigger.service - Coldplug All udev Devices...
[Sat Jul  4 22:14:10 2026] systemd-journald[308]: Collecting audit messages is disabled.
[Sat Jul  4 22:14:10 2026] systemd[1]: Mounted dev-hugepages.mount - Huge Pages File System.
[Sat Jul  4 22:14:10 2026] systemd[1]: Mounted dev-mqueue.mount - POSIX Message Queue File System.
[Sat Jul  4 22:14:10 2026] systemd[1]: Mounted run-lock.mount - Legacy Locks Directory /run/lock.
[Sat Jul  4 22:14:10 2026] systemd[1]: Mounted sys-kernel-debug.mount - Kernel Debug File System.
[Sat Jul  4 22:14:10 2026] systemd[1]: Mounted sys-kernel-tracing.mount - Kernel Trace File System.
[Sat Jul  4 22:14:10 2026] systemd[1]: Mounted tmp.mount - Temporary Directory /tmp.
[Sat Jul  4 22:14:10 2026] systemd[1]: Finished kmod-static-nodes.service - Create List of Static Device Nodes.
[Sat Jul  4 22:14:10 2026] EXT4-fs (vda1): re-mounted 1c0ffee5-dead-4bee-8faf-0000deadbeef r/w.
[Sat Jul  4 22:14:10 2026] systemd[1]: Started systemd-journald.service - Journal Service.
[Sat Jul  4 22:14:10 2026] EXT4-fs (vda1): resizing filesystem from 26181627 to 26181627 blocks
[Sat Jul  4 22:14:10 2026] systemd-journald[308]: Received client request to flush runtime journal.
[Sat Jul  4 22:14:10 2026] virtio_net virtio1 eth0: renamed from enp0s2
[Sat Jul  4 22:14:10 2026] sr 0:0:0:0: Attached scsi generic sg0 type 5
[Sat Jul  4 22:14:11 2026] ISO 9660 Extensions: IEEE_P1282
[Sat Jul  4 22:14:11 2026] audit: type=1400 audit(1783228453.296:2): apparmor="STATUS" operation="profile_load" profile="unconfined" name="1password" pid=477 comm="apparmor_parser"
[Sat Jul  4 22:14:11 2026] audit: type=1400 audit(1783228453.296:3): apparmor="STATUS" operation="profile_load" profile="unconfined" name="Discord" pid=478 comm="apparmor_parser"
[Sat Jul  4 22:14:11 2026] audit: type=1400 audit(1783228453.296:4): apparmor="STATUS" operation="profile_load" profile="unconfined" name=4D6F6E676F444220436F6D70617373 pid=479 comm="apparmor_parser"
[Sat Jul  4 22:14:11 2026] audit: type=1400 audit(1783228453.296:5): apparmor="STATUS" operation="profile_load" profile="unconfined" name="QtWebEngineProcess" pid=480 comm="apparmor_parser"
[Sat Jul  4 22:14:11 2026] audit: type=1400 audit(1783228453.296:6): apparmor="STATUS" operation="profile_load" profile="unconfined" name="brave" pid=486 comm="apparmor_parser"
[Sat Jul  4 22:14:11 2026] audit: type=1400 audit(1783228453.296:7): apparmor="STATUS" operation="profile_load" profile="unconfined" name="balena-etcher" pid=485 comm="apparmor_parser"
[Sat Jul  4 22:14:11 2026] audit: type=1400 audit(1783228453.296:8): apparmor="STATUS" operation="profile_load" profile="unconfined" name="buildah" pid=487 comm="apparmor_parser"
[Sat Jul  4 22:14:11 2026] audit: type=1400 audit(1783228453.296:9): apparmor="STATUS" operation="profile_load" profile="unconfined" name="busybox" pid=488 comm="apparmor_parser"
[Sat Jul  4 22:14:11 2026] audit: type=1400 audit(1783228453.296:10): apparmor="STATUS" operation="profile_load" profile="unconfined" name="cam" pid=489 comm="apparmor_parser"
[Sat Jul  4 22:14:12 2026] ISO 9660 Extensions: IEEE_P1282
[Sat Jul  4 22:14:12 2026] tun: Universal TUN/TAP device driver, 1.6
[Sat Jul  4 22:14:12 2026] bridge: filtering via arp/ip/ip6tables is no longer available by default. Update your scripts to load br_netfilter if you need this.
[Sat Jul  4 22:14:15 2026] overlayfs: failed to set xattr on upper
[Sat Jul  4 22:14:15 2026] overlayfs: ...falling back to redirect_dir=nofollow.
[Sat Jul  4 22:14:15 2026] overlayfs: ...falling back to uuid=null.
[Sat Jul  4 22:14:15 2026] overlayfs: try mounting with 'userxattr' option
[Sat Jul  4 22:14:15 2026] buildkit0: port 1(vetha23c2aff) entered blocking state
[Sat Jul  4 22:14:15 2026] buildkit0: port 1(vetha23c2aff) entered disabled state
[Sat Jul  4 22:14:15 2026] vetha23c2aff: entered allmulticast mode
[Sat Jul  4 22:14:15 2026] vetha23c2aff: entered promiscuous mode
[Sat Jul  4 22:14:15 2026] buildkit0: port 1(vetha23c2aff) entered blocking state
[Sat Jul  4 22:14:15 2026] buildkit0: port 1(vetha23c2aff) entered forwarding state
[Sat Jul  4 22:14:23 2026] systemd-journald[308]: Time jumped backwards, rotating.
guest@bity:~$ dmesg --level=err,warn
[    0.265557] sr 0:0:0:0: Power-on or device reset occurred
[    5.344627] overlayfs: failed to set xattr on upper
[    5.345004] overlayfs: ...falling back to redirect_dir=nofollow.
[    5.345390] overlayfs: ...falling back to uuid=null.
guest@bity:~$ dmesg | tail -n 40
[    0.816275] systemd[1]: Starting systemd-udev-load-credentials.service - Load udev Rules from Credentials...
[    0.817846] systemd[1]: Starting systemd-udev-trigger.service - Coldplug All udev Devices...
[    0.819140] systemd-journald[308]: Collecting audit messages is disabled.
[    0.820670] systemd[1]: Mounted dev-hugepages.mount - Huge Pages File System.
[    0.821847] systemd[1]: Mounted dev-mqueue.mount - POSIX Message Queue File System.
[    0.822647] systemd[1]: Mounted run-lock.mount - Legacy Locks Directory /run/lock.
[    0.823264] systemd[1]: Mounted sys-kernel-debug.mount - Kernel Debug File System.
[    0.823889] systemd[1]: Mounted sys-kernel-tracing.mount - Kernel Trace File System.
[    0.824460] systemd[1]: Mounted tmp.mount - Temporary Directory /tmp.
[    0.825048] systemd[1]: Finished kmod-static-nodes.service - Create List of Static Device Nodes.
[    0.826035] EXT4-fs (vda1): re-mounted 1c0ffee5-dead-4bee-8faf-0000deadbeef r/w.
[    0.826928] systemd[1]: Started systemd-journald.service - Journal Service.
[    0.863646] EXT4-fs (vda1): resizing filesystem from 26181627 to 26181627 blocks
[    0.864693] systemd-journald[308]: Received client request to flush runtime journal.
[    0.929732] virtio_net virtio1 eth0: renamed from enp0s2
[    0.937033] sr 0:0:0:0: Attached scsi generic sg0 type 5
[    1.180258] ISO 9660 Extensions: IEEE_P1282
[    1.941803] audit: type=1400 audit(1783228453.296:2): apparmor="STATUS" operation="profile_load" profile="unconfined" name="1password" pid=477 comm="apparmor_parser"
[    1.943734] audit: type=1400 audit(1783228453.296:3): apparmor="STATUS" operation="profile_load" profile="unconfined" name="Discord" pid=478 comm="apparmor_parser"
[    1.946516] audit: type=1400 audit(1783228453.296:4): apparmor="STATUS" operation="profile_load" profile="unconfined" name=4D6F6E676F444220436F6D70617373 pid=479 comm="apparmor_parser"
[    1.948134] audit: type=1400 audit(1783228453.296:5): apparmor="STATUS" operation="profile_load" profile="unconfined" name="QtWebEngineProcess" pid=480 comm="apparmor_parser"
[    1.950235] audit: type=1400 audit(1783228453.296:6): apparmor="STATUS" operation="profile_load" profile="unconfined" name="brave" pid=486 comm="apparmor_parser"
[    1.951720] audit: type=1400 audit(1783228453.296:7): apparmor="STATUS" operation="profile_load" profile="unconfined" name="balena-etcher" pid=485 comm="apparmor_parser"
[    1.953321] audit: type=1400 audit(1783228453.296:8): apparmor="STATUS" operation="profile_load" profile="unconfined" name="buildah" pid=487 comm="apparmor_parser"
[    1.954417] audit: type=1400 audit(1783228453.296:9): apparmor="STATUS" operation="profile_load" profile="unconfined" name="busybox" pid=488 comm="apparmor_parser"
[    1.955371] audit: type=1400 audit(1783228453.296:10): apparmor="STATUS" operation="profile_load" profile="unconfined" name="cam" pid=489 comm="apparmor_parser"
[    2.928684] ISO 9660 Extensions: IEEE_P1282
[    2.941967] tun: Universal TUN/TAP device driver, 1.6
[    2.959932] bridge: filtering via arp/ip/ip6tables is no longer available by default. Update your scripts to load br_netfilter if you need this.
[    5.344627] overlayfs: failed to set xattr on upper
[    5.345004] overlayfs: ...falling back to redirect_dir=nofollow.
[    5.345390] overlayfs: ...falling back to uuid=null.
[    5.345908] overlayfs: try mounting with 'userxattr' option
[    5.407828] buildkit0: port 1(vetha23c2aff) entered blocking state
[    5.408242] buildkit0: port 1(vetha23c2aff) entered disabled state
[    5.408481] vetha23c2aff: entered allmulticast mode
[    5.408690] vetha23c2aff: entered promiscuous mode
[    5.416765] buildkit0: port 1(vetha23c2aff) entered blocking state
[    5.417040] buildkit0: port 1(vetha23c2aff) entered forwarding state
[   13.166689] systemd-journald[308]: Time jumped backwards, rotating.
guest@bity:~$ dmesg | grep -iE 'memory|Memory' | head -n 20
[    0.000000] Early memory node ranges
[    0.002382] Memory: 3922824K/4194304K available (14208K kernel code, 2774K rwdata, 10740K rodata, 2112K init, 908K bss, 201300K reserved, 65536K cma-reserved)
[    0.002949] DMI: Memory slots populated: 1/1
[    0.111088] Freeing initrd memory: 17808K
[    0.174332] Freeing unused kernel memory: 2112K
guest@bity:~$ dmesg | grep -iE 'cpu|smp|clock' | head -n 20
[    0.000000] Booting Linux on physical CPU 0x0000000000 [0x610f0000]
[    0.000000] Linux version 6.12.74+deb13+1-cloud-arm64 (debian-kernel@lists.debian.org) (aarch64-linux-gnu-gcc-14 (Debian 14.2.0-19) 14.2.0, GNU ld (GNU Binutils for Debian) 2.44) #1 SMP Debian 6.12.74-2 (2026-03-08)
[    0.000000] percpu: Embedded 34 pages/cpu s99800 r8192 d31272 u139264
[    0.000000] pcpu-alloc: s99800 r8192 d31272 u139264 alloc=34*4096
[    0.000000] pcpu-alloc: [0] 0 [0] 1 [0] 2 [0] 3 
[    0.000000] Detected PIPT I-cache on CPU0
[    0.000000] CPU features: detected: Address authentication (IMP DEF algorithm)
[    0.000000] CPU features: detected: Spectre-v4
[    0.000000] CPU features: detected: Spectre-BHB
[    0.000000] SLUB: HWalign=64, Order=0-3, MinObjects=0, CPUs=4, Nodes=1
[    0.000000] rcu: 	RCU restricting CPUs from NR_CPUS=512 to nr_cpu_ids=4.
[    0.000000] rcu: Adjusting geometry for rcu_fanout_leaf=16, nr_cpu_ids=4
[    0.000000] RCU Tasks Rude: Setting shift to 2 and lim to 1 rcu_task_cb_adjust=1 rcu_task_cpu_ids=4.
[    0.000000] RCU Tasks Trace: Setting shift to 2 and lim to 1 rcu_task_cb_adjust=1 rcu_task_cpu_ids=4.
[    0.000000] clocksource: arch_sys_counter: mask: 0xffffffffffffff max_cycles: 0x588fe9dc0, max_idle_ns: 440795202592 ns
[    0.000000] sched_clock: 56 bits at 24MHz, resolution 41ns, wraps every 4398046511097ns
[    0.000634] smp: Bringing up secondary CPUs ...
[    0.000766] Detected PIPT I-cache on CPU1
[    0.000829] CPU1: Booted secondary processor 0x0000000001 [0x610f0000]
[    0.001032] Detected PIPT I-cache on CPU2
guest@bity:~$ dmesg | grep -iE 'virtio|scsi|blk|net|eth' | head -n 25
[    0.000000] psci: probing for conduit method from ACPI.
[    0.003718] NET: Registered PF_NETLINK/PF_ROUTE protocol family
[    0.004170] audit: initializing netlink subsys (disabled)
[    0.064166] NetLabel: Initializing
[    0.064278] NetLabel:  domain hash size = 128
[    0.064419] NetLabel:  protocols = UNLABELED CIPSOv4 CALIPSO
[    0.064607] NetLabel:  unlabeled traffic allowed by default
[    0.070158] NET: Registered PF_INET protocol family
[    0.077552] NET: Registered PF_UNIX/PF_LOCAL protocol family
[    0.077756] NET: Registered PF_XDP protocol family
[    0.113376] Block layer SCSI generic (bsg) driver version 0.4 loaded (major 246)
[    0.116121] virtio-pci 0000:00:01.0: enabling device (0005 -> 0007)
[    0.116784] virtio-pci 0000:00:02.0: enabling device (0005 -> 0007)
[    0.117452] virtio-pci 0000:00:03.0: enabling device (0005 -> 0007)
[    0.117893] virtio-pci 0000:00:05.0: enabling device (0005 -> 0007)
[    0.118342] virtio-pci 0000:00:06.0: enabling device (0005 -> 0007)
[    0.143727] NET: Registered PF_INET6 protocol family
[    0.146203] NET: Registered PF_PACKET protocol family
[    0.236609] virtio_blk virtio4: 4/0/0 default/read/poll queues
[    0.237198] virtio_blk virtio4: [vda] 209715200 512-byte logical blocks (107 GB/100 GiB)
[    0.239653] SCSI subsystem initialized
[    0.242689] virtio_net virtio1 enp0s2: renamed from eth0
[    0.242711] virtio_scsi virtio0: 4/0/0 default/read/poll queues
[    0.246182] scsi host0: Virtio SCSI HBA
[    0.246863] scsi 0:0:0:0: CD-ROM            QEMU     QEMU CD-ROM      2.5+ PQ: 0 ANSI: 5
guest@bity:~$ journalctl -b --no-pager | head -n 250
Jul 04 22:14:12 bity kernel: Booting Linux on physical CPU 0x0000000000 [0x610f0000]
Jul 04 22:14:12 bity kernel: Linux version 6.12.74+deb13+1-cloud-arm64 (debian-kernel@lists.debian.org) (aarch64-linux-gnu-gcc-14 (Debian 14.2.0-19) 14.2.0, GNU ld (GNU Binutils for Debian) 2.44) #1 SMP Debian 6.12.74-2 (2026-03-08)
Jul 04 22:14:12 bity kernel: KASLR enabled
Jul 04 22:14:12 bity kernel: efi: EFI v2.7 by EDK II
Jul 04 22:14:12 bity kernel: efi: SMBIOS 3.0=0x13fed0000 MEMATTR=0x13e86e018 ACPI 2.0=0x13cb43018 MOKvar=0x13c680000 INITRD=0x13cb40298 RNG=0x13cb43198 MEMRESERVE=0x13cb40198 
Jul 04 22:14:12 bity kernel: random: crng init done
Jul 04 22:14:12 bity kernel: secureboot: Secure boot disabled
Jul 04 22:14:12 bity kernel: ACPI: Early table checksum verification disabled
Jul 04 22:14:12 bity kernel: ACPI: RSDP 0x000000013CB43018 000024 (v02 BOCHS )
Jul 04 22:14:12 bity kernel: ACPI: XSDT 0x000000013CB43F18 000064 (v01 BOCHS  BXPC     00000001      01000013)
Jul 04 22:14:12 bity kernel: ACPI: FACP 0x000000013CB43B18 000114 (v06 BOCHS  BXPC     00000001 BXPC 00000001)
Jul 04 22:14:12 bity kernel: ACPI: DSDT 0x000000013CB41018 001584 (v02 BOCHS  BXPC     00000001 BXPC 00000001)
Jul 04 22:14:12 bity kernel: ACPI: APIC 0x000000013CB43C98 00019C (v04 BOCHS  BXPC     00000001 BXPC 00000001)
Jul 04 22:14:12 bity kernel: ACPI: PPTT 0x000000013CB43098 00009C (v02 BOCHS  BXPC     00000001 BXPC 00000001)
Jul 04 22:14:12 bity kernel: ACPI: GTDT 0x000000013CB43818 000068 (v03 BOCHS  BXPC     00000001 BXPC 00000001)
Jul 04 22:14:12 bity kernel: ACPI: MCFG 0x000000013CB43A98 00003C (v01 BOCHS  BXPC     00000001 BXPC 00000001)
Jul 04 22:14:12 bity kernel: ACPI: SPCR 0x000000013CB43918 000050 (v02 BOCHS  BXPC     00000001 BXPC 00000001)
Jul 04 22:14:12 bity kernel: ACPI: DBG2 0x000000013CB43998 000057 (v00 BOCHS  BXPC     00000001 BXPC 00000001)
Jul 04 22:14:12 bity kernel: ACPI: IORT 0x000000013CB43A18 000054 (v05 BOCHS  BXPC     00000001 BXPC 00000001)
Jul 04 22:14:12 bity kernel: ACPI: SPCR: console: pl011,mmio32,0x9000000,9600
Jul 04 22:14:12 bity kernel: ACPI: Use ACPI SPCR as default console: Yes
Jul 04 22:14:12 bity kernel: NUMA: Faking a node at [mem 0x0000000040000000-0x000000013fffffff]
Jul 04 22:14:12 bity kernel: NODE_DATA(0) allocated [mem 0x13f6538c0-0x13f656fff]
Jul 04 22:14:12 bity kernel: Zone ranges:
Jul 04 22:14:12 bity kernel:   DMA      [mem 0x0000000040000000-0x00000000ffffffff]
Jul 04 22:14:12 bity kernel:   DMA32    empty
Jul 04 22:14:12 bity kernel:   Normal   [mem 0x0000000100000000-0x000000013fffffff]
Jul 04 22:14:12 bity kernel:   Device   empty
Jul 04 22:14:12 bity kernel: Movable zone start for each node
Jul 04 22:14:12 bity kernel: Early memory node ranges
Jul 04 22:14:12 bity kernel:   node   0: [mem 0x0000000040000000-0x000000013c67ffff]
Jul 04 22:14:12 bity kernel:   node   0: [mem 0x000000013c680000-0x000000013c68ffff]
Jul 04 22:14:12 bity kernel:   node   0: [mem 0x000000013c690000-0x000000013c76ffff]
Jul 04 22:14:12 bity kernel:   node   0: [mem 0x000000013c770000-0x000000013cb3ffff]
Jul 04 22:14:12 bity kernel:   node   0: [mem 0x000000013cb40000-0x000000013fe1ffff]
Jul 04 22:14:12 bity kernel:   node   0: [mem 0x000000013fe20000-0x000000013feaffff]
Jul 04 22:14:12 bity kernel:   node   0: [mem 0x000000013feb0000-0x000000013febffff]
Jul 04 22:14:12 bity kernel:   node   0: [mem 0x000000013fec0000-0x000000013ffdffff]
Jul 04 22:14:12 bity kernel:   node   0: [mem 0x000000013ffe0000-0x000000013fffffff]
Jul 04 22:14:12 bity kernel: Initmem setup node 0 [mem 0x0000000040000000-0x000000013fffffff]
Jul 04 22:14:12 bity kernel: cma: Reserved 64 MiB at 0x00000000fc000000 on node -1
Jul 04 22:14:12 bity kernel: psci: probing for conduit method from ACPI.
Jul 04 22:14:12 bity kernel: psci: PSCIv1.1 detected in firmware.
Jul 04 22:14:12 bity kernel: psci: Using standard PSCI v0.2 function IDs
Jul 04 22:14:12 bity kernel: psci: Trusted OS migration not required
Jul 04 22:14:12 bity kernel: psci: SMC Calling Convention v1.0
Jul 04 22:14:12 bity kernel: percpu: Embedded 34 pages/cpu s99800 r8192 d31272 u139264
Jul 04 22:14:12 bity kernel: pcpu-alloc: s99800 r8192 d31272 u139264 alloc=34*4096
Jul 04 22:14:12 bity kernel: pcpu-alloc: [0] 0 [0] 1 [0] 2 [0] 3 
Jul 04 22:14:12 bity kernel: Detected PIPT I-cache on CPU0
Jul 04 22:14:12 bity kernel: CPU features: detected: Address authentication (IMP DEF algorithm)
Jul 04 22:14:12 bity kernel: CPU features: detected: Spectre-v4
Jul 04 22:14:12 bity kernel: CPU features: detected: Spectre-BHB
Jul 04 22:14:12 bity kernel: alternatives: applying boot alternatives
Jul 04 22:14:12 bity kernel: Kernel command line: BOOT_IMAGE=/boot/vmlinuz-6.12.74+deb13+1-cloud-arm64 root=PARTUUID=1c0ffee5-dead-4bee-8faf-0000deadbeef ro
Jul 04 22:14:12 bity kernel: Dentry cache hash table entries: 524288 (order: 10, 4194304 bytes, linear)
Jul 04 22:14:12 bity kernel: Inode-cache hash table entries: 262144 (order: 9, 2097152 bytes, linear)
Jul 04 22:14:12 bity kernel: Fallback order for Node 0: 0 
Jul 04 22:14:12 bity kernel: Built 1 zonelists, mobility grouping on.  Total pages: 1048576
Jul 04 22:14:12 bity kernel: Policy zone: Normal
Jul 04 22:14:12 bity kernel: mem auto-init: stack:all(zero), heap alloc:on, heap free:off
Jul 04 22:14:12 bity kernel: software IO TLB: area num 4.
Jul 04 22:14:12 bity kernel: software IO TLB: mapped [mem 0x00000000f8000000-0x00000000fc000000] (64MB)
Jul 04 22:14:12 bity kernel: SLUB: HWalign=64, Order=0-3, MinObjects=0, CPUs=4, Nodes=1
Jul 04 22:14:12 bity kernel: ftrace: allocating 44185 entries in 173 pages
Jul 04 22:14:12 bity kernel: ftrace: allocated 173 pages with 5 groups
Jul 04 22:14:12 bity kernel: rcu: Hierarchical RCU implementation.
Jul 04 22:14:12 bity kernel: rcu:         RCU restricting CPUs from NR_CPUS=512 to nr_cpu_ids=4.
Jul 04 22:14:12 bity kernel:         Rude variant of Tasks RCU enabled.
Jul 04 22:14:12 bity kernel:         Tracing variant of Tasks RCU enabled.
Jul 04 22:14:12 bity kernel: rcu: RCU calculated value of scheduler-enlistment delay is 25 jiffies.
Jul 04 22:14:12 bity kernel: rcu: Adjusting geometry for rcu_fanout_leaf=16, nr_cpu_ids=4
Jul 04 22:14:12 bity kernel: RCU Tasks Rude: Setting shift to 2 and lim to 1 rcu_task_cb_adjust=1 rcu_task_cpu_ids=4.
Jul 04 22:14:12 bity kernel: RCU Tasks Trace: Setting shift to 2 and lim to 1 rcu_task_cb_adjust=1 rcu_task_cpu_ids=4.
Jul 04 22:14:12 bity kernel: NR_IRQS: 64, nr_irqs: 64, preallocated irqs: 0
Jul 04 22:14:12 bity kernel: Root IRQ handler: gic_handle_irq
Jul 04 22:14:12 bity kernel: GICv2m: ACPI overriding V2M MSI_TYPER (base:80, num:64)
Jul 04 22:14:12 bity kernel: GICv2m: range[mem 0x08020000-0x08020fff], SPI[80:143]
Jul 04 22:14:12 bity kernel: rcu: srcu_init: Setting srcu_struct sizes based on contention.
Jul 04 22:14:12 bity kernel: arch_timer: cp15 timer(s) running at 24.00MHz (virt).
Jul 04 22:14:12 bity kernel: clocksource: arch_sys_counter: mask: 0xffffffffffffff max_cycles: 0x588fe9dc0, max_idle_ns: 440795202592 ns
Jul 04 22:14:12 bity kernel: sched_clock: 56 bits at 24MHz, resolution 41ns, wraps every 4398046511097ns
Jul 04 22:14:12 bity kernel: Console: colour dummy device 80x25
Jul 04 22:14:12 bity kernel: ACPI: Core revision 20240827
Jul 04 22:14:12 bity kernel: Calibrating delay loop (skipped), value calculated using timer frequency.. 48.00 BogoMIPS (lpj=96000)
Jul 04 22:14:12 bity kernel: pid_max: default: 32768 minimum: 301
Jul 04 22:14:12 bity kernel: LSM: initializing lsm=lockdown,capability,landlock,yama,apparmor,tomoyo,bpf,ipe,ima,evm
Jul 04 22:14:12 bity kernel: landlock: Up and running.
Jul 04 22:14:12 bity kernel: Yama: disabled by default; enable with sysctl kernel.yama.*
Jul 04 22:14:12 bity kernel: AppArmor: AppArmor initialized
Jul 04 22:14:12 bity kernel: TOMOYO Linux initialized
Jul 04 22:14:12 bity kernel: LSM support for eBPF active
Jul 04 22:14:12 bity kernel: Mount-cache hash table entries: 8192 (order: 4, 65536 bytes, linear)
Jul 04 22:14:12 bity kernel: Mountpoint-cache hash table entries: 8192 (order: 4, 65536 bytes, linear)
Jul 04 22:14:12 bity kernel: rcu: Hierarchical SRCU implementation.
Jul 04 22:14:12 bity kernel: rcu:         Max phase no-delay instances is 1000.
Jul 04 22:14:12 bity kernel: Timer migration: 1 hierarchy levels; 8 children per group; 1 crossnode level
Jul 04 22:14:12 bity kernel: Remapping and enabling EFI services.
Jul 04 22:14:12 bity kernel: smp: Bringing up secondary CPUs ...
Jul 04 22:14:12 bity kernel: Detected PIPT I-cache on CPU1
Jul 04 22:14:12 bity kernel: CPU1: Booted secondary processor 0x0000000001 [0x610f0000]
Jul 04 22:14:12 bity kernel: Detected PIPT I-cache on CPU2
Jul 04 22:14:12 bity kernel: CPU2: Booted secondary processor 0x0000000002 [0x610f0000]
Jul 04 22:14:12 bity kernel: Detected PIPT I-cache on CPU3
Jul 04 22:14:12 bity kernel: CPU3: Booted secondary processor 0x0000000003 [0x610f0000]
Jul 04 22:14:12 bity kernel: smp: Brought up 1 node, 4 CPUs
Jul 04 22:14:12 bity kernel: SMP: Total of 4 processors activated.
Jul 04 22:14:12 bity kernel: CPU: All CPU(s) started at EL1
Jul 04 22:14:12 bity kernel: CPU features: detected: Branch Target Identification
Jul 04 22:14:12 bity kernel: CPU features: detected: ARMv8.4 Translation Table Level
Jul 04 22:14:12 bity kernel: CPU features: detected: Data cache clean to the PoU not required for I/D coherence
Jul 04 22:14:12 bity kernel: CPU features: detected: Common not Private translations
Jul 04 22:14:12 bity kernel: CPU features: detected: CRC32 instructions
Jul 04 22:14:12 bity kernel: CPU features: detected: Data cache clean to Point of Deep Persistence
Jul 04 22:14:12 bity kernel: CPU features: detected: Data cache clean to Point of Persistence
Jul 04 22:14:12 bity kernel: CPU features: detected: Data independent timing control (DIT)
Jul 04 22:14:12 bity kernel: CPU features: detected: E0PD
Jul 04 22:14:12 bity kernel: CPU features: detected: Enhanced Privileged Access Never
Jul 04 22:14:12 bity kernel: CPU features: detected: Generic authentication (IMP DEF algorithm)
Jul 04 22:14:12 bity kernel: CPU features: detected: RCpc load-acquire (LDAPR)
Jul 04 22:14:12 bity kernel: CPU features: detected: LSE atomic instructions
Jul 04 22:14:12 bity kernel: CPU features: detected: Privileged Access Never
Jul 04 22:14:12 bity kernel: CPU features: detected: RAS Extension Support
Jul 04 22:14:12 bity kernel: CPU features: detected: Speculation barrier (SB)
Jul 04 22:14:12 bity kernel: CPU features: detected: TLB range maintenance instructions
Jul 04 22:14:12 bity kernel: alternatives: applying system-wide alternatives
Jul 04 22:14:12 bity kernel: node 0 deferred pages initialised in 0ms
Jul 04 22:14:12 bity kernel: Memory: 3922824K/4194304K available (14208K kernel code, 2774K rwdata, 10740K rodata, 2112K init, 908K bss, 201300K reserved, 65536K cma-reserved)
Jul 04 22:14:12 bity kernel: devtmpfs: initialized
Jul 04 22:14:12 bity kernel: setend instruction emulation is not supported on this system
Jul 04 22:14:12 bity kernel: clocksource: jiffies: mask: 0xffffffff max_cycles: 0xffffffff, max_idle_ns: 7645041785100000 ns
Jul 04 22:14:12 bity kernel: futex hash table entries: 1024 (order: 4, 65536 bytes, linear)
Jul 04 22:14:12 bity kernel: 2G module region forced by RANDOMIZE_MODULE_REGION_FULL
Jul 04 22:14:12 bity kernel: 0 pages in range for non-PLT usage
Jul 04 22:14:12 bity kernel: 516544 pages in range for PLT usage
Jul 04 22:14:12 bity kernel: pinctrl core: initialized pinctrl subsystem
Jul 04 22:14:12 bity kernel: SMBIOS 3.0.0 present.
Jul 04 22:14:12 bity kernel: DMI: QEMU QEMU Virtual Machine, BIOS edk2-stable202408-prebuilt.qemu.org 08/13/2024
Jul 04 22:14:12 bity kernel: DMI: Memory slots populated: 1/1
Jul 04 22:14:12 bity kernel: NET: Registered PF_NETLINK/PF_ROUTE protocol family
Jul 04 22:14:12 bity kernel: DMA: preallocated 512 KiB GFP_KERNEL pool for atomic allocations
Jul 04 22:14:12 bity kernel: DMA: preallocated 512 KiB GFP_KERNEL|GFP_DMA pool for atomic allocations
Jul 04 22:14:12 bity kernel: DMA: preallocated 512 KiB GFP_KERNEL|GFP_DMA32 pool for atomic allocations
Jul 04 22:14:12 bity kernel: audit: initializing netlink subsys (disabled)
Jul 04 22:14:12 bity kernel: audit: type=2000 audit(0.004:1): state=initialized audit_enabled=0 res=1
Jul 04 22:14:12 bity kernel: thermal_sys: Registered thermal governor 'fair_share'
Jul 04 22:14:12 bity kernel: thermal_sys: Registered thermal governor 'bang_bang'
Jul 04 22:14:12 bity kernel: thermal_sys: Registered thermal governor 'step_wise'
Jul 04 22:14:12 bity kernel: thermal_sys: Registered thermal governor 'user_space'
Jul 04 22:14:12 bity kernel: cpuidle: using governor ladder
Jul 04 22:14:12 bity kernel: cpuidle: using governor menu
Jul 04 22:14:12 bity kernel: hw-breakpoint: found 6 breakpoint and 4 watchpoint registers.
Jul 04 22:14:12 bity kernel: ASID allocator initialised with 65536 entries
Jul 04 22:14:12 bity kernel: acpiphp: ACPI Hot Plug PCI Controller Driver version: 0.5
Jul 04 22:14:12 bity kernel: Serial: AMBA PL011 UART driver
Jul 04 22:14:12 bity kernel: HugeTLB: registered 1.00 GiB page size, pre-allocated 0 pages
Jul 04 22:14:12 bity kernel: HugeTLB: 0 KiB vmemmap can be freed for a 1.00 GiB page
Jul 04 22:14:12 bity kernel: HugeTLB: registered 32.0 MiB page size, pre-allocated 0 pages
Jul 04 22:14:12 bity kernel: HugeTLB: 0 KiB vmemmap can be freed for a 32.0 MiB page
Jul 04 22:14:12 bity kernel: HugeTLB: registered 2.00 MiB page size, pre-allocated 0 pages
Jul 04 22:14:12 bity kernel: HugeTLB: 0 KiB vmemmap can be freed for a 2.00 MiB page
Jul 04 22:14:12 bity kernel: HugeTLB: registered 64.0 KiB page size, pre-allocated 0 pages
Jul 04 22:14:12 bity kernel: HugeTLB: 0 KiB vmemmap can be freed for a 64.0 KiB page
Jul 04 22:14:12 bity kernel: ACPI: Added _OSI(Module Device)
Jul 04 22:14:12 bity kernel: ACPI: Added _OSI(Processor Device)
Jul 04 22:14:12 bity kernel: ACPI: Added _OSI(Processor Aggregator Device)
Jul 04 22:14:12 bity kernel: ACPI: 1 ACPI AML tables successfully acquired and loaded
Jul 04 22:14:12 bity kernel: ACPI: Interpreter enabled
Jul 04 22:14:12 bity kernel: ACPI: Using GIC for interrupt routing
Jul 04 22:14:12 bity kernel: ACPI: MCFG table detected, 1 entries
Jul 04 22:14:12 bity kernel: ACPI: CPU0 has been hot-added
Jul 04 22:14:12 bity kernel: ACPI: CPU1 has been hot-added
Jul 04 22:14:12 bity kernel: ACPI: CPU2 has been hot-added
Jul 04 22:14:12 bity kernel: ACPI: CPU3 has been hot-added
Jul 04 22:14:12 bity kernel: ARMH0011:00: ttyAMA0 at MMIO 0x9000000 (irq = 12, base_baud = 0) is a SBSA
Jul 04 22:14:12 bity kernel: printk: legacy console [ttyAMA0] enabled
Jul 04 22:14:12 bity kernel: ACPI: PCI: Interrupt link L000 configured for IRQ 35
Jul 04 22:14:12 bity kernel: ACPI: PCI: Interrupt link L001 configured for IRQ 36
Jul 04 22:14:12 bity kernel: ACPI: PCI: Interrupt link L002 configured for IRQ 37
Jul 04 22:14:12 bity kernel: ACPI: PCI: Interrupt link L003 configured for IRQ 38
Jul 04 22:14:12 bity kernel: ACPI: PCI Root Bridge [PCI0] (domain 0000 [bus 00-ff])
Jul 04 22:14:12 bity kernel: acpi PNP0A08:00: _OSC: OS supports [ExtendedConfig ASPM ClockPM Segments MSI HPX-Type3]
Jul 04 22:14:12 bity kernel: acpi PNP0A08:00: _OSC: platform does not support [LTR]
Jul 04 22:14:12 bity kernel: acpi PNP0A08:00: _OSC: OS now controls [PCIeHotplug PME AER PCIeCapability]
Jul 04 22:14:12 bity kernel: acpi PNP0A08:00: ECAM area [mem 0x4010000000-0x401fffffff] reserved by PNP0C02:00
Jul 04 22:14:12 bity kernel: acpi PNP0A08:00: ECAM at [mem 0x4010000000-0x401fffffff] for [bus 00-ff]
Jul 04 22:14:12 bity kernel: ACPI: Remapped I/O 0x000000003eff0000 to [io  0x0000-0xffff window]
Jul 04 22:14:12 bity kernel: PCI host bridge to bus 0000:00
Jul 04 22:14:12 bity kernel: pci_bus 0000:00: root bus resource [mem 0x10000000-0x3efeffff window]
Jul 04 22:14:12 bity kernel: pci_bus 0000:00: root bus resource [io  0x0000-0xffff window]
Jul 04 22:14:12 bity kernel: pci_bus 0000:00: root bus resource [mem 0x8000000000-0xffffffffff window]
Jul 04 22:14:12 bity kernel: pci_bus 0000:00: root bus resource [bus 00-ff]
Jul 04 22:14:12 bity kernel: pci 0000:00:00.0: [1b36:0008] type 00 class 0x060000 conventional PCI endpoint
Jul 04 22:14:12 bity kernel: pci 0000:00:01.0: [1af4:1004] type 00 class 0x010000 conventional PCI endpoint
Jul 04 22:14:12 bity kernel: pci 0000:00:01.0: BAR 0 [io  0x00c0-0x00ff]
Jul 04 22:14:12 bity kernel: pci 0000:00:01.0: BAR 1 [mem 0x10044000-0x10044fff]
Jul 04 22:14:12 bity kernel: pci 0000:00:01.0: BAR 4 [mem 0x8000000000-0x8000003fff 64bit pref]
Jul 04 22:14:12 bity kernel: pci 0000:00:02.0: [1af4:1000] type 00 class 0x020000 conventional PCI endpoint
Jul 04 22:14:12 bity kernel: pci 0000:00:02.0: BAR 0 [io  0x0120-0x013f]
Jul 04 22:14:12 bity kernel: pci 0000:00:02.0: BAR 1 [mem 0x10043000-0x10043fff]
Jul 04 22:14:12 bity kernel: pci 0000:00:02.0: BAR 4 [mem 0x8000004000-0x8000007fff 64bit pref]
Jul 04 22:14:12 bity kernel: pci 0000:00:02.0: ROM [mem 0xfffc0000-0xffffffff pref]
Jul 04 22:14:12 bity kernel: pci 0000:00:03.0: [1af4:1005] type 00 class 0x00ff00 conventional PCI endpoint
Jul 04 22:14:12 bity kernel: pci 0000:00:03.0: BAR 0 [io  0x0100-0x011f]
Jul 04 22:14:12 bity kernel: pci 0000:00:03.0: BAR 1 [mem 0x10042000-0x10042fff]
Jul 04 22:14:12 bity kernel: pci 0000:00:03.0: BAR 4 [mem 0x8000008000-0x800000bfff 64bit pref]
Jul 04 22:14:12 bity kernel: pci 0000:00:04.0: [1b36:0002] type 00 class 0x070002 conventional PCI endpoint
Jul 04 22:14:12 bity kernel: pci 0000:00:04.0: BAR 0 [io  0x0140-0x0147]
Jul 04 22:14:12 bity kernel: pci 0000:00:05.0: [1af4:1003] type 00 class 0x078000 conventional PCI endpoint
Jul 04 22:14:12 bity kernel: pci 0000:00:05.0: BAR 0 [io  0x0080-0x00bf]
Jul 04 22:14:12 bity kernel: pci 0000:00:05.0: BAR 1 [mem 0x10041000-0x10041fff]
Jul 04 22:14:12 bity kernel: pci 0000:00:05.0: BAR 4 [mem 0x800000c000-0x800000ffff 64bit pref]
Jul 04 22:14:12 bity kernel: pci 0000:00:06.0: [1af4:1001] type 00 class 0x010000 conventional PCI endpoint
Jul 04 22:14:12 bity kernel: pci 0000:00:06.0: BAR 0 [io  0x0000-0x007f]
Jul 04 22:14:12 bity kernel: pci 0000:00:06.0: BAR 1 [mem 0x10040000-0x10040fff]
Jul 04 22:14:12 bity kernel: pci 0000:00:06.0: BAR 4 [mem 0x8000010000-0x8000013fff 64bit pref]
Jul 04 22:14:12 bity kernel: pci 0000:00:02.0: ROM [mem 0x10000000-0x1003ffff pref]: assigned
Jul 04 22:14:12 bity kernel: pci 0000:00:01.0: BAR 4 [mem 0x8000000000-0x8000003fff 64bit pref]: assigned
Jul 04 22:14:12 bity kernel: pci 0000:00:02.0: BAR 4 [mem 0x8000004000-0x8000007fff 64bit pref]: assigned
Jul 04 22:14:12 bity kernel: pci 0000:00:03.0: BAR 4 [mem 0x8000008000-0x800000bfff 64bit pref]: assigned
Jul 04 22:14:12 bity kernel: pci 0000:00:05.0: BAR 4 [mem 0x800000c000-0x800000ffff 64bit pref]: assigned
Jul 04 22:14:12 bity kernel: pci 0000:00:06.0: BAR 4 [mem 0x8000010000-0x8000013fff 64bit pref]: assigned
Jul 04 22:14:12 bity kernel: pci 0000:00:01.0: BAR 1 [mem 0x10040000-0x10040fff]: assigned
Jul 04 22:14:12 bity kernel: pci 0000:00:02.0: BAR 1 [mem 0x10041000-0x10041fff]: assigned
Jul 04 22:14:12 bity kernel: pci 0000:00:03.0: BAR 1 [mem 0x10042000-0x10042fff]: assigned
Jul 04 22:14:12 bity kernel: pci 0000:00:05.0: BAR 1 [mem 0x10043000-0x10043fff]: assigned
Jul 04 22:14:12 bity kernel: pci 0000:00:06.0: BAR 1 [mem 0x10044000-0x10044fff]: assigned
Jul 04 22:14:12 bity kernel: pci 0000:00:06.0: BAR 0 [io  0x1000-0x107f]: assigned
Jul 04 22:14:12 bity kernel: pci 0000:00:01.0: BAR 0 [io  0x1080-0x10bf]: assigned
Jul 04 22:14:12 bity kernel: pci 0000:00:05.0: BAR 0 [io  0x10c0-0x10ff]: assigned
Jul 04 22:14:12 bity kernel: pci 0000:00:02.0: BAR 0 [io  0x1100-0x111f]: assigned
Jul 04 22:14:12 bity kernel: pci 0000:00:03.0: BAR 0 [io  0x1120-0x113f]: assigned
Jul 04 22:14:12 bity kernel: pci 0000:00:04.0: BAR 0 [io  0x1140-0x1147]: assigned
Jul 04 22:14:12 bity kernel: pci_bus 0000:00: resource 4 [mem 0x10000000-0x3efeffff window]
Jul 04 22:14:12 bity kernel: pci_bus 0000:00: resource 5 [io  0x0000-0xffff window]
Jul 04 22:14:12 bity kernel: pci_bus 0000:00: resource 6 [mem 0x8000000000-0xffffffffff window]
Jul 04 22:14:12 bity kernel: iommu: Default domain type: Translated
Jul 04 22:14:12 bity kernel: iommu: DMA domain TLB invalidation policy: strict mode
Jul 04 22:14:12 bity kernel: pps_core: LinuxPPS API ver. 1 registered
Jul 04 22:14:12 bity kernel: pps_core: Software ver. 5.3.6 - Copyright 2005-2007 Rodolfo Giometti <giometti@linux.it>
Jul 04 22:14:12 bity kernel: PTP clock support registered
