{"system":"lima/debian-13 (qemu,aarch64)","cat":"dmesg","cmd":"dmesg","exit":0,"output":"[    0.000000] Booting Linux on physical CPU 0x0000000000 [0x610f0000]\n[    0.000000] Linux version 6.12.74+deb13+1-cloud-arm64 (debian-kernel@lists.debian.org) (aarch64-linux-gnu-gcc-14 (Debian 14.2.0-19) 14.2.0, GNU ld (GNU Binutils for Debian) 2.44) #1 SMP Debian 6.12.74-2 (2026-03-08)\n[    0.000000] KASLR enabled\n[    0.000000] efi: EFI v2.7 by EDK II\n[    0.000000] efi: SMBIOS 3.0=0x13fed0000 MEMATTR=0x13e86e018 ACPI 2.0=0x13cb43018 MOKvar=0x13c680000 INITRD=0x13cb40298 RNG=0x13cb43198 MEMRESERVE=0x13cb40198 \n[    0.000000] random: crng init done\n[    0.000000] secureboot: Secure boot disabled\n[    0.000000] ACPI: Early table checksum verification disabled\n[    0.000000] ACPI: RSDP 0x000000013CB43018 000024 (v02 BOCHS )\n[    0.000000] ACPI: XSDT 0x000000013CB43F18 000064 (v01 BOCHS  BXPC     00000001      01000013)\n[    0.000000] ACPI: FACP 0x000000013CB43B18 000114 (v06 BOCHS  BXPC     00000001 BXPC 00000001)\n[    0.000000] ACPI: DSDT 0x000000013CB41018 001584 (v02 BOCHS  BXPC     00000001 BXPC 00000001)\n[    0.000000] ACPI: APIC 0x000000013CB43C98 00019C (v04 BOCHS  BXPC     00000001 BXPC 00000001)\n[    0.000000] ACPI: PPTT 0x000000013CB43098 00009C (v02 BOCHS  BXPC     00000001 BXPC 00000001)\n[    0.000000] ACPI: GTDT 0x000000013CB43818 000068 (v03 BOCHS  BXPC     00000001 BXPC 00000001)\n[    0.000000] ACPI: MCFG 0x000000013CB43A98 00003C (v01 BOCHS  BXPC     00000001 BXPC 00000001)\n[    0.000000] ACPI: SPCR 0x000000013CB43918 000050 (v02 BOCHS  BXPC     00000001 BXPC 00000001)\n[    0.000000] ACPI: DBG2 0x000000013CB43998 000057 (v00 BOCHS  BXPC     00000001 BXPC 00000001)\n[    0.000000] ACPI: IORT 0x000000013CB43A18 000054 (v05 BOCHS  BXPC     00000001 BXPC 00000001)\n[    0.000000] ACPI: SPCR: console: pl011,mmio32,0x9000000,9600\n[    0.000000] ACPI: Use ACPI SPCR as default console: Yes\n[    0.000000] NUMA: Faking a node at [mem 0x0000000040000000-0x000000013fffffff]\n[    0.000000] NODE_DATA(0) allocated [mem 0x13f6538c0-0x13f656fff]\n[    0.000000] Zone ranges:\n[    0.000000]   DMA      [mem 0x0000000040000000-0x00000000ffffffff]\n[    0.000000]   DMA32    empty\n[    0.000000]   Normal   [mem 0x0000000100000000-0x000000013fffffff]\n[    0.000000]   Device   empty\n[    0.000000] Movable zone start for each node\n[    0.000000] Early memory node ranges\n[    0.000000]   node   0: [mem 0x0000000040000000-0x000000013c67ffff]\n[    0.000000]   node   0: [mem 0x000000013c680000-0x000000013c68ffff]\n[    0.000000]   node   0: [mem 0x000000013c690000-0x000000013c76ffff]\n[    0.000000]   node   0: [mem 0x000000013c770000-0x000000013cb3ffff]\n[    0.000000]   node   0: [mem 0x000000013cb40000-0x000000013fe1ffff]\n[    0.000000]   node   0: [mem 0x000000013fe20000-0x000000013feaffff]\n[    0.000000]   node   0: [mem 0x000000013feb0000-0x000000013febffff]\n[    0.000000]   node   0: [mem 0x000000013fec0000-0x000000013ffdffff]\n[    0.000000]   node   0: [mem 0x000000013ffe0000-0x000000013fffffff]\n[    0.000000] Initmem setup node 0 [mem 0x0000000040000000-0x000000013fffffff]\n[    0.000000] cma: Reserved 64 MiB at 0x00000000fc000000 on node -1\n[    0.000000] psci: probing for conduit method from ACPI.\n[    0.000000] psci: PSCIv1.1 detected in firmware.\n[    0.000000] psci: Using standard PSCI v0.2 function IDs\n[    0.000000] psci: Trusted OS migration not required\n[    0.000000] psci: SMC Calling Convention v1.0\n[    0.000000] percpu: Embedded 34 pages/cpu s99800 r8192 d31272 u139264\n[    0.000000] pcpu-alloc: s99800 r8192 d31272 u139264 alloc=34*4096\n[    0.000000] pcpu-alloc: [0] 0 [0] 1 [0] 2 [0] 3 \n[    0.000000] Detected PIPT I-cache on CPU0\n[    0.000000] CPU features: detected: Address authentication (IMP DEF algorithm)\n[    0.000000] CPU features: detected: Spectre-v4\n[    0.000000] CPU features: detected: Spectre-BHB\n[    0.000000] alternatives: applying boot alternatives\n[    0.000000] Kernel command line: BOOT_IMAGE=/boot/vmlinuz-6.12.74+deb13+1-cloud-arm64 root=PARTUUID=1c0ffee5-dead-4bee-8faf-0000deadbeef ro\n[    0.000000] Dentry cache hash table entries: 524288 (order: 10, 4194304 bytes, linear)\n[    0.000000] Inode-cache hash table entries: 262144 (order: 9, 2097152 bytes, linear)\n[    0.000000] Fallback order for Node 0: 0 \n[    0.000000] Built 1 zonelists, mobility grouping on.  Total pages: 1048576\n[    0.000000] Policy zone: Normal\n[    0.000000] mem auto-init: stack:all(zero), heap alloc:on, heap free:off\n[    0.000000] software IO TLB: area num 4.\n[    0.000000] software IO TLB: mapped [mem 0x00000000f8000000-0x00000000fc000000] (64MB)\n[    0.000000] SLUB: HWalign=64, Order=0-3, MinObjects=0, CPUs=4, Nodes=1\n[    0.000000] ftrace: allocating 44185 entries in 173 pages\n[    0.000000] ftrace: allocated 173 pages with 5 groups\n[    0.000000] rcu: Hierarchical RCU implementation.\n[    0.000000] rcu: \tRCU restricting CPUs from NR_CPUS=512 to nr_cpu_ids=4.\n[    0.000000] \tRude variant of Tasks RCU enabled.\n[    0.000000] \tTracing variant of Tasks RCU enabled.\n[    0.000000] rcu: RCU calculated value of scheduler-enlistment delay is 25 jiffies.\n[    0.000000] rcu: Adjusting geometry for rcu_fanout_leaf=16, nr_cpu_ids=4\n[    0.000000] RCU Tasks Rude: Setting shift to 2 and lim to 1 rcu_task_cb_adjust=1 rcu_task_cpu_ids=4.\n[    0.000000] RCU Tasks Trace: Setting shift to 2 and lim to 1 rcu_task_cb_adjust=1 rcu_task_cpu_ids=4.\n[    0.000000] NR_IRQS: 64, nr_irqs: 64, preallocated irqs: 0\n[    0.000000] Root IRQ handler: gic_handle_irq\n[    0.000000] GICv2m: ACPI overriding V2M MSI_TYPER (base:80, num:64)\n[    0.000000] GICv2m: range[mem 0x08020000-0x08020fff], SPI[80:143]\n[    0.000000] rcu: srcu_init: Setting srcu_struct sizes based on contention.\n[    0.000000] arch_timer: cp15 timer(s) running at 24.00MHz (virt).\n[    0.000000] clocksource: arch_sys_counter: mask: 0xffffffffffffff max_cycles: 0x588fe9dc0, max_idle_ns: 440795202592 ns\n[    0.000000] sched_clock: 56 bits at 24MHz, resolution 41ns, wraps every 4398046511097ns\n[    0.000030] Console: colour dummy device 80x25\n[    0.000039] ACPI: Core revision 20240827\n[    0.000050] Calibrating delay loop (skipped), value calculated using timer frequency.. 48.00 BogoMIPS (lpj=96000)\n[    0.000051] pid_max: default: 32768 minimum: 301\n[    0.000063] LSM: initializing lsm=lockdown,capability,landlock,yama,apparmor,tomoyo,bpf,ipe,ima,evm\n[    0.000096] landlock: Up and running.\n[    0.000096] Yama: disabled by default; enable with sysctl kernel.yama.*\n[    0.000139] AppArmor: AppArmor initialized\n[    0.000155] TOMOYO Linux initialized\n[    0.000281] LSM support for eBPF active\n[    0.000311] Mount-cache hash table entries: 8192 (order: 4, 65536 bytes, linear)\n[    0.000312] Mountpoint-cache hash table entries: 8192 (order: 4, 65536 bytes, linear)\n[    0.000506] rcu: Hierarchical SRCU implementation.\n[    0.000506] rcu: \tMax phase no-delay instances is 1000.\n[    0.000521] Timer migration: 1 hierarchy levels; 8 children per group; 1 crossnode level\n[    0.000588] Remapping and enabling EFI services.\n[    0.000634] smp: Bringing up secondary CPUs ...\n[    0.000766] Detected PIPT I-cache on CPU1\n[    0.000829] CPU1: Booted secondary processor 0x0000000001 [0x610f0000]\n[    0.001032] Detected PIPT I-cache on CPU2\n[    0.001097] CPU2: Booted secondary processor 0x0000000002 [0x610f0000]\n[    0.001271] Detected PIPT I-cache on CPU3\n[    0.001345] CPU3: Booted secondary processor 0x0000000003 [0x610f0000]\n[    0.001413] smp: Brought up 1 node, 4 CPUs\n[    0.001414] SMP: Total of 4 processors activated.\n[    0.001414] CPU: All CPU(s) started at EL1\n[    0.001416] CPU features: detected: Branch Target Identification\n[    0.001417] CPU features: detected: ARMv8.4 Translation Table Level\n[    0.001417] CPU features: detected: Data cache clean to the PoU not required for I/D coherence\n[    0.001418] CPU features: detected: Common not Private translations\n[    0.001418] CPU features: detected: CRC32 instructions\n[    0.001418] CPU features: detected: Data cache clean to Point of Deep Persistence\n[    0.001418] CPU features: detected: Data cache clean to Point of Persistence\n[    0.001418] CPU features: detected: Data independent timing control (DIT)\n[    0.001419] CPU features: detected: E0PD\n[    0.001419] CPU features: detected: Enhanced Privileged Access Never\n[    0.001420] CPU features: detected: Generic authentication (IMP DEF algorithm)\n[    0.001420] CPU features: detected: RCpc load-acquire (LDAPR)\n[    0.001420] CPU features: detected: LSE atomic instructions\n[    0.001420] CPU features: detected: Privileged Access Never\n[    0.001421] CPU features: detected: RAS Extension Support\n[    0.001421] CPU features: detected: Speculation barrier (SB)\n[    0.001421] CPU features: detected: TLB range maintenance instructions\n[    0.001488] alternatives: applying system-wide alternatives\n[    0.002291] node 0 deferred pages initialised in 0ms\n[    0.002382] Memory: 3922824K/4194304K available (14208K kernel code, 2774K rwdata, 10740K rodata, 2112K init, 908K bss, 201300K reserved, 65536K cma-reserved)\n[    0.002586] devtmpfs: initialized\n[    0.002784] setend instruction emulation is not supported on this system\n[    0.002833] clocksource: jiffies: mask: 0xffffffff max_cycles: 0xffffffff, max_idle_ns: 7645041785100000 ns\n[    0.002835] futex hash table entries: 1024 (order: 4, 65536 bytes, linear)\n[    0.002899] 2G module region forced by RANDOMIZE_MODULE_REGION_FULL\n[    0.002899] 0 pages in range for non-PLT usage\n[    0.002899] 516544 pages in range for PLT usage\n[    0.002916] pinctrl core: initialized pinctrl subsystem\n[    0.002946] SMBIOS 3.0.0 present.\n[    0.002947] DMI: QEMU QEMU Virtual Machine, BIOS edk2-stable202408-prebuilt.qemu.org 08/13/2024\n[    0.002949] DMI: Memory slots populated: 1/1\n[    0.003718] NET: Registered PF_NETLINK/PF_ROUTE protocol family\n[    0.004123] DMA: preallocated 512 KiB GFP_KERNEL pool for atomic allocations\n[    0.004142] DMA: preallocated 512 KiB GFP_KERNEL|GFP_DMA pool for atomic allocations\n[    0.004166] DMA: preallocated 512 KiB GFP_KERNEL|GFP_DMA32 pool for atomic allocations\n[    0.004170] audit: initializing netlink subsys (disabled)\n[    0.004263] audit: type=2000 audit(0.004:1): state=initialized audit_enabled=0 res=1\n[    0.004292] thermal_sys: Registered thermal governor 'fair_share'\n[    0.004293] thermal_sys: Registered thermal governor 'bang_bang'\n[    0.004293] thermal_sys: Registered thermal governor 'step_wise'\n[    0.004293] thermal_sys: Registered thermal governor 'user_space'\n[    0.004297] cpuidle: using governor ladder\n[    0.004298] cpuidle: using governor menu\n[    0.004307] hw-breakpoint: found 6 breakpoint and 4 watchpoint registers.\n[    0.004419] ASID allocator initialised with 65536 entries\n[    0.004432] acpiphp: ACPI Hot Plug PCI Controller Driver version: 0.5\n[    0.004437] Serial: AMBA PL011 UART driver\n[    0.004809] HugeTLB: registered 1.00 GiB page size, pre-allocated 0 pages\n[    0.004809] HugeTLB: 0 KiB vmemmap can be freed for a 1.00 GiB page\n[    0.004810] HugeTLB: registered 32.0 MiB page size, pre-allocated 0 pages\n[    0.004811] HugeTLB: 0 KiB vmemmap can be freed for a 32.0 MiB page\n[    0.004811] HugeTLB: registered 2.00 MiB page size, pre-allocated 0 pages\n[    0.004811] HugeTLB: 0 KiB vmemmap can be freed for a 2.00 MiB page\n[    0.004811] HugeTLB: registered 64.0 KiB page size, pre-allocated 0 pages\n[    0.004812] HugeTLB: 0 KiB vmemmap can be freed for a 64.0 KiB page\n[    0.005315] ACPI: Added _OSI(Module Device)\n[    0.005315] ACPI: Added _OSI(Processor Device)\n[    0.005316] ACPI: Added _OSI(Processor Aggregator Device)\n[    0.005470] ACPI: 1 ACPI AML tables successfully acquired and loaded\n[    0.005632] ACPI: Interpreter enabled\n[    0.005632] ACPI: Using GIC for interrupt routing\n[    0.005636] ACPI: MCFG table detected, 1 entries\n[    0.006049] ACPI: CPU0 has been hot-added\n[    0.006055] ACPI: CPU1 has been hot-added\n[    0.006059] ACPI: CPU2 has been hot-added\n[    0.006066] ACPI: CPU3 has been hot-added\n[    0.006101] ARMH0011:00: ttyAMA0 at MMIO 0x9000000 (irq = 12, base_baud = 0) is a SBSA\n[    0.006104] printk: legacy console [ttyAMA0] enabled\n[    0.043449] ACPI: PCI: Interrupt link L000 configured for IRQ 35\n[    0.043653] ACPI: PCI: Interrupt link L001 configured for IRQ 36\n[    0.043877] ACPI: PCI: Interrupt link L002 configured for IRQ 37\n[    0.044077] ACPI: PCI: Interrupt link L003 configured for IRQ 38\n[    0.044278] ACPI: PCI Root Bridge [PCI0] (domain 0000 [bus 00-ff])\n[    0.044541] acpi PNP0A08:00: _OSC: OS supports [ExtendedConfig ASPM ClockPM Segments MSI HPX-Type3]\n[    0.044853] acpi PNP0A08:00: _OSC: platform does not support [LTR]\n[    0.045086] acpi PNP0A08:00: _OSC: OS now controls [PCIeHotplug PME AER PCIeCapability]\n[    0.045425] acpi PNP0A08:00: ECAM area [mem 0x4010000000-0x401fffffff] reserved by PNP0C02:00\n[    0.045728] acpi PNP0A08:00: ECAM at [mem 0x4010000000-0x401fffffff] for [bus 00-ff]\n[    0.045992] ACPI: Remapped I/O 0x000000003eff0000 to [io  0x0000-0xffff window]\n[    0.046318] PCI host bridge to bus 0000:00\n[    0.046456] pci_bus 0000:00: root bus resource [mem 0x10000000-0x3efeffff window]\n[    0.046700] pci_bus 0000:00: root bus resource [io  0x0000-0xffff window]\n[    0.046920] pci_bus 0000:00: root bus resource [mem 0x8000000000-0xffffffffff window]\n[    0.047174] pci_bus 0000:00: root bus resource [bus 00-ff]\n[    0.047360] pci 0000:00:00.0: [1b36:0008] type 00 class 0x060000 conventional PCI endpoint\n[    0.047702] pci 0000:00:01.0: [1af4:1004] type 00 class 0x010000 conventional PCI endpoint\n[    0.048106] pci 0000:00:01.0: BAR 0 [io  0x00c0-0x00ff]\n[    0.048485] pci 0000:00:01.0: BAR 1 [mem 0x10044000-0x10044fff]\n[    0.048973] pci 0000:00:01.0: BAR 4 [mem 0x8000000000-0x8000003fff 64bit pref]\n[    0.049481] pci 0000:00:02.0: [1af4:1000] type 00 class 0x020000 conventional PCI endpoint\n[    0.049868] pci 0000:00:02.0: BAR 0 [io  0x0120-0x013f]\n[    0.050130] pci 0000:00:02.0: BAR 1 [mem 0x10043000-0x10043fff]\n[    0.050622] pci 0000:00:02.0: BAR 4 [mem 0x8000004000-0x8000007fff 64bit pref]\n[    0.051028] pci 0000:00:02.0: ROM [mem 0xfffc0000-0xffffffff pref]\n[    0.051331] pci 0000:00:03.0: [1af4:1005] type 00 class 0x00ff00 conventional PCI endpoint\n[    0.051709] pci 0000:00:03.0: BAR 0 [io  0x0100-0x011f]\n[    0.051970] pci 0000:00:03.0: BAR 1 [mem 0x10042000-0x10042fff]\n[    0.052514] pci 0000:00:03.0: BAR 4 [mem 0x8000008000-0x800000bfff 64bit pref]\n[    0.052917] pci 0000:00:04.0: [1b36:0002] type 00 class 0x070002 conventional PCI endpoint\n[    0.053331] pci 0000:00:04.0: BAR 0 [io  0x0140-0x0147]\n[    0.053653] pci 0000:00:05.0: [1af4:1003] type 00 class 0x078000 conventional PCI endpoint\n[    0.054044] pci 0000:00:05.0: BAR 0 [io  0x0080-0x00bf]\n[    0.054324] pci 0000:00:05.0: BAR 1 [mem 0x10041000-0x10041fff]\n[    0.054849] pci 0000:00:05.0: BAR 4 [mem 0x800000c000-0x800000ffff 64bit pref]\n[    0.055254] pci 0000:00:06.0: [1af4:1001] type 00 class 0x010000 conventional PCI endpoint\n[    0.055615] pci 0000:00:06.0: BAR 0 [io  0x0000-0x007f]\n[    0.055872] pci 0000:00:06.0: BAR 1 [mem 0x10040000-0x10040fff]\n[    0.056326] pci 0000:00:06.0: BAR 4 [mem 0x8000010000-0x8000013fff 64bit pref]\n[    0.056734] pci 0000:00:02.0: ROM [mem 0x10000000-0x1003ffff pref]: assigned\n[    0.056966] pci 0000:00:01.0: BAR 4 [mem 0x8000000000-0x8000003fff 64bit pref]: assigned\n[    0.057276] pci 0000:00:02.0: BAR 4 [mem 0x8000004000-0x8000007fff 64bit pref]: assigned\n[    0.057545] pci 0000:00:03.0: BAR 4 [mem 0x8000008000-0x800000bfff 64bit pref]: assigned\n[    0.057848] pci 0000:00:05.0: BAR 4 [mem 0x800000c000-0x800000ffff 64bit pref]: assigned\n[    0.058121] pci 0000:00:06.0: BAR 4 [mem 0x8000010000-0x8000013fff 64bit pref]: assigned\n[    0.058485] pci 0000:00:01.0: BAR 1 [mem 0x10040000-0x10040fff]: assigned\n[    0.058710] pci 0000:00:02.0: BAR 1 [mem 0x10041000-0x10041fff]: assigned\n[    0.058955] pci 0000:00:03.0: BAR 1 [mem 0x10042000-0x10042fff]: assigned\n[    0.059179] pci 0000:00:05.0: BAR 1 [mem 0x10043000-0x10043fff]: assigned\n[    0.059406] pci 0000:00:06.0: BAR 1 [mem 0x10044000-0x10044fff]: assigned\n[    0.059947] pci 0000:00:06.0: BAR 0 [io  0x1000-0x107f]: assigned\n[    0.060237] pci 0000:00:01.0: BAR 0 [io  0x1080-0x10bf]: assigned\n[    0.060518] pci 0000:00:05.0: BAR 0 [io  0x10c0-0x10ff]: assigned\n[    0.060799] pci 0000:00:02.0: BAR 0 [io  0x1100-0x111f]: assigned\n[    0.061090] pci 0000:00:03.0: BAR 0 [io  0x1120-0x113f]: assigned\n[    0.061374] pci 0000:00:04.0: BAR 0 [io  0x1140-0x1147]: assigned\n[    0.061576] pci_bus 0000:00: resource 4 [mem 0x10000000-0x3efeffff window]\n[    0.061800] pci_bus 0000:00: resource 5 [io  0x0000-0xffff window]\n[    0.062024] pci_bus 0000:00: resource 6 [mem 0x8000000000-0xffffffffff window]\n[    0.062571] iommu: Default domain type: Translated\n[    0.062764] iommu: DMA domain TLB invalidation policy: strict mode\n[    0.063126] pps_core: LinuxPPS API ver. 1 registered\n[    0.063290] pps_core: Software ver. 5.3.6 - Copyright 2005-2007 Rodolfo Giometti <giometti@linux.it>\n[    0.063598] PTP clock support registered\n[    0.063731] scmi_core: SCMI protocol bus registered\n[    0.063934] efivars: Registered efivars operations\n[    0.064166] NetLabel: Initializing\n[    0.064278] NetLabel:  domain hash size = 128\n[    0.064419] NetLabel:  protocols = UNLABELED CIPSOv4 CALIPSO\n[    0.064607] NetLabel:  unlabeled traffic allowed by default\n[    0.064914] vgaarb: loaded\n[    0.065147] clocksource: Switched to clocksource arch_sys_counter\n[    0.065620] VFS: Disk quotas dquot_6.6.0\n[    0.065759] VFS: Dquot-cache hash table entries: 512 (order 0, 4096 bytes)\n[    0.066252] AppArmor: AppArmor Filesystem Enabled\n[    0.066419] pnp: PnP ACPI init\n[    0.066544] system 00:00: [mem 0x4010000000-0x401fffffff window] could not be reserved\n[    0.066809] pnp: PnP ACPI: found 1 devices\n[    0.070158] NET: Registered PF_INET protocol family\n[    0.070346] IP idents hash table entries: 65536 (order: 7, 524288 bytes, linear)\n[    0.075335] tcp_listen_portaddr_hash hash table entries: 2048 (order: 3, 32768 bytes, linear)\n[    0.075722] Table-perturb hash table entries: 65536 (order: 6, 262144 bytes, linear)\n[    0.076005] TCP established hash table entries: 32768 (order: 6, 262144 bytes, linear)\n[    0.076318] TCP bind hash table entries: 32768 (order: 8, 1048576 bytes, linear)\n[    0.076581] TCP: Hash tables configured (established 32768 bind 32768)\n[    0.076814] MPTCP token hash table entries: 4096 (order: 5, 98304 bytes, linear)\n[    0.077062] UDP hash table entries: 2048 (order: 4, 65536 bytes, linear)\n[    0.077306] UDP-Lite hash table entries: 2048 (order: 4, 65536 bytes, linear)\n[    0.077552] NET: Registered PF_UNIX/PF_LOCAL protocol family\n[    0.077756] NET: Registered PF_XDP protocol family\n[    0.077923] PCI: CLS 0 bytes, default 64\n[    0.078273] Trying to unpack rootfs image as initramfs...\n[    0.081207] kvm [1]: HYP mode not available\n[    0.081594] Initialise system trusted keyrings\n[    0.081755] Key type blacklist registered\n[    0.082008] workingset: timestamp_bits=42 max_order=20 bucket_order=0\n[    0.082361] fuse: init (API version 7.41)\n[    0.082685] integrity: Platform Keyring initialized\n[    0.082859] integrity: Machine keyring initialized\n[    0.091701] Key type asymmetric registered\n[    0.091864] Asymmetric key parser 'x509' registered\n[    0.111088] Freeing initrd memory: 17808K\n[    0.113376] Block layer SCSI generic (bsg) driver version 0.4 loaded (major 246)\n[    0.115207] input: Power Button as /devices/LNXSYSTM:00/LNXSYBUS:00/PNP0C0C:00/input/input0\n[    0.115511] ACPI: button: Power Button [PWRB]\n[    0.115951] ACPI: \\_SB_.L001: Enabled at IRQ 36\n[    0.116121] virtio-pci 0000:00:01.0: enabling device (0005 -> 0007)\n[    0.116631] ACPI: \\_SB_.L002: Enabled at IRQ 37\n[    0.116784] virtio-pci 0000:00:02.0: enabling device (0005 -> 0007)\n[    0.117234] ACPI: \\_SB_.L003: Enabled at IRQ 38\n[    0.117452] virtio-pci 0000:00:03.0: enabling device (0005 -> 0007)\n[    0.117893] virtio-pci 0000:00:05.0: enabling device (0005 -> 0007)\n[    0.118342] virtio-pci 0000:00:06.0: enabling device (0005 -> 0007)\n[    0.118821] Serial: 8250/16550 driver, 4 ports, IRQ sharing enabled\n[    0.119318] ACPI: \\_SB_.L000: Enabled at IRQ 35\n[    0.119493] serial 0000:00:04.0: enabling device (0000 -> 0001)\n[    0.140740] 0000:00:04.0: ttyS0 at I/O 0x1140 (irq = 45, base_baud = 115200) is a 16550A\n[    0.141138] Serial: AMBA driver\n[    0.141299] msm_serial: driver initialized\n[    0.142451] Key type psk registered\n[    0.143122] rtc-efi rtc-efi.0: registered as rtc0\n[    0.143316] rtc-efi rtc-efi.0: setting system clock to 2026-07-05T05:14:11 UTC (1783228451)\n[    0.143727] NET: Registered PF_INET6 protocol family\n[    0.145786] Segment Routing with IPv6\n[    0.145920] In-situ OAM (IOAM) with IPv6\n[    0.146102] mip6: Mobile IPv6\n[    0.146203] NET: Registered PF_PACKET protocol family\n[    0.146939] registered taskstats version 1\n[    0.147135] Loading compiled-in X.509 certificates\n[    0.152974] Loaded X.509 cert 'Build time autogenerated kernel key: e55a87260ba26203efd80902bf36670cb67bf3a6'\n[    0.153998] Demotion targets for Node 0: null\n[    0.154246] Key type .fscrypt registered\n[    0.154388] Key type fscrypt-provisioning registered\n[    0.160468] Key type encrypted registered\n[    0.160613] AppArmor: AppArmor sha256 policy hashing enabled\n[    0.160965] ima: secureboot mode disabled\n[    0.161105] ima: No TPM chip found, activating TPM-bypass!\n[    0.161305] ima: Allocated hash algorithm: sha256\n[    0.161463] ima: No architecture policies found\n[    0.161624] evm: Initialising EVM extended attributes:\n[    0.161820] evm: security.selinux\n[    0.161937] evm: security.SMACK64 (disabled)\n[    0.162255] evm: security.SMACK64EXEC (disabled)\n[    0.162417] evm: security.SMACK64TRANSMUTE (disabled)\n[    0.162579] evm: security.SMACK64MMAP (disabled)\n[    0.162751] evm: security.apparmor\n[    0.162860] evm: security.ima\n[    0.162955] evm: security.capability\n[    0.163070] evm: HMAC attrs: 0x1\n[    0.173500] clk: Disabling unused clocks\n[    0.173660] PM: genpd: Disabling unused power domains\n[    0.174332] Freeing unused kernel memory: 2112K\n[    0.177602] Checked W+X mappings: passed, no W+X pages found\n[    0.178132] Run /init as init process\n[    0.178256]   with arguments:\n[    0.178257]     /init\n[    0.178258]   with environment:\n[    0.178258]     HOME=/\n[    0.178258]     TERM=linux\n[    0.236609] virtio_blk virtio4: 4/0/0 default/read/poll queues\n[    0.237198] virtio_blk virtio4: [vda] 209715200 512-byte logical blocks (107 GB/100 GiB)\n[    0.239477]  vda: vda1 vda15\n[    0.239653] SCSI subsystem initialized\n[    0.242689] virtio_net virtio1 enp0s2: renamed from eth0\n[    0.242711] virtio_scsi virtio0: 4/0/0 default/read/poll queues\n[    0.246182] scsi host0: Virtio SCSI HBA\n[    0.246863] scsi 0:0:0:0: CD-ROM            QEMU     QEMU CD-ROM      2.5+ PQ: 0 ANSI: 5\n[    0.265557] sr 0:0:0:0: Power-on or device reset occurred\n[    0.265891] sr 0:0:0:0: [sr0] scsi3-mmc drive: 16x/50x cd/rw xa/form2 cdda tray\n[    0.266178] cdrom: Uniform CD-ROM driver Revision: 3.20\n[    0.266724] sr 0:0:0:0: Attached scsi CD-ROM sr0\n[    0.379425] EXT4-fs (vda1): orphan cleanup on readonly fs\n[    0.379765] EXT4-fs (vda1): mounted filesystem 1c0ffee5-dead-4bee-8faf-0000deadbeef ro with ordered data mode. Quota mode: none.\n[    0.401294] Not activating Mandatory Access Control as /sbin/tomoyo-init does not exist.\n[    0.434233] systemd[1]: Inserted module 'autofs4'\n[    0.456580] systemd[1]: systemd 257.9-1~deb13u1 running in system mode (+PAM +AUDIT +SELINUX +APPARMOR +IMA +IPE +SMACK +SECCOMP +GCRYPT -GNUTLS +OPENSSL +ACL +BLKID +CURL +ELFUTILS +FIDO2 +IDN2 -IDN +IPTC +KMOD +LIBCRYPTSETUP +LIBCRYPTSETUP_PLUGINS +LIBFDISK +PCRE2 +PWQUALITY +P11KIT +QRENCODE +TPM2 +BZIP2 +LZ4 +XZ +ZLIB +ZSTD +BPF_FRAMEWORK +BTF -XKBCOMMON -UTMP +SYSVINIT +LIBARCHIVE)\n[    0.458085] systemd[1]: Detected virtualization qemu.\n[    0.458281] systemd[1]: Detected architecture arm64.\n[    0.460099] systemd[1]: Hostname set to <bity>.\n[    0.573703] systemd[1]: bpf-restrict-fs: LSM BPF program attached\n[    0.691674] NET: Registered PF_VSOCK protocol family\n[    0.742298] systemd[1]: Queued start job for default target graphical.target.\n[    0.771282] systemd[1]: Created slice system-getty.slice - Slice /system/getty.\n[    0.772089] systemd[1]: Created slice system-modprobe.slice - Slice /system/modprobe.\n[    0.772844] systemd[1]: Created slice system-serial\\x2dgetty.slice - Slice /system/serial-getty.\n[    0.773711] systemd[1]: Created slice system-systemd\\x2dfsck.slice - Slice /system/systemd-fsck.\n[    0.774505] systemd[1]: Created slice user.slice - User and Session Slice.\n[    0.775161] systemd[1]: Started systemd-ask-password-console.path - Dispatch Password Requests to Console Directory Watch.\n[    0.775986] systemd[1]: Started systemd-ask-password-wall.path - Forward Password Requests to Wall Directory Watch.\n[    0.777006] systemd[1]: Set up automount proc-sys-fs-binfmt_misc.automount - Arbitrary Executable File Formats File System Automount Point.\n[    0.778178] systemd[1]: Expecting device dev-disk-by\\x2dpartuuid-61c63606\\x2d03a2\\x2d4056\\x2d864b\\x2d648d9f493707.device - /dev/disk/by-partuuid/1c0ffee5-dead-4bee-8faf-0000deadbeef...\n[    0.779141] systemd[1]: Expecting device dev-hvc0.device - /dev/hvc0...\n[    0.779640] systemd[1]: Expecting device dev-ttyAMA0.device - /dev/ttyAMA0...\n[    0.780197] systemd[1]: Reached target paths.target - Path Units.\n[    0.780700] systemd[1]: Reached target remote-fs.target - Remote File Systems.\n[    0.781303] systemd[1]: Reached target slices.target - Slice Units.\n[    0.781839] systemd[1]: Reached target swap.target - Swaps.\n[    0.782748] systemd[1]: Listening on systemd-creds.socket - Credential Encryption/Decryption.\n[    0.783451] systemd[1]: Listening on systemd-initctl.socket - initctl Compatibility Named Pipe.\n[    0.784152] systemd[1]: Listening on systemd-journald-dev-log.socket - Journal Socket (/dev/log).\n[    0.784853] systemd[1]: Listening on systemd-journald.socket - Journal Sockets.\n[    0.785512] systemd[1]: Listening on systemd-networkd.socket - Network Service Netlink Socket.\n[    0.786182] systemd[1]: systemd-pcrextend.socket - TPM PCR Measurements was skipped because of an unmet condition check (ConditionSecurity=measured-uki).\n[    0.786802] systemd[1]: systemd-pcrlock.socket - Make TPM PCR Policy was skipped because of an unmet condition check (ConditionSecurity=measured-uki).\n[    0.787341] systemd[1]: Listening on systemd-udevd-control.socket - udev Control Socket.\n[    0.787989] systemd[1]: Listening on systemd-udevd-kernel.socket - udev Kernel Socket.\n[    0.789101] systemd[1]: Mounting dev-hugepages.mount - Huge Pages File System...\n[    0.790140] systemd[1]: Mounting dev-mqueue.mount - POSIX Message Queue File System...\n[    0.791112] systemd[1]: Mounting run-lock.mount - Legacy Locks Directory /run/lock...\n[    0.792094] systemd[1]: Mounting sys-kernel-debug.mount - Kernel Debug File System...\n[    0.794876] systemd[1]: Mounting sys-kernel-tracing.mount - Kernel Trace File System...\n[    0.795809] systemd[1]: Mounting tmp.mount - Temporary Directory /tmp...\n[    0.796603] systemd[1]: Starting kmod-static-nodes.service - Create List of Static Device Nodes...\n[    0.797651] systemd[1]: Starting modprobe@configfs.service - Load Kernel Module configfs...\n[    0.798598] systemd[1]: Starting modprobe@drm.service - Load Kernel Module drm...\n[    0.799624] systemd[1]: Starting modprobe@efi_pstore.service - Load Kernel Module efi_pstore...\n[    0.800916] systemd[1]: Starting modprobe@fuse.service - Load Kernel Module fuse...\n[    0.802646] systemd[1]: netplan-ovs-cleanup.service - OpenVSwitch configuration for cleanup was skipped because of an unmet condition check (ConditionFileIsExecutable=/usr/bin/ovs-vsctl).\n[    0.803290] systemd[1]: systemd-fsck-root.service - File System Check on Root Device was skipped because of an unmet condition check (ConditionPathExists=!/run/initramfs/fsck-root).\n[    0.804133] systemd[1]: systemd-hibernate-clear.service - Clear Stale Hibernate Storage Info was skipped because of an unmet condition check (ConditionPathExists=/sys/firmware/efi/efivars/HibernateLocation-1c0ffee5-dead-4bee-8faf-0000deadbeef).\n[    0.805491] pstore: Using crash dump compression: deflate\n[    0.806559] systemd[1]: Starting systemd-journald.service - Journal Service...\n[    0.808803] pstore: Registered efi_pstore as persistent store backend\n[    0.809218] systemd[1]: Starting systemd-modules-load.service - Load Kernel Modules...\n[    0.810565] systemd[1]: Starting systemd-network-generator.service - Generate network units from Kernel command line...\n[    0.811745] systemd[1]: systemd-pcrmachine.service - TPM PCR Machine ID Measurement was skipped because of an unmet condition check (ConditionSecurity=measured-uki).\n[    0.812880] systemd[1]: Starting systemd-remount-fs.service - Remount Root and Kernel File Systems...\n[    0.814668] systemd[1]: systemd-tpm2-setup-early.service - Early TPM SRK Setup was skipped because of an unmet condition check (ConditionSecurity=measured-uki).\n[    0.816275] systemd[1]: Starting systemd-udev-load-credentials.service - Load udev Rules from Credentials...\n[    0.817846] systemd[1]: Starting systemd-udev-trigger.service - Coldplug All udev Devices...\n[    0.819140] systemd-journald[308]: Collecting audit messages is disabled.\n[    0.820670] systemd[1]: Mounted dev-hugepages.mount - Huge Pages File System.\n[    0.821847] systemd[1]: Mounted dev-mqueue.mount - POSIX Message Queue File System.\n[    0.822647] systemd[1]: Mounted run-lock.mount - Legacy Locks Directory /run/lock.\n[    0.823264] systemd[1]: Mounted sys-kernel-debug.mount - Kernel Debug File System.\n[    0.823889] systemd[1]: Mounted sys-kernel-tracing.mount - Kernel Trace File System.\n[    0.824460] systemd[1]: Mounted tmp.mount - Temporary Directory /tmp.\n[    0.825048] systemd[1]: Finished kmod-static-nodes.service - Create List of Static Device Nodes.\n[    0.826035] EXT4-fs (vda1): re-mounted 1c0ffee5-dead-4bee-8faf-0000deadbeef r/w.\n[    0.826928] systemd[1]: Started systemd-journald.service - Journal Service.\n[    0.863646] EXT4-fs (vda1): resizing filesystem from 26181627 to 26181627 blocks\n[    0.864693] systemd-journald[308]: Received client request to flush runtime journal.\n[    0.929732] virtio_net virtio1 eth0: renamed from enp0s2\n[    0.937033] sr 0:0:0:0: Attached scsi generic sg0 type 5\n[    1.180258] ISO 9660 Extensions: IEEE_P1282\n[    1.941803] audit: type=1400 audit(1783228453.296:2): apparmor=\"STATUS\" operation=\"profile_load\" profile=\"unconfined\" name=\"1password\" pid=477 comm=\"apparmor_parser\"\n[    1.943734] audit: type=1400 audit(1783228453.296:3): apparmor=\"STATUS\" operation=\"profile_load\" profile=\"unconfined\" name=\"Discord\" pid=478 comm=\"apparmor_parser\"\n[    1.946516] audit: type=1400 audit(1783228453.296:4): apparmor=\"STATUS\" operation=\"profile_load\" profile=\"unconfined\" name=4D6F6E676F444220436F6D70617373 pid=479 comm=\"apparmor_parser\"\n[    1.948134] audit: type=1400 audit(1783228453.296:5): apparmor=\"STATUS\" operation=\"profile_load\" profile=\"unconfined\" name=\"QtWebEngineProcess\" pid=480 comm=\"apparmor_parser\"\n[    1.950235] audit: type=1400 audit(1783228453.296:6): apparmor=\"STATUS\" operation=\"profile_load\" profile=\"unconfined\" name=\"brave\" pid=486 comm=\"apparmor_parser\"\n[    1.951720] audit: type=1400 audit(1783228453.296:7): apparmor=\"STATUS\" operation=\"profile_load\" profile=\"unconfined\" name=\"balena-etcher\" pid=485 comm=\"apparmor_parser\"\n[    1.953321] audit: type=1400 audit(1783228453.296:8): apparmor=\"STATUS\" operation=\"profile_load\" profile=\"unconfined\" name=\"buildah\" pid=487 comm=\"apparmor_parser\"\n[    1.954417] audit: type=1400 audit(1783228453.296:9): apparmor=\"STATUS\" operation=\"profile_load\" profile=\"unconfined\" name=\"busybox\" pid=488 comm=\"apparmor_parser\"\n[    1.955371] audit: type=1400 audit(1783228453.296:10): apparmor=\"STATUS\" operation=\"profile_load\" profile=\"unconfined\" name=\"cam\" pid=489 comm=\"apparmor_parser\"\n[    2.928684] ISO 9660 Extensions: IEEE_P1282\n[    2.941967] tun: Universal TUN/TAP device driver, 1.6\n[    2.959932] bridge: filtering via arp/ip/ip6tables is no longer available by default. Update your scripts to load br_netfilter if you need this.\n[    5.344627] overlayfs: failed to set xattr on upper\n[    5.345004] overlayfs: ...falling back to redirect_dir=nofollow.\n[    5.345390] overlayfs: ...falling back to uuid=null.\n[    5.345908] overlayfs: try mounting with 'userxattr' option\n[    5.407828] buildkit0: port 1(vetha23c2aff) entered blocking state\n[    5.408242] buildkit0: port 1(vetha23c2aff) entered disabled state\n[    5.408481] vetha23c2aff: entered allmulticast mode\n[    5.408690] vetha23c2aff: entered promiscuous mode\n[    5.416765] buildkit0: port 1(vetha23c2aff) entered blocking state\n[    5.417040] buildkit0: port 1(vetha23c2aff) entered forwarding state\n[   13.166689] systemd-journald[308]: Time jumped backwards, rotating.\n"}
{"system":"lima/debian-13 (qemu,aarch64)","cat":"dmesg","cmd":"dmesg -T","exit":0,"output":"[Sat Jul  4 22:14:09 2026] Booting Linux on physical CPU 0x0000000000 [0x610f0000]\n[Sat Jul  4 22:14:09 2026] Linux version 6.12.74+deb13+1-cloud-arm64 (debian-kernel@lists.debian.org) (aarch64-linux-gnu-gcc-14 (Debian 14.2.0-19) 14.2.0, GNU ld (GNU Binutils for Debian) 2.44) #1 SMP Debian 6.12.74-2 (2026-03-08)\n[Sat Jul  4 22:14:09 2026] KASLR enabled\n[Sat
Jul  4 22:14:09 2026] efi: EFI v2.7 by EDK II\n[Sat
Jul  4 22:14:09 2026] efi: SMBIOS 3.0=0x13fed0000 MEMATTR=0x13e86e018 ACPI 2.0=0x13cb43018 MOKvar=0x13c680000 INITRD=0x13cb40298 RNG=0x13cb43198 MEMRESERVE=0x13cb40198 \n[Sat
Jul  4 22:14:09 2026] random: crng init done\n[Sat
Jul  4 22:14:09 2026] secureboot: Secure boot disabled\n[Sat
Jul  4 22:14:09 2026] ACPI: Early table checksum verification disabled\n[Sat
Jul  4 22:14:09 2026] ACPI: RSDP 0x000000013CB43018 000024 (v02 BOCHS )\n[Sat
Jul  4 22:14:09 2026] ACPI: XSDT 0x000000013CB43F18 000064 (v01 BOCHS  BXPC     00000001      01000013)\n[Sat
Jul  4 22:14:09 2026] ACPI: FACP 0x000000013CB43B18 000114 (v06 BOCHS  BXPC     00000001 BXPC 00000001)\n[Sat
Jul  4 22:14:09 2026] ACPI: DSDT 0x000000013CB41018 001584 (v02 BOCHS  BXPC     00000001 BXPC 00000001)\n[Sat
Jul  4 22:14:09 2026] ACPI: APIC 0x000000013CB43C98 00019C (v04 BOCHS  BXPC     00000001 BXPC 00000001)\n[Sat
Jul  4 22:14:09 2026] ACPI: PPTT 0x000000013CB43098 00009C (v02 BOCHS  BXPC     00000001 BXPC 00000001)\n[Sat
Jul  4 22:14:09 2026] ACPI: GTDT 0x000000013CB43818 000068 (v03 BOCHS  BXPC     00000001 BXPC 00000001)\n[Sat
Jul  4 22:14:09 2026] ACPI: MCFG 0x000000013CB43A98 00003C (v01 BOCHS  BXPC     00000001 BXPC 00000001)\n[Sat
Jul  4 22:14:09 2026] ACPI: SPCR 0x000000013CB43918 000050 (v02 BOCHS  BXPC     00000001 BXPC 00000001)\n[Sat
Jul  4 22:14:09 2026] ACPI: DBG2 0x000000013CB43998 000057 (v00 BOCHS  BXPC     00000001 BXPC 00000001)\n[Sat
Jul  4 22:14:09 2026] ACPI: IORT 0x000000013CB43A18 000054 (v05 BOCHS  BXPC     00000001 BXPC 00000001)\n[Sat
Jul  4 22:14:09 2026] ACPI: SPCR: console: pl011,mmio32,0x9000000,9600\n[Sat
Jul  4 22:14:09 2026] ACPI: Use ACPI SPCR as default console: Yes\n[Sat
Jul  4 22:14:09 2026] NUMA: Faking a node at [mem 0x0000000040000000-0x000000013fffffff]\n[Sat Jul  4 22:14:09 2026] NODE_DATA(0) allocated [mem 0x13f6538c0-0x13f656fff]\n[Sat Jul  4 22:14:09 2026] Zone ranges:\n[Sat Jul  4 22:14:09 2026]   DMA      [mem 0x0000000040000000-0x00000000ffffffff]\n[Sat Jul  4 22:14:09 2026]   DMA32    empty\n[Sat Jul  4 22:14:09 2026]   Normal   [mem 0x0000000100000000-0x000000013fffffff]\n[Sat Jul  4 22:14:09 2026]   Device   empty\n[Sat Jul  4 22:14:09 2026] Movable zone start for each node\n[Sat Jul  4 22:14:09 2026] Early memory node ranges\n[Sat Jul  4 22:14:09 2026]   node   0: [mem 0x0000000040000000-0x000000013c67ffff]\n[Sat Jul  4 22:14:09 2026]   node   0: [mem 0x000000013c680000-0x000000013c68ffff]\n[Sat Jul  4 22:14:09 2026]   node   0: [mem 0x000000013c690000-0x000000013c76ffff]\n[Sat Jul  4 22:14:09 2026]   node   0: [mem 0x000000013c770000-0x000000013cb3ffff]\n[Sat Jul  4 22:14:09 2026]   node   0: [mem 0x000000013cb40000-0x000000013fe1ffff]\n[Sat Jul  4 22:14:09 2026]   node   0: [mem 0x000000013fe20000-0x000000013feaffff]\n[Sat Jul  4 22:14:09 2026]   node   0: [mem 0x000000013feb0000-0x000000013febffff]\n[Sat Jul  4 22:14:09 2026]   node   0: [mem 0x000000013fec0000-0x000000013ffdffff]\n[Sat Jul  4 22:14:09 2026]   node   0: [mem 0x000000013ffe0000-0x000000013fffffff]\n[Sat Jul  4 22:14:09 2026] Initmem setup node 0 [mem 0x0000000040000000-0x000000013fffffff]\n[Sat
Jul  4 22:14:09 2026] cma: Reserved 64 MiB at 0x00000000fc000000 on node -1\n[Sat
Jul  4 22:14:09 2026] psci: probing for conduit method from ACPI.\n[Sat
Jul  4 22:14:09 2026] psci: PSCIv1.1 detected in firmware.\n[Sat
Jul  4 22:14:09 2026] psci: Using standard PSCI v0.2 function IDs\n[Sat
Jul  4 22:14:09 2026] psci: Trusted OS migration not required\n[Sat
Jul  4 22:14:09 2026] psci: SMC Calling Convention v1.0\n[Sat
Jul  4 22:14:09 2026] percpu: Embedded 34 pages/cpu s99800 r8192 d31272 u139264\n[Sat
Jul  4 22:14:09 2026] pcpu-alloc: s99800 r8192 d31272 u139264 alloc=34*4096\n[Sat
Jul  4 22:14:09 2026] pcpu-alloc: [0] 0 [0] 1 [0] 2 [0] 3 \n[Sat Jul  4 22:14:09 2026] Detected PIPT I-cache on CPU0\n[Sat Jul  4 22:14:09 2026] CPU features: detected: Address authentication (IMP DEF algorithm)\n[Sat Jul  4 22:14:09 2026] CPU features: detected: Spectre-v4\n[Sat Jul  4 22:14:09 2026] CPU features: detected: Spectre-BHB\n[Sat
Jul  4 22:14:09 2026] alternatives: applying boot alternatives\n[Sat Jul  4 22:14:09 2026] Kernel command line: BOOT_IMAGE=/boot/vmlinuz-6.12.74+deb13+1-cloud-arm64 root=PARTUUID=1c0ffee5-dead-4bee-8faf-0000deadbeef ro\n[Sat Jul  4 22:14:09 2026] Dentry cache hash table entries: 524288 (order: 10, 4194304 bytes, linear)\n[Sat Jul  4 22:14:09 2026] Inode-cache hash table entries: 262144 (order: 9, 2097152 bytes, linear)\n[Sat Jul  4 22:14:09 2026] Fallback order for Node 0: 0 \n[Sat Jul  4 22:14:09 2026] Built 1 zonelists, mobility grouping on.  Total pages: 1048576\n[Sat Jul  4 22:14:09 2026] Policy zone: Normal\n[Sat Jul  4 22:14:09 2026] mem auto-init: stack:all(zero), heap alloc:on, heap free:off\n[Sat Jul  4 22:14:09 2026] software IO TLB: area num 4.\n[Sat Jul  4 22:14:09 2026] software IO TLB: mapped [mem 0x00000000f8000000-0x00000000fc000000] (64MB)\n[Sat
Jul  4 22:14:09 2026] SLUB: HWalign=64, Order=0-3, MinObjects=0, CPUs=4, Nodes=1\n[Sat
Jul  4 22:14:09 2026] ftrace: allocating 44185 entries in 173 pages\n[Sat
Jul  4 22:14:09 2026] ftrace: allocated 173 pages with 5 groups\n[Sat
Jul  4 22:14:09 2026] rcu: Hierarchical RCU implementation.\n[Sat
Jul  4 22:14:09 2026] rcu: \tRCU restricting CPUs from NR_CPUS=512 to nr_cpu_ids=4.\n[Sat Jul  4 22:14:09 2026] \tRude variant of Tasks RCU enabled.\n[Sat Jul  4 22:14:09 2026] \tTracing variant of Tasks RCU enabled.\n[Sat
Jul  4 22:14:09 2026] rcu: RCU calculated value of scheduler-enlistment delay is 25 jiffies.\n[Sat
Jul  4 22:14:09 2026] rcu: Adjusting geometry for rcu_fanout_leaf=16, nr_cpu_ids=4\n[Sat Jul  4 22:14:09 2026] RCU Tasks Rude: Setting shift to 2 and lim to 1 rcu_task_cb_adjust=1 rcu_task_cpu_ids=4.\n[Sat Jul  4 22:14:09 2026] RCU Tasks Trace: Setting shift to 2 and lim to 1 rcu_task_cb_adjust=1 rcu_task_cpu_ids=4.\n[Sat
Jul  4 22:14:09 2026] NR_IRQS: 64, nr_irqs: 64, preallocated irqs: 0\n[Sat Jul  4 22:14:09 2026] Root IRQ handler: gic_handle_irq\n[Sat
Jul  4 22:14:09 2026] GICv2m: ACPI overriding V2M MSI_TYPER (base:80, num:64)\n[Sat
Jul  4 22:14:09 2026] GICv2m: range[mem 0x08020000-0x08020fff], SPI[80:143]\n[Sat
Jul  4 22:14:09 2026] rcu: srcu_init: Setting srcu_struct sizes based on contention.\n[Sat
Jul  4 22:14:09 2026] arch_timer: cp15 timer(s) running at 24.00MHz (virt).\n[Sat
Jul  4 22:14:09 2026] clocksource: arch_sys_counter: mask: 0xffffffffffffff max_cycles: 0x588fe9dc0, max_idle_ns: 440795202592 ns\n[Sat
Jul  4 22:14:09 2026] sched_clock: 56 bits at 24MHz, resolution 41ns, wraps every 4398046511097ns\n[Sat
Jul  4 22:14:09 2026] Console: colour dummy device 80x25\n[Sat
Jul  4 22:14:09 2026] ACPI: Core revision 20240827\n[Sat Jul  4 22:14:09 2026] Calibrating delay loop (skipped), value calculated using timer frequency.. 48.00 BogoMIPS (lpj=96000)\n[Sat
Jul  4 22:14:09 2026] pid_max: default: 32768 minimum: 301\n[Sat
Jul  4 22:14:09 2026] LSM: initializing lsm=lockdown,capability,landlock,yama,apparmor,tomoyo,bpf,ipe,ima,evm\n[Sat
Jul  4 22:14:09 2026] landlock: Up and running.\n[Sat
Jul  4 22:14:09 2026] Yama: disabled by default; enable with sysctl kernel.yama.*\n[Sat
Jul  4 22:14:09 2026] AppArmor: AppArmor initialized\n[Sat Jul  4 22:14:09 2026] TOMOYO Linux initialized\n[Sat Jul  4 22:14:09 2026] LSM support for eBPF active\n[Sat Jul  4 22:14:09 2026] Mount-cache hash table entries: 8192 (order: 4, 65536 bytes, linear)\n[Sat Jul  4 22:14:09 2026] Mountpoint-cache hash table entries: 8192 (order: 4, 65536 bytes, linear)\n[Sat
Jul  4 22:14:09 2026] rcu: Hierarchical SRCU implementation.\n[Sat
Jul  4 22:14:09 2026] rcu: \tMax phase no-delay instances is 1000.\n[Sat Jul  4 22:14:09 2026] Timer migration: 1 hierarchy levels; 8 children per group; 1 crossnode level\n[Sat Jul  4 22:14:09 2026] Remapping and enabling EFI services.\n[Sat
Jul  4 22:14:09 2026] smp: Bringing up secondary CPUs ...\n[Sat Jul  4 22:14:09 2026] Detected PIPT I-cache on CPU1\n[Sat
Jul  4 22:14:09 2026] CPU1: Booted secondary processor 0x0000000001 [0x610f0000]\n[Sat Jul  4 22:14:09 2026] Detected PIPT I-cache on CPU2\n[Sat
Jul  4 22:14:09 2026] CPU2: Booted secondary processor 0x0000000002 [0x610f0000]\n[Sat Jul  4 22:14:09 2026] Detected PIPT I-cache on CPU3\n[Sat
Jul  4 22:14:09 2026] CPU3: Booted secondary processor 0x0000000003 [0x610f0000]\n[Sat
Jul  4 22:14:09 2026] smp: Brought up 1 node, 4 CPUs\n[Sat
Jul  4 22:14:09 2026] SMP: Total of 4 processors activated.\n[Sat
Jul  4 22:14:09 2026] CPU: All CPU(s) started at EL1\n[Sat Jul  4 22:14:09 2026] CPU features: detected: Branch Target Identification\n[Sat Jul  4 22:14:09 2026] CPU features: detected: ARMv8.4 Translation Table Level\n[Sat Jul  4 22:14:09 2026] CPU features: detected: Data cache clean to the PoU not required for I/D coherence\n[Sat Jul  4 22:14:09 2026] CPU features: detected: Common not Private translations\n[Sat Jul  4 22:14:09 2026] CPU features: detected: CRC32 instructions\n[Sat Jul  4 22:14:09 2026] CPU features: detected: Data cache clean to Point of Deep Persistence\n[Sat Jul  4 22:14:09 2026] CPU features: detected: Data cache clean to Point of Persistence\n[Sat Jul  4 22:14:09 2026] CPU features: detected: Data independent timing control (DIT)\n[Sat Jul  4 22:14:09 2026] CPU features: detected: E0PD\n[Sat Jul  4 22:14:09 2026] CPU features: detected: Enhanced Privileged Access Never\n[Sat Jul  4 22:14:09 2026] CPU features: detected: Generic authentication (IMP DEF algorithm)\n[Sat Jul  4 22:14:09 2026] CPU features: detected: RCpc load-acquire (LDAPR)\n[Sat Jul  4 22:14:09 2026] CPU features: detected: LSE atomic instructions\n[Sat Jul  4 22:14:09 2026] CPU features: detected: Privileged Access Never\n[Sat Jul  4 22:14:09 2026] CPU features: detected: RAS Extension Support\n[Sat Jul  4 22:14:09 2026] CPU features: detected: Speculation barrier (SB)\n[Sat Jul  4 22:14:09 2026] CPU features: detected: TLB range maintenance instructions\n[Sat
Jul  4 22:14:09 2026] alternatives: applying system-wide alternatives\n[Sat Jul  4 22:14:09 2026] node 0 deferred pages initialised in 0ms\n[Sat
Jul  4 22:14:09 2026] Memory: 3922824K/4194304K available (14208K kernel code, 2774K rwdata, 10740K rodata, 2112K init, 908K bss, 201300K reserved, 65536K cma-reserved)\n[Sat
Jul  4 22:14:09 2026] devtmpfs: initialized\n[Sat Jul  4 22:14:09 2026] setend instruction emulation is not supported on this system\n[Sat
Jul  4 22:14:09 2026] clocksource: jiffies: mask: 0xffffffff max_cycles: 0xffffffff, max_idle_ns: 7645041785100000 ns\n[Sat Jul  4 22:14:09 2026] futex hash table entries: 1024 (order: 4, 65536 bytes, linear)\n[Sat Jul  4 22:14:09 2026] 2G module region forced by RANDOMIZE_MODULE_REGION_FULL\n[Sat Jul  4 22:14:09 2026] 0 pages in range for non-PLT usage\n[Sat Jul  4 22:14:09 2026] 516544 pages in range for PLT usage\n[Sat Jul  4 22:14:09 2026] pinctrl core: initialized pinctrl subsystem\n[Sat Jul  4 22:14:09 2026] SMBIOS 3.0.0 present.\n[Sat
Jul  4 22:14:09 2026] DMI: QEMU QEMU Virtual Machine, BIOS edk2-stable202408-prebuilt.qemu.org 08/13/2024\n[Sat
Jul  4 22:14:09 2026] DMI: Memory slots populated: 1/1\n[Sat
Jul  4 22:14:09 2026] NET: Registered PF_NETLINK/PF_ROUTE protocol family\n[Sat
Jul  4 22:14:09 2026] DMA: preallocated 512 KiB GFP_KERNEL pool for atomic allocations\n[Sat
Jul  4 22:14:09 2026] DMA: preallocated 512 KiB GFP_KERNEL|GFP_DMA pool for atomic allocations\n[Sat
Jul  4 22:14:09 2026] DMA: preallocated 512 KiB GFP_KERNEL|GFP_DMA32 pool for atomic allocations\n[Sat
Jul  4 22:14:09 2026] audit: initializing netlink subsys (disabled)\n[Sat
Jul  4 22:14:09 2026] audit: type=2000 audit(0.004:1): state=initialized audit_enabled=0 res=1\n[Sat
Jul  4 22:14:09 2026] thermal_sys: Registered thermal governor 'fair_share'\n[Sat
Jul  4 22:14:09 2026] thermal_sys: Registered thermal governor 'bang_bang'\n[Sat
Jul  4 22:14:09 2026] thermal_sys: Registered thermal governor 'step_wise'\n[Sat
Jul  4 22:14:09 2026] thermal_sys: Registered thermal governor 'user_space'\n[Sat
Jul  4 22:14:09 2026] cpuidle: using governor ladder\n[Sat
Jul  4 22:14:09 2026] cpuidle: using governor menu\n[Sat
Jul  4 22:14:09 2026] hw-breakpoint: found 6 breakpoint and 4 watchpoint registers.\n[Sat Jul  4 22:14:09 2026] ASID allocator initialised with 65536 entries\n[Sat
Jul  4 22:14:09 2026] acpiphp: ACPI Hot Plug PCI Controller Driver version: 0.5\n[Sat
Jul  4 22:14:09 2026] Serial: AMBA PL011 UART driver\n[Sat
Jul  4 22:14:09 2026] HugeTLB: registered 1.00 GiB page size, pre-allocated 0 pages\n[Sat
Jul  4 22:14:09 2026] HugeTLB: 0 KiB vmemmap can be freed for a 1.00 GiB page\n[Sat
Jul  4 22:14:09 2026] HugeTLB: registered 32.0 MiB page size, pre-allocated 0 pages\n[Sat
Jul  4 22:14:09 2026] HugeTLB: 0 KiB vmemmap can be freed for a 32.0 MiB page\n[Sat
Jul  4 22:14:09 2026] HugeTLB: registered 2.00 MiB page size, pre-allocated 0 pages\n[Sat
Jul  4 22:14:09 2026] HugeTLB: 0 KiB vmemmap can be freed for a 2.00 MiB page\n[Sat
Jul  4 22:14:09 2026] HugeTLB: registered 64.0 KiB page size, pre-allocated 0 pages\n[Sat
Jul  4 22:14:09 2026] HugeTLB: 0 KiB vmemmap can be freed for a 64.0 KiB page\n[Sat
Jul  4 22:14:09 2026] ACPI: Added _OSI(Module Device)\n[Sat
Jul  4 22:14:09 2026] ACPI: Added _OSI(Processor Device)\n[Sat
Jul  4 22:14:09 2026] ACPI: Added _OSI(Processor Aggregator Device)\n[Sat
Jul  4 22:14:09 2026] ACPI: 1 ACPI AML tables successfully acquired and loaded\n[Sat
Jul  4 22:14:09 2026] ACPI: Interpreter enabled\n[Sat
Jul  4 22:14:09 2026] ACPI: Using GIC for interrupt routing\n[Sat
Jul  4 22:14:09 2026] ACPI: MCFG table detected, 1 entries\n[Sat
Jul  4 22:14:09 2026] ACPI: CPU0 has been hot-added\n[Sat
Jul  4 22:14:09 2026] ACPI: CPU1 has been hot-added\n[Sat
Jul  4 22:14:09 2026] ACPI: CPU2 has been hot-added\n[Sat
Jul  4 22:14:09 2026] ACPI: CPU3 has been hot-added\n[Sat
Jul  4 22:14:09 2026] ARMH0011:00: ttyAMA0 at MMIO 0x9000000 (irq = 12, base_baud = 0) is a SBSA\n[Sat
Jul  4 22:14:09 2026] printk: legacy console [ttyAMA0] enabled\n[Sat
Jul  4 22:14:09 2026] ACPI: PCI: Interrupt link L000 configured for IRQ 35\n[Sat
Jul  4 22:14:09 2026] ACPI: PCI: Interrupt link L001 configured for IRQ 36\n[Sat
Jul  4 22:14:09 2026] ACPI: PCI: Interrupt link L002 configured for IRQ 37\n[Sat
Jul  4 22:14:09 2026] ACPI: PCI: Interrupt link L003 configured for IRQ 38\n[Sat
Jul  4 22:14:09 2026] ACPI: PCI Root Bridge [PCI0] (domain 0000 [bus 00-ff])\n[Sat Jul  4 22:14:09 2026] acpi PNP0A08:00: _OSC: OS supports [ExtendedConfig ASPM ClockPM Segments MSI HPX-Type3]\n[Sat Jul  4 22:14:09 2026] acpi PNP0A08:00: _OSC: platform does not support [LTR]\n[Sat Jul  4 22:14:09 2026] acpi PNP0A08:00: _OSC: OS now controls [PCIeHotplug PME AER PCIeCapability]\n[Sat Jul  4 22:14:09 2026] acpi PNP0A08:00: ECAM area [mem 0x4010000000-0x401fffffff] reserved by PNP0C02:00\n[Sat Jul  4 22:14:09 2026] acpi PNP0A08:00: ECAM at [mem 0x4010000000-0x401fffffff] for [bus 00-ff]\n[Sat
Jul  4 22:14:09 2026] ACPI: Remapped I/O 0x000000003eff0000 to [io  0x0000-0xffff window]\n[Sat Jul  4 22:14:09 2026] PCI host bridge to bus 0000:00\n[Sat Jul  4 22:14:09 2026] pci_bus 0000:00: root bus resource [mem 0x10000000-0x3efeffff window]\n[Sat Jul  4 22:14:09 2026] pci_bus 0000:00: root bus resource [io  0x0000-0xffff window]\n[Sat Jul  4 22:14:09 2026] pci_bus 0000:00: root bus resource [mem 0x8000000000-0xffffffffff window]\n[Sat Jul  4 22:14:09 2026] pci_bus 0000:00: root bus resource [bus 00-ff]\n[Sat Jul  4 22:14:09 2026] pci 0000:00:00.0: [1b36:0008] type 00 class 0x060000 conventional PCI endpoint\n[Sat Jul  4 22:14:09 2026] pci 0000:00:01.0: [1af4:1004] type 00 class 0x010000 conventional PCI endpoint\n[Sat Jul  4 22:14:09 2026] pci 0000:00:01.0: BAR 0 [io  0x00c0-0x00ff]\n[Sat Jul  4 22:14:09 2026] pci 0000:00:01.0: BAR 1 [mem 0x10044000-0x10044fff]\n[Sat Jul  4 22:14:09 2026] pci 0000:00:01.0: BAR 4 [mem 0x8000000000-0x8000003fff 64bit pref]\n[Sat Jul  4 22:14:09 2026] pci 0000:00:02.0: [1af4:1000] type 00 class 0x020000 conventional PCI endpoint\n[Sat Jul  4 22:14:09 2026] pci 0000:00:02.0: BAR 0 [io  0x0120-0x013f]\n[Sat Jul  4 22:14:09 2026] pci 0000:00:02.0: BAR 1 [mem 0x10043000-0x10043fff]\n[Sat Jul  4 22:14:09 2026] pci 0000:00:02.0: BAR 4 [mem 0x8000004000-0x8000007fff 64bit pref]\n[Sat Jul  4 22:14:09 2026] pci 0000:00:02.0: ROM [mem 0xfffc0000-0xffffffff pref]\n[Sat Jul  4 22:14:09 2026] pci 0000:00:03.0: [1af4:1005] type 00 class 0x00ff00 conventional PCI endpoint\n[Sat Jul  4 22:14:09 2026] pci 0000:00:03.0: BAR 0 [io  0x0100-0x011f]\n[Sat Jul  4 22:14:09 2026] pci 0000:00:03.0: BAR 1 [mem 0x10042000-0x10042fff]\n[Sat Jul  4 22:14:09 2026] pci 0000:00:03.0: BAR 4 [mem 0x8000008000-0x800000bfff 64bit pref]\n[Sat Jul  4 22:14:09 2026] pci 0000:00:04.0: [1b36:0002] type 00 class 0x070002 conventional PCI endpoint\n[Sat Jul  4 22:14:09 2026] pci 0000:00:04.0: BAR 0 [io  0x0140-0x0147]\n[Sat Jul  4 22:14:09 2026] pci 0000:00:05.0: [1af4:1003] type 00 class 0x078000 conventional PCI endpoint\n[Sat Jul  4 22:14:09 2026] pci 0000:00:05.0: BAR 0 [io  0x0080-0x00bf]\n[Sat Jul  4 22:14:09 2026] pci 0000:00:05.0: BAR 1 [mem 0x10041000-0x10041fff]\n[Sat Jul  4 22:14:09 2026] pci 0000:00:05.0: BAR 4 [mem 0x800000c000-0x800000ffff 64bit pref]\n[Sat Jul  4 22:14:09 2026] pci 0000:00:06.0: [1af4:1001] type 00 class 0x010000 conventional PCI endpoint\n[Sat Jul  4 22:14:09 2026] pci 0000:00:06.0: BAR 0 [io  0x0000-0x007f]\n[Sat Jul  4 22:14:09 2026] pci 0000:00:06.0: BAR 1 [mem 0x10040000-0x10040fff]\n[Sat Jul  4 22:14:09 2026] pci 0000:00:06.0: BAR 4 [mem 0x8000010000-0x8000013fff 64bit pref]\n[Sat Jul  4 22:14:09 2026] pci 0000:00:02.0: ROM [mem 0x10000000-0x1003ffff pref]: assigned\n[Sat Jul  4 22:14:09 2026] pci 0000:00:01.0: BAR 4 [mem 0x8000000000-0x8000003fff 64bit pref]: assigned\n[Sat Jul  4 22:14:09 2026] pci 0000:00:02.0: BAR 4 [mem 0x8000004000-0x8000007fff 64bit pref]: assigned\n[Sat Jul  4 22:14:09 2026] pci 0000:00:03.0: BAR 4 [mem 0x8000008000-0x800000bfff 64bit pref]: assigned\n[Sat Jul  4 22:14:09 2026] pci 0000:00:05.0: BAR 4 [mem 0x800000c000-0x800000ffff 64bit pref]: assigned\n[Sat Jul  4 22:14:09 2026] pci 0000:00:06.0: BAR 4 [mem 0x8000010000-0x8000013fff 64bit pref]: assigned\n[Sat Jul  4 22:14:09 2026] pci 0000:00:01.0: BAR 1 [mem 0x10040000-0x10040fff]: assigned\n[Sat Jul  4 22:14:09 2026] pci 0000:00:02.0: BAR 1 [mem 0x10041000-0x10041fff]: assigned\n[Sat Jul  4 22:14:09 2026] pci 0000:00:03.0: BAR 1 [mem 0x10042000-0x10042fff]: assigned\n[Sat Jul  4 22:14:09 2026] pci 0000:00:05.0: BAR 1 [mem 0x10043000-0x10043fff]: assigned\n[Sat Jul  4 22:14:09 2026] pci 0000:00:06.0: BAR 1 [mem 0x10044000-0x10044fff]: assigned\n[Sat Jul  4 22:14:09 2026] pci 0000:00:06.0: BAR 0 [io  0x1000-0x107f]: assigned\n[Sat Jul  4 22:14:09 2026] pci 0000:00:01.0: BAR 0 [io  0x1080-0x10bf]: assigned\n[Sat Jul  4 22:14:09 2026] pci 0000:00:05.0: BAR 0 [io  0x10c0-0x10ff]: assigned\n[Sat Jul  4 22:14:09 2026] pci 0000:00:02.0: BAR 0 [io  0x1100-0x111f]: assigned\n[Sat Jul  4 22:14:09 2026] pci 0000:00:03.0: BAR 0 [io  0x1120-0x113f]: assigned\n[Sat Jul  4 22:14:09 2026] pci 0000:00:04.0: BAR 0 [io  0x1140-0x1147]: assigned\n[Sat Jul  4 22:14:09 2026] pci_bus 0000:00: resource 4 [mem 0x10000000-0x3efeffff window]\n[Sat Jul  4 22:14:09 2026] pci_bus 0000:00: resource 5 [io  0x0000-0xffff window]\n[Sat Jul  4 22:14:09 2026] pci_bus 0000:00: resource 6 [mem 0x8000000000-0xffffffffff window]\n[Sat
Jul  4 22:14:09 2026] iommu: Default domain type: Translated\n[Sat
Jul  4 22:14:09 2026] iommu: DMA domain TLB invalidation policy: strict mode\n[Sat
Jul  4 22:14:09 2026] pps_core: LinuxPPS API ver. 1 registered\n[Sat
Jul  4 22:14:09 2026] pps_core: Software ver. 5.3.6 - Copyright 2005-2007 Rodolfo Giometti <giometti@linux.it>\n[Sat Jul  4 22:14:09 2026] PTP clock support registered\n[Sat
Jul  4 22:14:09 2026] scmi_core: SCMI protocol bus registered\n[Sat
Jul  4 22:14:09 2026] efivars: Registered efivars operations\n[Sat
Jul  4 22:14:09 2026] NetLabel: Initializing\n[Sat
Jul  4 22:14:09 2026] NetLabel:  domain hash size = 128\n[Sat
Jul  4 22:14:09 2026] NetLabel:  protocols = UNLABELED CIPSOv4 CALIPSO\n[Sat
Jul  4 22:14:09 2026] NetLabel:  unlabeled traffic allowed by default\n[Sat
Jul  4 22:14:09 2026] vgaarb: loaded\n[Sat
Jul  4 22:14:09 2026] clocksource: Switched to clocksource arch_sys_counter\n[Sat
Jul  4 22:14:09 2026] VFS: Disk quotas dquot_6.6.0\n[Sat
Jul  4 22:14:09 2026] VFS: Dquot-cache hash table entries: 512 (order 0, 4096 bytes)\n[Sat
Jul  4 22:14:09 2026] AppArmor: AppArmor Filesystem Enabled\n[Sat
Jul  4 22:14:09 2026] pnp: PnP ACPI init\n[Sat Jul  4 22:14:09 2026] system 00:00: [mem 0x4010000000-0x401fffffff window] could not be reserved\n[Sat
Jul  4 22:14:09 2026] pnp: PnP ACPI: found 1 devices\n[Sat
Jul  4 22:14:10 2026] NET: Registered PF_INET protocol family\n[Sat Jul  4 22:14:10 2026] IP idents hash table entries: 65536 (order: 7, 524288 bytes, linear)\n[Sat Jul  4 22:14:10 2026] tcp_listen_portaddr_hash hash table entries: 2048 (order: 3, 32768 bytes, linear)\n[Sat Jul  4 22:14:10 2026] Table-perturb hash table entries: 65536 (order: 6, 262144 bytes, linear)\n[Sat Jul  4 22:14:10 2026] TCP established hash table entries: 32768 (order: 6, 262144 bytes, linear)\n[Sat Jul  4 22:14:10 2026] TCP bind hash table entries: 32768 (order: 8, 1048576 bytes, linear)\n[Sat
Jul  4 22:14:10 2026] TCP: Hash tables configured (established 32768 bind 32768)\n[Sat Jul  4 22:14:10 2026] MPTCP token hash table entries: 4096 (order: 5, 98304 bytes, linear)\n[Sat Jul  4 22:14:10 2026] UDP hash table entries: 2048 (order: 4, 65536 bytes, linear)\n[Sat Jul  4 22:14:10 2026] UDP-Lite hash table entries: 2048 (order: 4, 65536 bytes, linear)\n[Sat
Jul  4 22:14:10 2026] NET: Registered PF_UNIX/PF_LOCAL protocol family\n[Sat
Jul  4 22:14:10 2026] NET: Registered PF_XDP protocol family\n[Sat
Jul  4 22:14:10 2026] PCI: CLS 0 bytes, default 64\n[Sat Jul  4 22:14:10 2026] Trying to unpack rootfs image as initramfs...\n[Sat Jul  4 22:14:10 2026] kvm [1]: HYP mode not available\n[Sat Jul  4 22:14:10 2026] Initialise system trusted keyrings\n[Sat Jul  4 22:14:10 2026] Key type blacklist registered\n[Sat
Jul  4 22:14:10 2026] workingset: timestamp_bits=42 max_order=20 bucket_order=0\n[Sat
Jul  4 22:14:10 2026] fuse: init (API version 7.41)\n[Sat
Jul  4 22:14:10 2026] integrity: Platform Keyring initialized\n[Sat
Jul  4 22:14:10 2026] integrity: Machine keyring initialized\n[Sat Jul  4 22:14:10 2026] Key type asymmetric registered\n[Sat Jul  4 22:14:10 2026] Asymmetric key parser 'x509' registered\n[Sat Jul  4 22:14:10 2026] Freeing initrd memory: 17808K\n[Sat Jul  4 22:14:10 2026] Block layer SCSI generic (bsg) driver version 0.4 loaded (major 246)\n[Sat
Jul  4 22:14:10 2026] input: Power Button as /devices/LNXSYSTM:00/LNXSYBUS:00/PNP0C0C:00/input/input0\n[Sat
Jul  4 22:14:10 2026] ACPI: button: Power Button [PWRB]\n[Sat
Jul  4 22:14:10 2026] ACPI: \\_SB_.L001: Enabled at IRQ 36\n[Sat Jul  4 22:14:10 2026] virtio-pci 0000:00:01.0: enabling device (0005 -> 0007)\n[Sat
Jul  4 22:14:10 2026] ACPI: \\_SB_.L002: Enabled at IRQ 37\n[Sat Jul  4 22:14:10 2026] virtio-pci 0000:00:02.0: enabling device (0005 -> 0007)\n[Sat
Jul  4 22:14:10 2026] ACPI: \\_SB_.L003: Enabled at IRQ 38\n[Sat Jul  4 22:14:10 2026] virtio-pci 0000:00:03.0: enabling device (0005 -> 0007)\n[Sat Jul  4 22:14:10 2026] virtio-pci 0000:00:05.0: enabling device (0005 -> 0007)\n[Sat Jul  4 22:14:10 2026] virtio-pci 0000:00:06.0: enabling device (0005 -> 0007)\n[Sat
Jul  4 22:14:10 2026] Serial: 8250/16550 driver, 4 ports, IRQ sharing enabled\n[Sat
Jul  4 22:14:10 2026] ACPI: \\_SB_.L000: Enabled at IRQ 35\n[Sat Jul  4 22:14:10 2026] serial 0000:00:04.0: enabling device (0000 -> 0001)\n[Sat
Jul  4 22:14:10 2026] 0000:00:04.0: ttyS0 at I/O 0x1140 (irq = 45, base_baud = 115200) is a 16550A\n[Sat
Jul  4 22:14:10 2026] Serial: AMBA driver\n[Sat
Jul  4 22:14:10 2026] msm_serial: driver initialized\n[Sat Jul  4 22:14:10 2026] Key type psk registered\n[Sat Jul  4 22:14:10 2026] rtc-efi rtc-efi.0: registered as rtc0\n[Sat Jul  4 22:14:10 2026] rtc-efi rtc-efi.0: setting system clock to 2026-07-05T05:14:11 UTC (1783228451)\n[Sat
Jul  4 22:14:10 2026] NET: Registered PF_INET6 protocol family\n[Sat Jul  4 22:14:10 2026] Segment Routing with IPv6\n[Sat Jul  4 22:14:10 2026] In-situ OAM (IOAM) with IPv6\n[Sat
Jul  4 22:14:10 2026] mip6: Mobile IPv6\n[Sat
Jul  4 22:14:10 2026] NET: Registered PF_PACKET protocol family\n[Sat Jul  4 22:14:10 2026] registered taskstats version 1\n[Sat Jul  4 22:14:10 2026] Loading compiled-in X.509 certificates\n[Sat Jul  4 22:14:10 2026] Loaded X.509 cert 'Build time autogenerated kernel key: e55a87260ba26203efd80902bf36670cb67bf3a6'\n[Sat Jul  4 22:14:10 2026] Demotion targets for Node 0: null\n[Sat Jul  4 22:14:10 2026] Key type .fscrypt registered\n[Sat Jul  4 22:14:10 2026] Key type fscrypt-provisioning registered\n[Sat Jul  4 22:14:10 2026] Key type encrypted registered\n[Sat
Jul  4 22:14:10 2026] AppArmor: AppArmor sha256 policy hashing enabled\n[Sat
Jul  4 22:14:10 2026] ima: secureboot mode disabled\n[Sat
Jul  4 22:14:10 2026] ima: No TPM chip found, activating TPM-bypass!\n[Sat
Jul  4 22:14:10 2026] ima: Allocated hash algorithm: sha256\n[Sat
Jul  4 22:14:10 2026] ima: No architecture policies found\n[Sat
Jul  4 22:14:10 2026] evm: Initialising EVM extended attributes:\n[Sat
Jul  4 22:14:10 2026] evm: security.selinux\n[Sat
Jul  4 22:14:10 2026] evm: security.SMACK64 (disabled)\n[Sat
Jul  4 22:14:10 2026] evm: security.SMACK64EXEC (disabled)\n[Sat
Jul  4 22:14:10 2026] evm: security.SMACK64TRANSMUTE (disabled)\n[Sat
Jul  4 22:14:10 2026] evm: security.SMACK64MMAP (disabled)\n[Sat
Jul  4 22:14:10 2026] evm: security.apparmor\n[Sat
Jul  4 22:14:10 2026] evm: security.ima\n[Sat
Jul  4 22:14:10 2026] evm: security.capability\n[Sat
Jul  4 22:14:10 2026] evm: HMAC attrs: 0x1\n[Sat
Jul  4 22:14:10 2026] clk: Disabling unused clocks\n[Sat
Jul  4 22:14:10 2026] PM: genpd: Disabling unused power domains\n[Sat Jul  4 22:14:10 2026] Freeing unused kernel memory: 2112K\n[Sat Jul  4 22:14:10 2026] Checked W+X mappings: passed, no W+X pages found\n[Sat Jul  4 22:14:10 2026] Run /init as init process\n[Sat Jul  4 22:14:10 2026]   with arguments:\n[Sat Jul  4 22:14:10 2026]     /init\n[Sat Jul  4 22:14:10 2026]   with environment:\n[Sat Jul  4 22:14:10 2026]     HOME=/\n[Sat Jul  4 22:14:10 2026]     TERM=linux\n[Sat Jul  4 22:14:10 2026] virtio_blk virtio4: 4/0/0 default/read/poll queues\n[Sat Jul  4 22:14:10 2026] virtio_blk virtio4: [vda] 209715200 512-byte logical blocks (107 GB/100 GiB)\n[Sat Jul  4 22:14:10 2026]  vda: vda1 vda15\n[Sat Jul  4 22:14:10 2026] SCSI subsystem initialized\n[Sat Jul  4 22:14:10 2026] virtio_net virtio1 enp0s2: renamed from eth0\n[Sat Jul  4 22:14:10 2026] virtio_scsi virtio0: 4/0/0 default/read/poll queues\n[Sat Jul  4 22:14:10 2026] scsi host0: Virtio SCSI HBA\n[Sat Jul  4 22:14:10 2026] scsi 0:0:0:0: CD-ROM            QEMU     QEMU CD-ROM      2.5+ PQ: 0 ANSI: 5\n[Sat Jul  4 22:14:10 2026] sr 0:0:0:0: Power-on or device reset occurred\n[Sat Jul  4 22:14:10 2026] sr 0:0:0:0: [sr0] scsi3-mmc drive: 16x/50x cd/rw xa/form2 cdda tray\n[Sat
Jul  4 22:14:10 2026] cdrom: Uniform CD-ROM driver Revision: 3.20\n[Sat Jul  4 22:14:10 2026] sr 0:0:0:0: Attached scsi CD-ROM sr0\n[Sat Jul  4 22:14:10 2026] EXT4-fs (vda1): orphan cleanup on readonly fs\n[Sat Jul  4 22:14:10 2026] EXT4-fs (vda1): mounted filesystem 1c0ffee5-dead-4bee-8faf-0000deadbeef ro with ordered data mode. Quota mode: none.\n[Sat Jul  4 22:14:10 2026] Not activating Mandatory Access Control as /sbin/tomoyo-init does not exist.\n[Sat
Jul  4 22:14:10 2026] systemd[1]: Inserted module 'autofs4'\n[Sat
Jul  4 22:14:10 2026] systemd[1]: systemd 257.9-1~deb13u1 running in system mode (+PAM +AUDIT +SELINUX +APPARMOR +IMA +IPE +SMACK +SECCOMP +GCRYPT -GNUTLS +OPENSSL +ACL +BLKID +CURL +ELFUTILS +FIDO2 +IDN2 -IDN +IPTC +KMOD +LIBCRYPTSETUP +LIBCRYPTSETUP_PLUGINS +LIBFDISK +PCRE2 +PWQUALITY +P11KIT +QRENCODE +TPM2 +BZIP2 +LZ4 +XZ +ZLIB +ZSTD +BPF_FRAMEWORK +BTF -XKBCOMMON -UTMP +SYSVINIT +LIBARCHIVE)\n[Sat
Jul  4 22:14:10 2026] systemd[1]: Detected virtualization qemu.\n[Sat
Jul  4 22:14:10 2026] systemd[1]: Detected architecture arm64.\n[Sat
Jul  4 22:14:10 2026] systemd[1]: Hostname set to <bity>.\n[Sat
Jul  4 22:14:10 2026] systemd[1]: bpf-restrict-fs: LSM BPF program attached\n[Sat
Jul  4 22:14:10 2026] NET: Registered PF_VSOCK protocol family\n[Sat
Jul  4 22:14:10 2026] systemd[1]: Queued start job for default target graphical.target.\n[Sat
Jul  4 22:14:10 2026] systemd[1]: Created slice system-getty.slice - Slice /system/getty.\n[Sat
Jul  4 22:14:10 2026] systemd[1]: Created slice system-modprobe.slice - Slice /system/modprobe.\n[Sat
Jul  4 22:14:10 2026] systemd[1]: Created slice system-serial\\x2dgetty.slice - Slice /system/serial-getty.\n[Sat
Jul  4 22:14:10 2026] systemd[1]: Created slice system-systemd\\x2dfsck.slice - Slice /system/systemd-fsck.\n[Sat
Jul  4 22:14:10 2026] systemd[1]: Created slice user.slice - User and Session Slice.\n[Sat
Jul  4 22:14:10 2026] systemd[1]: Started systemd-ask-password-console.path - Dispatch Password Requests to Console Directory Watch.\n[Sat
Jul  4 22:14:10 2026] systemd[1]: Started systemd-ask-password-wall.path - Forward Password Requests to Wall Directory Watch.\n[Sat
Jul  4 22:14:10 2026] systemd[1]: Set up automount proc-sys-fs-binfmt_misc.automount - Arbitrary Executable File Formats File System Automount Point.\n[Sat
Jul  4 22:14:10 2026] systemd[1]: Expecting device dev-disk-by\\x2dpartuuid-61c63606\\x2d03a2\\x2d4056\\x2d864b\\x2d648d9f493707.device - /dev/disk/by-partuuid/1c0ffee5-dead-4bee-8faf-0000deadbeef...\n[Sat
Jul  4 22:14:10 2026] systemd[1]: Expecting device dev-hvc0.device - /dev/hvc0...\n[Sat
Jul  4 22:14:10 2026] systemd[1]: Expecting device dev-ttyAMA0.device - /dev/ttyAMA0...\n[Sat
Jul  4 22:14:10 2026] systemd[1]: Reached target paths.target - Path Units.\n[Sat
Jul  4 22:14:10 2026] systemd[1]: Reached target remote-fs.target - Remote File Systems.\n[Sat
Jul  4 22:14:10 2026] systemd[1]: Reached target slices.target - Slice Units.\n[Sat
Jul  4 22:14:10 2026] systemd[1]: Reached target swap.target - Swaps.\n[Sat
Jul  4 22:14:10 2026] systemd[1]: Listening on systemd-creds.socket - Credential Encryption/Decryption.\n[Sat
Jul  4 22:14:10 2026] systemd[1]: Listening on systemd-initctl.socket - initctl Compatibility Named Pipe.\n[Sat
Jul  4 22:14:10 2026] systemd[1]: Listening on systemd-journald-dev-log.socket - Journal Socket (/dev/log).\n[Sat
Jul  4 22:14:10 2026] systemd[1]: Listening on systemd-journald.socket - Journal Sockets.\n[Sat
Jul  4 22:14:10 2026] systemd[1]: Listening on systemd-networkd.socket - Network Service Netlink Socket.\n[Sat
Jul  4 22:14:10 2026] systemd[1]: systemd-pcrextend.socket - TPM PCR Measurements was skipped because of an unmet condition check (ConditionSecurity=measured-uki).\n[Sat
Jul  4 22:14:10 2026] systemd[1]: systemd-pcrlock.socket - Make TPM PCR Policy was skipped because of an unmet condition check (ConditionSecurity=measured-uki).\n[Sat
Jul  4 22:14:10 2026] systemd[1]: Listening on systemd-udevd-control.socket - udev Control Socket.\n[Sat
Jul  4 22:14:10 2026] systemd[1]: Listening on systemd-udevd-kernel.socket - udev Kernel Socket.\n[Sat
Jul  4 22:14:10 2026] systemd[1]: Mounting dev-hugepages.mount - Huge Pages File System...\n[Sat
Jul  4 22:14:10 2026] systemd[1]: Mounting dev-mqueue.mount - POSIX Message Queue File System...\n[Sat
Jul  4 22:14:10 2026] systemd[1]: Mounting run-lock.mount - Legacy Locks Directory /run/lock...\n[Sat
Jul  4 22:14:10 2026] systemd[1]: Mounting sys-kernel-debug.mount - Kernel Debug File System...\n[Sat
Jul  4 22:14:10 2026] systemd[1]: Mounting sys-kernel-tracing.mount - Kernel Trace File System...\n[Sat
Jul  4 22:14:10 2026] systemd[1]: Mounting tmp.mount - Temporary Directory /tmp...\n[Sat
Jul  4 22:14:10 2026] systemd[1]: Starting kmod-static-nodes.service - Create List of Static Device Nodes...\n[Sat
Jul  4 22:14:10 2026] systemd[1]: Starting modprobe@configfs.service - Load Kernel Module configfs...\n[Sat
Jul  4 22:14:10 2026] systemd[1]: Starting modprobe@drm.service - Load Kernel Module drm...\n[Sat
Jul  4 22:14:10 2026] systemd[1]: Starting modprobe@efi_pstore.service - Load Kernel Module efi_pstore...\n[Sat
Jul  4 22:14:10 2026] systemd[1]: Starting modprobe@fuse.service - Load Kernel Module fuse...\n[Sat
Jul  4 22:14:10 2026] systemd[1]: netplan-ovs-cleanup.service - OpenVSwitch configuration for cleanup was skipped because of an unmet condition check (ConditionFileIsExecutable=/usr/bin/ovs-vsctl).\n[Sat
Jul  4 22:14:10 2026] systemd[1]: systemd-fsck-root.service - File System Check on Root Device was skipped because of an unmet condition check (ConditionPathExists=!/run/initramfs/fsck-root).\n[Sat
Jul  4 22:14:10 2026] systemd[1]: systemd-hibernate-clear.service - Clear Stale Hibernate Storage Info was skipped because of an unmet condition check (ConditionPathExists=/sys/firmware/efi/efivars/HibernateLocation-1c0ffee5-dead-4bee-8faf-0000deadbeef).\n[Sat
Jul  4 22:14:10 2026] pstore: Using crash dump compression: deflate\n[Sat
Jul  4 22:14:10 2026] systemd[1]: Starting systemd-journald.service - Journal Service...\n[Sat
Jul  4 22:14:10 2026] pstore: Registered efi_pstore as persistent store backend\n[Sat
Jul  4 22:14:10 2026] systemd[1]: Starting systemd-modules-load.service - Load Kernel Modules...\n[Sat
Jul  4 22:14:10 2026] systemd[1]: Starting systemd-network-generator.service - Generate network units from Kernel command line...\n[Sat
Jul  4 22:14:10 2026] systemd[1]: systemd-pcrmachine.service - TPM PCR Machine ID Measurement was skipped because of an unmet condition check (ConditionSecurity=measured-uki).\n[Sat
Jul  4 22:14:10 2026] systemd[1]: Starting systemd-remount-fs.service - Remount Root and Kernel File Systems...\n[Sat
Jul  4 22:14:10 2026] systemd[1]: systemd-tpm2-setup-early.service - Early TPM SRK Setup was skipped because of an unmet condition check (ConditionSecurity=measured-uki).\n[Sat
Jul  4 22:14:10 2026] systemd[1]: Starting systemd-udev-load-credentials.service - Load udev Rules from Credentials...\n[Sat
Jul  4 22:14:10 2026] systemd[1]: Starting systemd-udev-trigger.service - Coldplug All udev Devices...\n[Sat
Jul  4 22:14:10 2026] systemd-journald[308]: Collecting audit messages is disabled.\n[Sat
Jul  4 22:14:10 2026] systemd[1]: Mounted dev-hugepages.mount - Huge Pages File System.\n[Sat
Jul  4 22:14:10 2026] systemd[1]: Mounted dev-mqueue.mount - POSIX Message Queue File System.\n[Sat
Jul  4 22:14:10 2026] systemd[1]: Mounted run-lock.mount - Legacy Locks Directory /run/lock.\n[Sat
Jul  4 22:14:10 2026] systemd[1]: Mounted sys-kernel-debug.mount - Kernel Debug File System.\n[Sat
Jul  4 22:14:10 2026] systemd[1]: Mounted sys-kernel-tracing.mount - Kernel Trace File System.\n[Sat
Jul  4 22:14:10 2026] systemd[1]: Mounted tmp.mount - Temporary Directory /tmp.\n[Sat
Jul  4 22:14:10 2026] systemd[1]: Finished kmod-static-nodes.service - Create List of Static Device Nodes.\n[Sat Jul  4 22:14:10 2026] EXT4-fs (vda1): re-mounted 1c0ffee5-dead-4bee-8faf-0000deadbeef r/w.\n[Sat
Jul  4 22:14:10 2026] systemd[1]: Started systemd-journald.service - Journal Service.\n[Sat Jul  4 22:14:10 2026] EXT4-fs (vda1): resizing filesystem from 26181627 to 26181627 blocks\n[Sat
Jul  4 22:14:10 2026] systemd-journald[308]: Received client request to flush runtime journal.\n[Sat Jul  4 22:14:10 2026] virtio_net virtio1 eth0: renamed from enp0s2\n[Sat Jul  4 22:14:10 2026] sr 0:0:0:0: Attached scsi generic sg0 type 5\n[Sat Jul  4 22:14:11 2026] ISO 9660 Extensions: IEEE_P1282\n[Sat
Jul  4 22:14:11 2026] audit: type=1400 audit(1783228453.296:2): apparmor=\"STATUS\" operation=\"profile_load\" profile=\"unconfined\" name=\"1password\" pid=477 comm=\"apparmor_parser\"\n[Sat
Jul  4 22:14:11 2026] audit: type=1400 audit(1783228453.296:3): apparmor=\"STATUS\" operation=\"profile_load\" profile=\"unconfined\" name=\"Discord\" pid=478 comm=\"apparmor_parser\"\n[Sat
Jul  4 22:14:11 2026] audit: type=1400 audit(1783228453.296:4): apparmor=\"STATUS\" operation=\"profile_load\" profile=\"unconfined\" name=4D6F6E676F444220436F6D70617373 pid=479 comm=\"apparmor_parser\"\n[Sat
Jul  4 22:14:11 2026] audit: type=1400 audit(1783228453.296:5): apparmor=\"STATUS\" operation=\"profile_load\" profile=\"unconfined\" name=\"QtWebEngineProcess\" pid=480 comm=\"apparmor_parser\"\n[Sat
Jul  4 22:14:11 2026] audit: type=1400 audit(1783228453.296:6): apparmor=\"STATUS\" operation=\"profile_load\" profile=\"unconfined\" name=\"brave\" pid=486 comm=\"apparmor_parser\"\n[Sat
Jul  4 22:14:11 2026] audit: type=1400 audit(1783228453.296:7): apparmor=\"STATUS\" operation=\"profile_load\" profile=\"unconfined\" name=\"balena-etcher\" pid=485 comm=\"apparmor_parser\"\n[Sat
Jul  4 22:14:11 2026] audit: type=1400 audit(1783228453.296:8): apparmor=\"STATUS\" operation=\"profile_load\" profile=\"unconfined\" name=\"buildah\" pid=487 comm=\"apparmor_parser\"\n[Sat
Jul  4 22:14:11 2026] audit: type=1400 audit(1783228453.296:9): apparmor=\"STATUS\" operation=\"profile_load\" profile=\"unconfined\" name=\"busybox\" pid=488 comm=\"apparmor_parser\"\n[Sat
Jul  4 22:14:11 2026] audit: type=1400 audit(1783228453.296:10): apparmor=\"STATUS\" operation=\"profile_load\" profile=\"unconfined\" name=\"cam\" pid=489 comm=\"apparmor_parser\"\n[Sat Jul  4 22:14:12 2026] ISO 9660 Extensions: IEEE_P1282\n[Sat
Jul  4 22:14:12 2026] tun: Universal TUN/TAP device driver, 1.6\n[Sat
Jul  4 22:14:12 2026] bridge: filtering via arp/ip/ip6tables is no longer available by default. Update your scripts to load br_netfilter if you need this.\n[Sat
Jul  4 22:14:15 2026] overlayfs: failed to set xattr on upper\n[Sat
Jul  4 22:14:15 2026] overlayfs: ...falling back to redirect_dir=nofollow.\n[Sat
Jul  4 22:14:15 2026] overlayfs: ...falling back to uuid=null.\n[Sat
Jul  4 22:14:15 2026] overlayfs: try mounting with 'userxattr' option\n[Sat
Jul  4 22:14:15 2026] buildkit0: port 1(vetha23c2aff) entered blocking state\n[Sat
Jul  4 22:14:15 2026] buildkit0: port 1(vetha23c2aff) entered disabled state\n[Sat
Jul  4 22:14:15 2026] vetha23c2aff: entered allmulticast mode\n[Sat
Jul  4 22:14:15 2026] vetha23c2aff: entered promiscuous mode\n[Sat
Jul  4 22:14:15 2026] buildkit0: port 1(vetha23c2aff) entered blocking state\n[Sat
Jul  4 22:14:15 2026] buildkit0: port 1(vetha23c2aff) entered forwarding state\n[Sat
Jul  4 22:14:23 2026] systemd-journald[308]: Time jumped backwards, rotating.\n"}
{"system":"lima/debian-13 (qemu,aarch64)","cat":"dmesg","cmd":"dmesg --level=err,warn","exit":0,"output":"[    0.265557] sr 0:0:0:0: Power-on or device reset occurred\n[    5.344627] overlayfs: failed to set xattr on upper\n[    5.345004] overlayfs: ...falling back to redirect_dir=nofollow.\n[    5.345390] overlayfs: ...falling back to uuid=null.\n"}
{"system":"lima/debian-13 (qemu,aarch64)","cat":"dmesg","cmd":"dmesg | tail -n 40","exit":0,"output":"[    0.816275] systemd[1]: Starting systemd-udev-load-credentials.service - Load udev Rules from Credentials...\n[    0.817846] systemd[1]: Starting systemd-udev-trigger.service - Coldplug All udev Devices...\n[    0.819140] systemd-journald[308]: Collecting audit messages is disabled.\n[    0.820670] systemd[1]: Mounted dev-hugepages.mount - Huge Pages File System.\n[    0.821847] systemd[1]: Mounted dev-mqueue.mount - POSIX Message Queue File System.\n[    0.822647] systemd[1]: Mounted run-lock.mount - Legacy Locks Directory /run/lock.\n[    0.823264] systemd[1]: Mounted sys-kernel-debug.mount - Kernel Debug File System.\n[    0.823889] systemd[1]: Mounted sys-kernel-tracing.mount - Kernel Trace File System.\n[    0.824460] systemd[1]: Mounted tmp.mount - Temporary Directory /tmp.\n[    0.825048] systemd[1]: Finished kmod-static-nodes.service - Create List of Static Device Nodes.\n[    0.826035] EXT4-fs (vda1): re-mounted 1c0ffee5-dead-4bee-8faf-0000deadbeef r/w.\n[    0.826928] systemd[1]: Started systemd-journald.service - Journal Service.\n[    0.863646] EXT4-fs (vda1): resizing filesystem from 26181627 to 26181627 blocks\n[    0.864693] systemd-journald[308]: Received client request to flush runtime journal.\n[    0.929732] virtio_net virtio1 eth0: renamed from enp0s2\n[    0.937033] sr 0:0:0:0: Attached scsi generic sg0 type 5\n[    1.180258] ISO 9660 Extensions: IEEE_P1282\n[    1.941803] audit: type=1400 audit(1783228453.296:2): apparmor=\"STATUS\" operation=\"profile_load\" profile=\"unconfined\" name=\"1password\" pid=477 comm=\"apparmor_parser\"\n[    1.943734] audit: type=1400 audit(1783228453.296:3): apparmor=\"STATUS\" operation=\"profile_load\" profile=\"unconfined\" name=\"Discord\" pid=478 comm=\"apparmor_parser\"\n[    1.946516] audit: type=1400 audit(1783228453.296:4): apparmor=\"STATUS\" operation=\"profile_load\" profile=\"unconfined\" name=4D6F6E676F444220436F6D70617373 pid=479 comm=\"apparmor_parser\"\n[    1.948134] audit: type=1400 audit(1783228453.296:5): apparmor=\"STATUS\" operation=\"profile_load\" profile=\"unconfined\" name=\"QtWebEngineProcess\" pid=480 comm=\"apparmor_parser\"\n[    1.950235] audit: type=1400 audit(1783228453.296:6): apparmor=\"STATUS\" operation=\"profile_load\" profile=\"unconfined\" name=\"brave\" pid=486 comm=\"apparmor_parser\"\n[    1.951720] audit: type=1400 audit(1783228453.296:7): apparmor=\"STATUS\" operation=\"profile_load\" profile=\"unconfined\" name=\"balena-etcher\" pid=485 comm=\"apparmor_parser\"\n[    1.953321] audit: type=1400 audit(1783228453.296:8): apparmor=\"STATUS\" operation=\"profile_load\" profile=\"unconfined\" name=\"buildah\" pid=487 comm=\"apparmor_parser\"\n[    1.954417] audit: type=1400 audit(1783228453.296:9): apparmor=\"STATUS\" operation=\"profile_load\" profile=\"unconfined\" name=\"busybox\" pid=488 comm=\"apparmor_parser\"\n[    1.955371] audit: type=1400 audit(1783228453.296:10): apparmor=\"STATUS\" operation=\"profile_load\" profile=\"unconfined\" name=\"cam\" pid=489 comm=\"apparmor_parser\"\n[    2.928684] ISO 9660 Extensions: IEEE_P1282\n[    2.941967] tun: Universal TUN/TAP device driver, 1.6\n[    2.959932] bridge: filtering via arp/ip/ip6tables is no longer available by default. Update your scripts to load br_netfilter if you need this.\n[    5.344627] overlayfs: failed to set xattr on upper\n[    5.345004] overlayfs: ...falling back to redirect_dir=nofollow.\n[    5.345390] overlayfs: ...falling back to uuid=null.\n[    5.345908] overlayfs: try mounting with 'userxattr' option\n[    5.407828] buildkit0: port 1(vetha23c2aff) entered blocking state\n[    5.408242] buildkit0: port 1(vetha23c2aff) entered disabled state\n[    5.408481] vetha23c2aff: entered allmulticast mode\n[    5.408690] vetha23c2aff: entered promiscuous mode\n[    5.416765] buildkit0: port 1(vetha23c2aff) entered blocking state\n[    5.417040] buildkit0: port 1(vetha23c2aff) entered forwarding state\n[   13.166689] systemd-journald[308]: Time jumped backwards, rotating.\n"}
{"system":"lima/debian-13 (qemu,aarch64)","cat":"dmesg","cmd":"dmesg | grep -iE 'memory|Memory' | head -n 20","exit":0,"output":"[    0.000000] Early memory node ranges\n[    0.002382] Memory: 3922824K/4194304K available (14208K kernel code, 2774K rwdata, 10740K rodata, 2112K init, 908K bss, 201300K reserved, 65536K cma-reserved)\n[    0.002949] DMI: Memory slots populated: 1/1\n[    0.111088] Freeing initrd memory: 17808K\n[    0.174332] Freeing unused kernel memory: 2112K\n"}
{"system":"lima/debian-13 (qemu,aarch64)","cat":"dmesg","cmd":"dmesg | grep -iE 'cpu|smp|clock' | head -n 20","exit":0,"output":"[    0.000000] Booting Linux on physical CPU 0x0000000000 [0x610f0000]\n[    0.000000] Linux version 6.12.74+deb13+1-cloud-arm64 (debian-kernel@lists.debian.org) (aarch64-linux-gnu-gcc-14 (Debian 14.2.0-19) 14.2.0, GNU ld (GNU Binutils for Debian) 2.44) #1 SMP Debian 6.12.74-2 (2026-03-08)\n[    0.000000] percpu: Embedded 34 pages/cpu s99800 r8192 d31272 u139264\n[    0.000000] pcpu-alloc: s99800 r8192 d31272 u139264 alloc=34*4096\n[    0.000000] pcpu-alloc: [0] 0 [0] 1 [0] 2 [0] 3 \n[    0.000000] Detected PIPT I-cache on CPU0\n[    0.000000] CPU features: detected: Address authentication (IMP DEF algorithm)\n[    0.000000] CPU features: detected: Spectre-v4\n[    0.000000] CPU features: detected: Spectre-BHB\n[    0.000000] SLUB: HWalign=64, Order=0-3, MinObjects=0, CPUs=4, Nodes=1\n[    0.000000] rcu: \tRCU restricting CPUs from NR_CPUS=512 to nr_cpu_ids=4.\n[    0.000000] rcu: Adjusting geometry for rcu_fanout_leaf=16, nr_cpu_ids=4\n[    0.000000] RCU Tasks Rude: Setting shift to 2 and lim to 1 rcu_task_cb_adjust=1 rcu_task_cpu_ids=4.\n[    0.000000] RCU Tasks Trace: Setting shift to 2 and lim to 1 rcu_task_cb_adjust=1 rcu_task_cpu_ids=4.\n[    0.000000] clocksource: arch_sys_counter: mask: 0xffffffffffffff max_cycles: 0x588fe9dc0, max_idle_ns: 440795202592 ns\n[    0.000000] sched_clock: 56 bits at 24MHz, resolution 41ns, wraps every 4398046511097ns\n[    0.000634] smp: Bringing up secondary CPUs ...\n[    0.000766] Detected PIPT I-cache on CPU1\n[    0.000829] CPU1: Booted secondary processor 0x0000000001 [0x610f0000]\n[    0.001032] Detected PIPT I-cache on CPU2\n"}
{"system":"lima/debian-13 (qemu,aarch64)","cat":"dmesg","cmd":"dmesg | grep -iE 'virtio|scsi|blk|net|eth' | head -n 25","exit":0,"output":"[    0.000000] psci: probing for conduit method from ACPI.\n[    0.003718] NET: Registered PF_NETLINK/PF_ROUTE protocol family\n[    0.004170] audit: initializing netlink subsys (disabled)\n[    0.064166] NetLabel: Initializing\n[    0.064278] NetLabel:  domain hash size = 128\n[    0.064419] NetLabel:  protocols = UNLABELED CIPSOv4 CALIPSO\n[    0.064607] NetLabel:  unlabeled traffic allowed by default\n[    0.070158] NET: Registered PF_INET protocol family\n[    0.077552] NET: Registered PF_UNIX/PF_LOCAL protocol family\n[    0.077756] NET: Registered PF_XDP protocol family\n[    0.113376] Block layer SCSI generic (bsg) driver version 0.4 loaded (major 246)\n[    0.116121] virtio-pci 0000:00:01.0: enabling device (0005 -> 0007)\n[    0.116784] virtio-pci 0000:00:02.0: enabling device (0005 -> 0007)\n[    0.117452] virtio-pci 0000:00:03.0: enabling device (0005 -> 0007)\n[    0.117893] virtio-pci 0000:00:05.0: enabling device (0005 -> 0007)\n[    0.118342] virtio-pci 0000:00:06.0: enabling device (0005 -> 0007)\n[    0.143727] NET: Registered PF_INET6 protocol family\n[    0.146203] NET: Registered PF_PACKET protocol family\n[    0.236609] virtio_blk virtio4: 4/0/0 default/read/poll queues\n[    0.237198] virtio_blk virtio4: [vda] 209715200 512-byte logical blocks (107 GB/100 GiB)\n[    0.239653] SCSI subsystem initialized\n[    0.242689] virtio_net virtio1 enp0s2: renamed from eth0\n[    0.242711] virtio_scsi virtio0: 4/0/0 default/read/poll queues\n[    0.246182] scsi host0: Virtio SCSI HBA\n[    0.246863] scsi 0:0:0:0: CD-ROM            QEMU     QEMU CD-ROM      2.5+ PQ: 0 ANSI: 5\n"}
